lala@DESKTOP-ND6E6A3:/mnt/c/Users/laura/Documents/BA_SH/AutoPasJulia/AutoPas/build$ make
[ 19%] Built target harmony_bundled
[ 23%] Built target fakedlclose
[ 42%] Built target spdlog
[ 88%] Built target autopas
[ 92%] Built target autopasTools
[ 95%] Building CXX object examples/md-julia/CMakeFiles/julia_bindings.dir/src/bindings.cpp.o
In file included from /mnt/c/Users/laura/Documents/BA_SH/AutoPasJulia/AutoPas/examples/md-julia/src/bindings.cpp:10:
/mnt/c/Users/laura/Documents/BA_SH/AutoPasJulia/AutoPas/examples/md-julia/src/MoleculeJ.h: In constructor ‘MoleculeJ<floatType>::MoleculeJ(jlcxx::ArrayRef<floatType, 1>, jlcxx::ArrayRef<floatType, 1>, long unsigned int, long unsigned int)’:
/mnt/c/Users/laura/Documents/BA_SH/AutoPasJulia/AutoPas/examples/md-julia/src/MoleculeJ.h:35:9: error: there are no arguments to ‘setID’ that depend on a template parameter, so a declaration of ‘setID’ must be available [-fpermissive]
   35 |         setID(moleculeId);
      |         ^~~~~
/mnt/c/Users/laura/Documents/BA_SH/AutoPasJulia/AutoPas/examples/md-julia/src/MoleculeJ.h:35:9: note: (if you use ‘-fpermissive’, G++ will accept your code, but allowing the use of an undeclared name is deprecated)
/mnt/c/Users/laura/Documents/BA_SH/AutoPasJulia/AutoPas/examples/md-julia/src/MoleculeJ.h:36:9: error: there are no arguments to ‘setTypeId’ that depend on a template parameter, so a declaration of ‘setTypeId’ must be available [-fpermissive]
   36 |         setTypeId(typeId);
      |         ^~~~~~~~~
/mnt/c/Users/laura/Documents/BA_SH/AutoPasJulia/AutoPas/examples/md-julia/src/MoleculeJ.h: In member function ‘void MoleculeJ<floatType>::setPosition(jlcxx::ArrayRef<floatType, 1>)’:
/mnt/c/Users/laura/Documents/BA_SH/AutoPasJulia/AutoPas/examples/md-julia/src/MoleculeJ.h:49:30: error: ‘::ParticleBase’ has not been declared
   49 |         autopas::MoleculeLJ::ParticleBase::setR({pos[0], pos[1], pos[2]});
      |                              ^~~~~~~~~~~~
/mnt/c/Users/laura/Documents/BA_SH/AutoPasJulia/AutoPas/examples/md-julia/src/MoleculeJ.h:49:48: error: qualified-id in declaration before ‘(’ token
   49 |         autopas::MoleculeLJ::ParticleBase::setR({pos[0], pos[1], pos[2]});
      |                                                ^
/mnt/c/Users/laura/Documents/BA_SH/AutoPasJulia/AutoPas/examples/md-julia/src/MoleculeJ.h:49:73: error: expected primary-expression before ‘)’ token
   49 |         autopas::MoleculeLJ::ParticleBase::setR({pos[0], pos[1], pos[2]});
      |                                                                         ^
/mnt/c/Users/laura/Documents/BA_SH/AutoPasJulia/AutoPas/examples/md-julia/src/MoleculeJ.h: In member function ‘jlcxx::ArrayRef<double, 1> MoleculeJ<floatType>::getPosition()’:
/mnt/c/Users/laura/Documents/BA_SH/AutoPasJulia/AutoPas/examples/md-julia/src/MoleculeJ.h:77:17: error: ‘_r’ was not declared in this scope
   77 |         return {_r.data(), autopas::MoleculeLJ::_r.size()};
      |                 ^~
/mnt/c/Users/laura/Documents/BA_SH/AutoPasJulia/AutoPas/examples/md-julia/src/MoleculeJ.h:77:37: error: ‘template<class floatType> class autopas::MoleculeLJ’ used without template arguments
   77 |         return {_r.data(), autopas::MoleculeLJ::_r.size()};
      |                                     ^~~~~~~~~~
/mnt/c/Users/laura/Documents/BA_SH/AutoPasJulia/AutoPas/examples/md-julia/src/MoleculeJ.h:77:58: error: could not convert ‘{<expression error>, <expression error>}’ from ‘<brace-enclosed initializer list>’ to ‘jlcxx::ArrayRef<double, 1>’
   77 |         return {_r.data(), autopas::MoleculeLJ::_r.size()};
      |                                                          ^
      |                                                          |
      |                                                          <brace-enclosed initializer list>
/mnt/c/Users/laura/Documents/BA_SH/AutoPasJulia/AutoPas/examples/md-julia/src/MoleculeJ.h: In member function ‘jlcxx::ArrayRef<double, 1> MoleculeJ<floatType>::getVelocity()’:
/mnt/c/Users/laura/Documents/BA_SH/AutoPasJulia/AutoPas/examples/md-julia/src/MoleculeJ.h:84:17: error: ‘_v’ was not declared in this scope
   84 |         return {_v.data(), _v.size()};
      |                 ^~
/mnt/c/Users/laura/Documents/BA_SH/AutoPasJulia/AutoPas/examples/md-julia/src/MoleculeJ.h:84:37: error: could not convert ‘{<expression error>, <expression error>}’ from ‘<brace-enclosed initializer list>’ to ‘jlcxx::ArrayRef<double, 1>’
   84 |         return {_v.data(), _v.size()};
      |                                     ^
      |                                     |
      |                                     <brace-enclosed initializer list>
/mnt/c/Users/laura/Documents/BA_SH/AutoPasJulia/AutoPas/examples/md-julia/src/MoleculeJ.h: In member function ‘jlcxx::ArrayRef<double, 1> MoleculeJ<floatType>::getForce()’:
/mnt/c/Users/laura/Documents/BA_SH/AutoPasJulia/AutoPas/examples/md-julia/src/MoleculeJ.h:91:17: error: ‘_f’ was not declared in this scope
   91 |         return {_f.data(), _f.size()};
      |                 ^~
/mnt/c/Users/laura/Documents/BA_SH/AutoPasJulia/AutoPas/examples/md-julia/src/MoleculeJ.h:91:37: error: could not convert ‘{<expression error>, <expression error>}’ from ‘<brace-enclosed initializer list>’ to ‘jlcxx::ArrayRef<double, 1>’
   91 |         return {_f.data(), _f.size()};
      |                                     ^
      |                                     |
      |                                     <brace-enclosed initializer list>
/mnt/c/Users/laura/Documents/BA_SH/AutoPasJulia/AutoPas/examples/md-julia/src/MoleculeJ.h: In member function ‘jlcxx::ArrayRef<floatType, 1> MoleculeJ<floatType>::getOldForce()’:
/mnt/c/Users/laura/Documents/BA_SH/AutoPasJulia/AutoPas/examples/md-julia/src/MoleculeJ.h:98:17: error: ‘_oldF’ was not declared in this scope
   98 |         return {_oldF.data(), _oldF.size()};
      |                 ^~~~~
In file included from /mnt/c/Users/laura/Documents/BA_SH/AutoPasJulia/AutoPas/examples/md-julia/src/./bindings/Bindings.h:10,
                 from /mnt/c/Users/laura/Documents/BA_SH/AutoPasJulia/AutoPas/examples/md-julia/src/bindings.cpp:12:
/mnt/c/Users/laura/Documents/BA_SH/AutoPasJulia/AutoPas/examples/md-julia/src/./bindings/ParticleBindings.h: In instantiation of ‘void WrapMoleculeJ::operator()(floatType&&) [with floatType = jlcxx::TypeWrapper<MoleculeJ<double> >]’:
/mnt/c/Users/laura/Documents/test_ordner/libcxxwrap-julia/include/jlcxx/module.hpp:1105:15:   required from ‘int jlcxx::TypeWrapper<T>::apply_internal(FunctorT&&) [with AppliedT = MoleculeJ<double>; FunctorT = WrapMoleculeJ; T = jlcxx::Parametric<jlcxx::TypeVar<1> >]’/mnt/c/Users/laura/Documents/test_ordner/libcxxwrap-julia/include/jlcxx/module.hpp:1054:63:   required from ‘jlcxx::TypeWrapper<T>& jlcxx::TypeWrapper<T>::apply(FunctorT&&) [with AppliedTypesT = {MoleculeJ<double>}; FunctorT = WrapMoleculeJ; T = jlcxx::Parametric<jlcxx::TypeVar<1> >]’
/mnt/c/Users/laura/Documents/BA_SH/AutoPasJulia/AutoPas/examples/md-julia/src/./bindings/ParticleBindings.h:89:38:   required from here
/mnt/c/Users/laura/Documents/BA_SH/AutoPasJulia/AutoPas/examples/md-julia/src/./bindings/ParticleBindings.h:48:39: error: ‘addVelocit
’ is not a member of ‘WrappedT’ {aka ‘MoleculeJ<double>’}
   48 |         wrapped.method("addVelocity", &WrappedT::addVelocity);
      |                                       ^~~~~~~~~~~~~~~~~~~~~~
In file included from /mnt/c/Users/laura/Documents/BA_SH/AutoPasJulia/AutoPas/examples/md-julia/src/bindings.cpp:10:
/mnt/c/Users/laura/Documents/BA_SH/AutoPasJulia/AutoPas/examples/md-julia/src/MoleculeJ.h: In instantiation of ‘void MoleculeJ<floatType>::setVelocity(jlcxx::ArrayRef<floatType, 1>) [with floatType = double]’:
/mnt/c/Users/laura/Documents/BA_SH/AutoPasJulia/AutoPas/examples/md-julia/src/./bindings/ParticleBindings.h:34:39:   required from ‘void WrapMoleculeJ::operator()(floatType&&) [with floatType = jlcxx::TypeWrapper<MoleculeJ<double> >]’
/mnt/c/Users/laura/Documents/test_ordner/libcxxwrap-julia/include/jlcxx/module.hpp:1105:15:   required from ‘int jlcxx::TypeWrapper<T>::apply_internal(FunctorT&&) [with AppliedT = MoleculeJ<double>; FunctorT = WrapMoleculeJ; T = jlcxx::Parametric<jlcxx::TypeVar<1> >]’/mnt/c/Users/laura/Documents/test_ordner/libcxxwrap-julia/include/jlcxx/module.hpp:1054:63:   required from ‘jlcxx::TypeWrapper<T>& jlcxx::TypeWrapper<T>::apply(FunctorT&&) [with AppliedTypesT = {MoleculeJ<double>}; FunctorT = WrapMoleculeJ; T = jlcxx::Parametric<jlcxx::TypeVar<1> >]’
/mnt/c/Users/laura/Documents/BA_SH/AutoPasJulia/AutoPas/examples/md-julia/src/./bindings/ParticleBindings.h:89:38:   required from here
/mnt/c/Users/laura/Documents/BA_SH/AutoPasJulia/AutoPas/examples/md-julia/src/MoleculeJ.h:56:13: error: ‘setV’ was not declared in this scope, and no declarations were found by argument-dependent lookup at the point of instantiation [-fpermissive]
   56 |         setV({v[0], v[1], v[2]});
      |         ~~~~^~~~~~~~~~~~~~~~~~~~
/mnt/c/Users/laura/Documents/BA_SH/AutoPasJulia/AutoPas/examples/md-julia/src/MoleculeJ.h:56:13: note: declarations in dependent base ‘autopas::ParticleBase<double, long unsigned int>’ are not found by unqualified lookup
/mnt/c/Users/laura/Documents/BA_SH/AutoPasJulia/AutoPas/examples/md-julia/src/MoleculeJ.h:56:13: note: use ‘this->setV’ instead
/mnt/c/Users/laura/Documents/BA_SH/AutoPasJulia/AutoPas/examples/md-julia/src/MoleculeJ.h: In instantiation of ‘void MoleculeJ<floatType>::setForce(jlcxx::ArrayRef<floatType, 1>) [with floatType = double]’:
/mnt/c/Users/laura/Documents/BA_SH/AutoPasJulia/AutoPas/examples/md-julia/src/./bindings/ParticleBindings.h:35:36:   required from ‘void WrapMoleculeJ::operator()(floatType&&) [with floatType = jlcxx::TypeWrapper<MoleculeJ<double> >]’
/mnt/c/Users/laura/Documents/test_ordner/libcxxwrap-julia/include/jlcxx/module.hpp:1105:15:   required from ‘int jlcxx::TypeWrapper<T>::apply_internal(FunctorT&&) [with AppliedT = MoleculeJ<double>; FunctorT = WrapMoleculeJ; T = jlcxx::Parametric<jlcxx::TypeVar<1> >]’/mnt/c/Users/laura/Documents/test_ordner/libcxxwrap-julia/include/jlcxx/module.hpp:1054:63:   required from ‘jlcxx::TypeWrapper<T>& jlcxx::TypeWrapper<T>::apply(FunctorT&&) [with AppliedTypesT = {MoleculeJ<double>}; FunctorT = WrapMoleculeJ; T = jlcxx::Parametric<jlcxx::TypeVar<1> >]’
/mnt/c/Users/laura/Documents/BA_SH/AutoPasJulia/AutoPas/examples/md-julia/src/./bindings/ParticleBindings.h:89:38:   required from here
/mnt/c/Users/laura/Documents/BA_SH/AutoPasJulia/AutoPas/examples/md-julia/src/MoleculeJ.h:63:13: error: ‘setF’ was not declared in this scope, and no declarations were found by argument-dependent lookup at the point of instantiation [-fpermissive]
   63 |         setF({f[0], f[1], f[2]});
      |         ~~~~^~~~~~~~~~~~~~~~~~~~
/mnt/c/Users/laura/Documents/BA_SH/AutoPasJulia/AutoPas/examples/md-julia/src/MoleculeJ.h:63:13: note: declarations in dependent base ‘autopas::ParticleBase<double, long unsigned int>’ are not found by unqualified lookup
/mnt/c/Users/laura/Documents/BA_SH/AutoPasJulia/AutoPas/examples/md-julia/src/MoleculeJ.h:63:13: note: use ‘this->setF’ instead
/mnt/c/Users/laura/Documents/BA_SH/AutoPasJulia/AutoPas/examples/md-julia/src/MoleculeJ.h: In instantiation of ‘jlcxx::ArrayRef<floatType, 1> MoleculeJ<floatType>::getOldForce() [with floatType = double]’:
/mnt/c/Users/laura/Documents/BA_SH/AutoPasJulia/AutoPas/examples/md-julia/src/./bindings/ParticleBindings.h:43:39:   required from ‘void WrapMoleculeJ::operator()(floatType&&) [with floatType = jlcxx::TypeWrapper<MoleculeJ<double> >]’
/mnt/c/Users/laura/Documents/test_ordner/libcxxwrap-julia/include/jlcxx/module.hpp:1105:15:   required from ‘int jlcxx::TypeWrapper<T>::apply_internal(FunctorT&&) [with AppliedT = MoleculeJ<double>; FunctorT = WrapMoleculeJ; T = jlcxx::Parametric<jlcxx::TypeVar<1> >]’/mnt/c/Users/laura/Documents/test_ordner/libcxxwrap-julia/include/jlcxx/module.hpp:1054:63:   required from ‘jlcxx::TypeWrapper<T>& jlcxx::TypeWrapper<T>::apply(FunctorT&&) [with AppliedTypesT = {MoleculeJ<double>}; FunctorT = WrapMoleculeJ; T = jlcxx::Parametric<jlcxx::TypeVar<1> >]’
/mnt/c/Users/laura/Documents/BA_SH/AutoPasJulia/AutoPas/examples/md-julia/src/./bindings/ParticleBindings.h:89:38:   required from here
/mnt/c/Users/laura/Documents/BA_SH/AutoPasJulia/AutoPas/examples/md-julia/src/MoleculeJ.h:98:43: error: could not convert ‘{<expression error>, <expression error>}’ from ‘<brace-enclosed initializer list>’ to ‘jlcxx::ArrayRef<double, 1>’
   98 |         return {_oldF.data(), _oldF.size()};
      |                                           ^
      |                                           |
      |                                           <brace-enclosed initializer list>
/mnt/c/Users/laura/Documents/BA_SH/AutoPasJulia/AutoPas/examples/md-julia/src/MoleculeJ.h: In instantiation of ‘void MoleculeJ<floatType>::addPosition(jlcxx::ArrayRef<floatType, 1>) [with floatType = double]’:
/mnt/c/Users/laura/Documents/BA_SH/AutoPasJulia/AutoPas/examples/md-julia/src/./bindings/ParticleBindings.h:47:39:   required from ‘void WrapMoleculeJ::operator()(floatType&&) [with floatType = jlcxx::TypeWrapper<MoleculeJ<double> >]’
/mnt/c/Users/laura/Documents/test_ordner/libcxxwrap-julia/include/jlcxx/module.hpp:1105:15:   required from ‘int jlcxx::TypeWrapper<T>::apply_internal(FunctorT&&) [with AppliedT = MoleculeJ<double>; FunctorT = WrapMoleculeJ; T = jlcxx::Parametric<jlcxx::TypeVar<1> >]’/mnt/c/Users/laura/Documents/test_ordner/libcxxwrap-julia/include/jlcxx/module.hpp:1054:63:   required from ‘jlcxx::TypeWrapper<T>& jlcxx::TypeWrapper<T>::apply(FunctorT&&) [with AppliedTypesT = {MoleculeJ<double>}; FunctorT = WrapMoleculeJ; T = jlcxx::Parametric<jlcxx::TypeVar<1> >]’
/mnt/c/Users/laura/Documents/BA_SH/AutoPasJulia/AutoPas/examples/md-julia/src/./bindings/ParticleBindings.h:89:38:   required from here
/mnt/c/Users/laura/Documents/BA_SH/AutoPasJulia/AutoPas/examples/md-julia/src/MoleculeJ.h:107:13: error: ‘addR’ was not declared in this scope, and no declarations were found by argument-dependent lookup at the point of instantiation [-fpermissive]
  107 |         addR({pos[0], pos[1], pos[2]});
      |         ~~~~^~~~~~~~~~~~~~~~~~~~~~~~~~
/mnt/c/Users/laura/Documents/BA_SH/AutoPasJulia/AutoPas/examples/md-julia/src/MoleculeJ.h:107:13: note: declarations in dependent base ‘autopas::ParticleBase<double, long unsigned int>’ are not found by unqualified lookup
/mnt/c/Users/laura/Documents/BA_SH/AutoPasJulia/AutoPas/examples/md-julia/src/MoleculeJ.h:107:13: note: use ‘this->addR’ instead
^Cmake[2]: *** [examples/md-julia/CMakeFiles/julia_bindings.dir/build.make:76: examples/md-julia/CMakeFiles/julia_bindings.dir/src/bindings.cpp.o] Interrupt
make[1]: *** [CMakeFiles/Makefile2:422: examples/md-julia/CMakeFiles/julia_bindings.dir/all] Interrupt
make: *** [Makefile:101: all] Interrupt

lala@DESKTOP-ND6E6A3:/mnt/c/Users/laura/Documents/BA_SH/AutoPasJulia/AutoPas/build$ make
[ 19%] Built target harmony_bundled
[ 23%] Built target fakedlclose
[ 42%] Built target spdlog
[ 88%] Built target autopas
[ 92%] Built target autopasTools
[ 95%] Building CXX object examples/md-julia/CMakeFiles/julia_bindings.dir/src/bindings.cpp.o
In file included from /mnt/c/Users/laura/Documents/BA_SH/AutoPasJulia/AutoPas/examples/md-julia/src/bindings.cpp:10:
/mnt/c/Users/laura/Documents/BA_SH/AutoPasJulia/AutoPas/examples/md-julia/src/MoleculeJ.h: In constructor ‘MoleculeJ<floatType>::MoleculeJ(jlcxx::ArrayRef<floatType, 1>, jlcxx::ArrayRef<floatType, 1>, long unsigned int, long unsigned int)’:
/mnt/c/Users/laura/Documents/BA_SH/AutoPasJulia/AutoPas/examples/md-julia/src/MoleculeJ.h:35:9: error: there are no arguments to ‘setID’ that depend on a template parameter, so a declaration of ‘setID’ must be available [-fpermissive]
   35 |         setID(moleculeId);
      |         ^~~~~
/mnt/c/Users/laura/Documents/BA_SH/AutoPasJulia/AutoPas/examples/md-julia/src/MoleculeJ.h:35:9: note: (if you use ‘-fpermissive’, G++ will accept your code, but allowing the use of an undeclared name is deprecated)
/mnt/c/Users/laura/Documents/BA_SH/AutoPasJulia/AutoPas/examples/md-julia/src/MoleculeJ.h:36:9: error: there are no arguments to ‘setTypeId’ that depend on a template parameter, so a declaration of ‘setTypeId’ must be available [-fpermissive]
   36 |         setTypeId(typeId);
      |         ^~~~~~~~~
/mnt/c/Users/laura/Documents/BA_SH/AutoPasJulia/AutoPas/examples/md-julia/src/MoleculeJ.h: In member function ‘void MoleculeJ<floatType>::setPosition(jlcxx::ArrayRef<floatType, 1>)’:
/mnt/c/Users/laura/Documents/BA_SH/AutoPasJulia/AutoPas/examples/md-julia/src/MoleculeJ.h:49:34: error: qualified-id in declaration before ‘(’ token
   49 |         autopas::MoleculeLJ::setR({pos[0], pos[1], pos[2]});
      |                                  ^
/mnt/c/Users/laura/Documents/BA_SH/AutoPasJulia/AutoPas/examples/md-julia/src/MoleculeJ.h:49:59: error: expected primary-expression before ‘)’ token
   49 |         autopas::MoleculeLJ::setR({pos[0], pos[1], pos[2]});
      |                                                           ^
/mnt/c/Users/laura/Documents/BA_SH/AutoPasJulia/AutoPas/examples/md-julia/src/MoleculeJ.h: In member function ‘jlcxx::ArrayRef<double, 1> MoleculeJ<floatType>::getPosition()’:
/mnt/c/Users/laura/Documents/BA_SH/AutoPasJulia/AutoPas/examples/md-julia/src/MoleculeJ.h:77:17: error: ‘_r’ was not declared in this scope
   77 |         return {_r.data(), autopas::MoleculeLJ::_r.size()};
      |                 ^~
/mnt/c/Users/laura/Documents/BA_SH/AutoPasJulia/AutoPas/examples/md-julia/src/MoleculeJ.h:77:37: error: ‘template<class floatType> class autopas::MoleculeLJ’ used without template arguments
   77 |         return {_r.data(), autopas::MoleculeLJ::_r.size()};
      |                                     ^~~~~~~~~~
/mnt/c/Users/laura/Documents/BA_SH/AutoPasJulia/AutoPas/examples/md-julia/src/MoleculeJ.h:77:58: error: could not convert ‘{<expression error>, <expression error>}’ from ‘<brace-enclosed initializer list>’ to ‘jlcxx::ArrayRef<double, 1>’
   77 |         return {_r.data(), autopas::MoleculeLJ::_r.size()};
      |                                                          ^
      |                                                          |
      |                                                          <brace-enclosed initializer list>
/mnt/c/Users/laura/Documents/BA_SH/AutoPasJulia/AutoPas/examples/md-julia/src/MoleculeJ.h: In member function ‘jlcxx::ArrayRef<double, 1> MoleculeJ<floatType>::getVelocity()’:
/mnt/c/Users/laura/Documents/BA_SH/AutoPasJulia/AutoPas/examples/md-julia/src/MoleculeJ.h:84:17: error: ‘_v’ was not declared in this scope
   84 |         return {_v.data(), _v.size()};
      |                 ^~
/mnt/c/Users/laura/Documents/BA_SH/AutoPasJulia/AutoPas/examples/md-julia/src/MoleculeJ.h:84:37: error: could not convert ‘{<expression error>, <expression error>}’ from ‘<brace-enclosed initializer list>’ to ‘jlcxx::ArrayRef<double, 1>’
   84 |         return {_v.data(), _v.size()};
      |                                     ^
      |                                     |
      |                                     <brace-enclosed initializer list>
/mnt/c/Users/laura/Documents/BA_SH/AutoPasJulia/AutoPas/examples/md-julia/src/MoleculeJ.h: In member function ‘jlcxx::ArrayRef<double, 1> MoleculeJ<floatType>::getForce()’:
/mnt/c/Users/laura/Documents/BA_SH/AutoPasJulia/AutoPas/examples/md-julia/src/MoleculeJ.h:91:17: error: ‘_f’ was not declared in this scope
   91 |         return {_f.data(), _f.size()};
      |                 ^~
/mnt/c/Users/laura/Documents/BA_SH/AutoPasJulia/AutoPas/examples/md-julia/src/MoleculeJ.h:91:37: error: could not convert ‘{<expression error>, <expression error>}’ from ‘<brace-enclosed initializer list>’ to ‘jlcxx::ArrayRef<double, 1>’
   91 |         return {_f.data(), _f.size()};
      |                                     ^
      |                                     |
      |                                     <brace-enclosed initializer list>
/mnt/c/Users/laura/Documents/BA_SH/AutoPasJulia/AutoPas/examples/md-julia/src/MoleculeJ.h: In member function ‘jlcxx::ArrayRef<floatType, 1> MoleculeJ<floatType>::getOldForce()’:
/mnt/c/Users/laura/Documents/BA_SH/AutoPasJulia/AutoPas/examples/md-julia/src/MoleculeJ.h:98:17: error: ‘_oldF’ was not declared in this scope
   98 |         return {_oldF.data(), _oldF.size()};
      |                 ^~~~~
In file included from /mnt/c/Users/laura/Documents/BA_SH/AutoPasJulia/AutoPas/examples/md-julia/src/./bindings/Bindings.h:10,
                 from /mnt/c/Users/laura/Documents/BA_SH/AutoPasJulia/AutoPas/examples/md-julia/src/bindings.cpp:12:
/mnt/c/Users/laura/Documents/BA_SH/AutoPasJulia/AutoPas/examples/md-julia/src/./bindings/ParticleBindings.h: In instantiation of ‘void WrapMoleculeJ::operator()(floatType&&) [with floatType = jlcxx::TypeWrapper<MoleculeJ<double> >]’:
/mnt/c/Users/laura/Documents/test_ordner/libcxxwrap-julia/include/jlcxx/module.hpp:1105:15:   required from ‘int jlcxx::TypeWrapper<T>::apply_internal(FunctorT&&) [with AppliedT = MoleculeJ<double>; FunctorT = WrapMoleculeJ; T = jlcxx::Parametric<jlcxx::TypeVar<1> >]’
/mnt/c/Users/laura/Documents/test_ordner/libcxxwrap-julia/include/jlcxx/module.hpp:1054:63:   required from ‘jlcxx::TypeWrapper<T>& jlcxx::TypeWrapper<T>::apply(FunctorT&&) [with AppliedTypesT = {MoleculeJ<double>}; FunctorT = WrapMoleculeJ; T = jlcxx::Parametric<jlcxx::TypeVar<1> >]’
/mnt/c/Users/laura/Documents/BA_SH/AutoPasJulia/AutoPas/examples/md-julia/src/./bindings/ParticleBindings.h:89:38:   required from here
/mnt/c/Users/laura/Documents/BA_SH/AutoPasJulia/AutoPas/examples/md-julia/src/./bindings/ParticleBindings.h:48:39: error: ‘addVelocit
’ is not a member of ‘WrappedT’ {aka ‘MoleculeJ<double>’}
   48 |         wrapped.method("addVelocity", &WrappedT::addVelocity);
      |                                       ^~~~~~~~~~~~~~~~~~~~~~
In file included from /mnt/c/Users/laura/Documents/BA_SH/AutoPasJulia/AutoPas/examples/md-julia/src/bindings.cpp:10:
/mnt/c/Users/laura/Documents/BA_SH/AutoPasJulia/AutoPas/examples/md-julia/src/MoleculeJ.h: In instantiation of ‘void MoleculeJ<floatType>::setVelocity(jlcxx::ArrayRef<floatType, 1>) [with floatType = double]’:
/mnt/c/Users/laura/Documents/BA_SH/AutoPasJulia/AutoPas/examples/md-julia/src/./bindings/ParticleBindings.h:34:39:   required from ‘void WrapMoleculeJ::operator()(floatType&&) [with floatType = jlcxx::TypeWrapper<MoleculeJ<double> >]’
/mnt/c/Users/laura/Documents/test_ordner/libcxxwrap-julia/include/jlcxx/module.hpp:1105:15:   required from ‘int jlcxx::TypeWrapper<T>::apply_internal(FunctorT&&) [with AppliedT = MoleculeJ<double>; FunctorT = WrapMoleculeJ; T = jlcxx::Parametric<jlcxx::TypeVar<1> >]’
/mnt/c/Users/laura/Documents/test_ordner/libcxxwrap-julia/include/jlcxx/module.hpp:1054:63:   required from ‘jlcxx::TypeWrapper<T>& jlcxx::TypeWrapper<T>::apply(FunctorT&&) [with AppliedTypesT = {MoleculeJ<double>}; FunctorT = WrapMoleculeJ; T = jlcxx::Parametric<jlcxx::TypeVar<1> >]’
/mnt/c/Users/laura/Documents/BA_SH/AutoPasJulia/AutoPas/examples/md-julia/src/./bindings/ParticleBindings.h:89:38:   required from here
/mnt/c/Users/laura/Documents/BA_SH/AutoPasJulia/AutoPas/examples/md-julia/src/MoleculeJ.h:56:13: error: ‘setV’ was not declared in this scope, and no declarations were found by argument-dependent lookup at the point of instantiation [-fpermissive]
   56 |         setV({v[0], v[1], v[2]});
      |         ~~~~^~~~~~~~~~~~~~~~~~~~
/mnt/c/Users/laura/Documents/BA_SH/AutoPasJulia/AutoPas/examples/md-julia/src/MoleculeJ.h:56:13: note: declarations in dependent base ‘autopas::ParticleBase<double, long unsigned int>’ are not found by unqualified lookup
/mnt/c/Users/laura/Documents/BA_SH/AutoPasJulia/AutoPas/examples/md-julia/src/MoleculeJ.h:56:13: note: use ‘this->setV’ instead
/mnt/c/Users/laura/Documents/BA_SH/AutoPasJulia/AutoPas/examples/md-julia/src/MoleculeJ.h: In instantiation of ‘void MoleculeJ<floatType>::setForce(jlcxx::ArrayRef<floatType, 1>) [with floatType = double]’:
/mnt/c/Users/laura/Documents/BA_SH/AutoPasJulia/AutoPas/examples/md-julia/src/./bindings/ParticleBindings.h:35:36:   required from ‘void WrapMoleculeJ::operator()(floatType&&) [with floatType = jlcxx::TypeWrapper<MoleculeJ<double> >]’
/mnt/c/Users/laura/Documents/test_ordner/libcxxwrap-julia/include/jlcxx/module.hpp:1105:15:   required from ‘int jlcxx::TypeWrapper<T>::apply_internal(FunctorT&&) [with AppliedT = MoleculeJ<double>; FunctorT = WrapMoleculeJ; T = jlcxx::Parametric<jlcxx::TypeVar<1> >]’
/mnt/c/Users/laura/Documents/test_ordner/libcxxwrap-julia/include/jlcxx/module.hpp:1054:63:   required from ‘jlcxx::TypeWrapper<T>& jlcxx::TypeWrapper<T>::apply(FunctorT&&) [with AppliedTypesT = {MoleculeJ<double>}; FunctorT = WrapMoleculeJ; T = jlcxx::Parametric<jlcxx::TypeVar<1> >]’
/mnt/c/Users/laura/Documents/BA_SH/AutoPasJulia/AutoPas/examples/md-julia/src/./bindings/ParticleBindings.h:89:38:   required from here
/mnt/c/Users/laura/Documents/BA_SH/AutoPasJulia/AutoPas/examples/md-julia/src/MoleculeJ.h:63:13: error: ‘setF’ was not declared in this scope, and no declarations were found by argument-dependent lookup at the point of instantiation [-fpermissive]
   63 |         setF({f[0], f[1], f[2]});
      |         ~~~~^~~~~~~~~~~~~~~~~~~~
/mnt/c/Users/laura/Documents/BA_SH/AutoPasJulia/AutoPas/examples/md-julia/src/MoleculeJ.h:63:13: note: declarations in dependent base ‘autopas::ParticleBase<double, long unsigned int>’ are not found by unqualified lookup
/mnt/c/Users/laura/Documents/BA_SH/AutoPasJulia/AutoPas/examples/md-julia/src/MoleculeJ.h:63:13: note: use ‘this->setF’ instead
/mnt/c/Users/laura/Documents/BA_SH/AutoPasJulia/AutoPas/examples/md-julia/src/MoleculeJ.h: In instantiation of ‘jlcxx::ArrayRef<floatType, 1> MoleculeJ<floatType>::getOldForce() [with floatType = double]’:
/mnt/c/Users/laura/Documents/BA_SH/AutoPasJulia/AutoPas/examples/md-julia/src/./bindings/ParticleBindings.h:43:39:   required from ‘void WrapMoleculeJ::operator()(floatType&&) [with floatType = jlcxx::TypeWrapper<MoleculeJ<double> >]’
/mnt/c/Users/laura/Documents/test_ordner/libcxxwrap-julia/include/jlcxx/module.hpp:1105:15:   required from ‘int jlcxx::TypeWrapper<T>::apply_internal(FunctorT&&) [with AppliedT = MoleculeJ<double>; FunctorT = WrapMoleculeJ; T = jlcxx::Parametric<jlcxx::TypeVar<1> >]’
/mnt/c/Users/laura/Documents/test_ordner/libcxxwrap-julia/include/jlcxx/module.hpp:1054:63:   required from ‘jlcxx::TypeWrapper<T>& jlcxx::TypeWrapper<T>::apply(FunctorT&&) [with AppliedTypesT = {MoleculeJ<double>}; FunctorT = WrapMoleculeJ; T = jlcxx::Parametric<jlcxx::TypeVar<1> >]’
/mnt/c/Users/laura/Documents/BA_SH/AutoPasJulia/AutoPas/examples/md-julia/src/./bindings/ParticleBindings.h:89:38:   required from here
/mnt/c/Users/laura/Documents/BA_SH/AutoPasJulia/AutoPas/examples/md-julia/src/MoleculeJ.h:98:43: error: could not convert ‘{<expression error>, <expression error>}’ from ‘<brace-enclosed initializer list>’ to ‘jlcxx::ArrayRef<double, 1>’
   98 |         return {_oldF.data(), _oldF.size()};
      |                                           ^
      |                                           |
      |                                           <brace-enclosed initializer list>
/mnt/c/Users/laura/Documents/BA_SH/AutoPasJulia/AutoPas/examples/md-julia/src/MoleculeJ.h: In instantiation of ‘void MoleculeJ<floatType>::addPosition(jlcxx::ArrayRef<floatType, 1>) [with floatType = double]’:
/mnt/c/Users/laura/Documents/BA_SH/AutoPasJulia/AutoPas/examples/md-julia/src/./bindings/ParticleBindings.h:47:39:   required from ‘void WrapMoleculeJ::operator()(floatType&&) [with floatType = jlcxx::TypeWrapper<MoleculeJ<double> >]’
/mnt/c/Users/laura/Documents/test_ordner/libcxxwrap-julia/include/jlcxx/module.hpp:1105:15:   required from ‘int jlcxx::TypeWrapper<T>::apply_internal(FunctorT&&) [with AppliedT = MoleculeJ<double>; FunctorT = WrapMoleculeJ; T = jlcxx::Parametric<jlcxx::TypeVar<1> >]’
/mnt/c/Users/laura/Documents/test_ordner/libcxxwrap-julia/include/jlcxx/module.hpp:1054:63:   required from ‘jlcxx::TypeWrapper<T>& jlcxx::TypeWrapper<T>::apply(FunctorT&&) [with AppliedTypesT = {MoleculeJ<double>}; FunctorT = WrapMoleculeJ; T = jlcxx::Parametric<jlcxx::TypeVar<1> >]’
/mnt/c/Users/laura/Documents/BA_SH/AutoPasJulia/AutoPas/examples/md-julia/src/./bindings/ParticleBindings.h:89:38:   required from here
/mnt/c/Users/laura/Documents/BA_SH/AutoPasJulia/AutoPas/examples/md-julia/src/MoleculeJ.h:107:13: error: ‘addR’ was not declared in this scope, and no declarations were found by argument-dependent lookup at the point of instantiation [-fpermissive]
  107 |         addR({pos[0], pos[1], pos[2]});
      |         ~~~~^~~~~~~~~~~~~~~~~~~~~~~~~~
/mnt/c/Users/laura/Documents/BA_SH/AutoPasJulia/AutoPas/examples/md-julia/src/MoleculeJ.h:107:13: note: declarations in dependent base ‘autopas::ParticleBase<double, long unsigned int>’ are not found by unqualified lookup
/mnt/c/Users/laura/Documents/BA_SH/AutoPasJulia/AutoPas/examples/md-julia/src/MoleculeJ.h:107:13: note: use ‘this->addR’ instead
^Cmake[2]: *** [examples/md-julia/CMakeFiles/julia_bindings.dir/build.make:76: examples/md-julia/CMakeFiles/julia_bindings.dir/src/bindings.cpp.o] Interrupt
make[1]: *** [CMakeFiles/Makefile2:422: examples/md-julia/CMakeFiles/julia_bindings.dir/all] Interrupt
make: *** [Makefile:101: all] Interrupt

lala@DESKTOP-ND6E6A3:/mnt/c/Users/laura/Documents/BA_SH/AutoPasJulia/AutoPas/build$ ^C
lala@DESKTOP-ND6E6A3:/mnt/c/Users/laura/Documents/BA_SH/AutoPasJulia/AutoPas/build$ make
[ 19%] Built target harmony_bundled
[ 23%] Built target fakedlclose
[ 42%] Built target spdlog
[ 88%] Built target autopas
[ 92%] Built target autopasTools
[ 95%] Building CXX object examples/md-julia/CMakeFiles/julia_bindings.dir/src/bindings.cpp.o
In file included from /mnt/c/Users/laura/Documents/BA_SH/AutoPasJulia/AutoPas/examples/md-julia/src/bindings.cpp:10:
/mnt/c/Users/laura/Documents/BA_SH/AutoPasJulia/AutoPas/examples/md-julia/src/MoleculeJ.h: In constructor ‘MoleculeJ<floatType>::MoleculeJ(jlcxx::ArrayRef<floatType, 1>, jlcxx::ArrayRef<floatType, 1>, long unsigned int, long unsigned int)’:
/mnt/c/Users/laura/Documents/BA_SH/AutoPasJulia/AutoPas/examples/md-julia/src/MoleculeJ.h:35:9: error: there are no arguments to ‘setID’ that depend on a template parameter, so a declaration of ‘setID’ must be available [-fpermissive]
   35 |         setID(moleculeId);
      |         ^~~~~
/mnt/c/Users/laura/Documents/BA_SH/AutoPasJulia/AutoPas/examples/md-julia/src/MoleculeJ.h:35:9: note: (if you use ‘-fpermissive’, G++ will accept your code, but allowing the use of an undeclared name is deprecated)
/mnt/c/Users/laura/Documents/BA_SH/AutoPasJulia/AutoPas/examples/md-julia/src/MoleculeJ.h:36:9: error: there are no arguments to ‘setTypeId’ that depend on a template parameter, so a declaration of ‘setTypeId’ must be available [-fpermissive]
   36 |         setTypeId(typeId);
      |         ^~~~~~~~~
/mnt/c/Users/laura/Documents/BA_SH/AutoPasJulia/AutoPas/examples/md-julia/src/MoleculeJ.h: In member function ‘void MoleculeJ<floatType>::setPosition(jlcxx::ArrayRef<floatType, 1>)’:
/mnt/c/Users/laura/Documents/BA_SH/AutoPasJulia/AutoPas/examples/md-julia/src/MoleculeJ.h:49:34: error: qualified-id in declaration before ‘(’ token
   49 |         autopas::MoleculeLJ::setR({pos[0], pos[1], pos[2]});
      |                                  ^
/mnt/c/Users/laura/Documents/BA_SH/AutoPasJulia/AutoPas/examples/md-julia/src/MoleculeJ.h:49:59: error: expected primary-expression before ‘)’ token
   49 |         autopas::MoleculeLJ::setR({pos[0], pos[1], pos[2]});
      |                                                           ^
/mnt/c/Users/laura/Documents/BA_SH/AutoPasJulia/AutoPas/examples/md-julia/src/MoleculeJ.h: In member function ‘jlcxx::ArrayRef<double, 1> MoleculeJ<floatType>::getPosition()’:
/mnt/c/Users/laura/Documents/BA_SH/AutoPasJulia/AutoPas/examples/md-julia/src/MoleculeJ.h:77:17: error: ‘_r’ was not declared in this scope
   77 |         return {_r.data(), autopas::MoleculeLJ::_r.size()};
      |                 ^~
/mnt/c/Users/laura/Documents/BA_SH/AutoPasJulia/AutoPas/examples/md-julia/src/MoleculeJ.h:77:37: error: ‘template<class floatType> class autopas::MoleculeLJ’ used without template arguments
   77 |         return {_r.data(), autopas::MoleculeLJ::_r.size()};
      |                                     ^~~~~~~~~~
/mnt/c/Users/laura/Documents/BA_SH/AutoPasJulia/AutoPas/examples/md-julia/src/MoleculeJ.h:77:58: error: could not convert ‘{<expression error>, <expression error>}’ from ‘<brace-enclosed initializer list>’ to ‘jlcxx::ArrayRef<double, 1>’
   77 |         return {_r.data(), autopas::MoleculeLJ::_r.size()};
      |                                                          ^
      |                                                          |
      |                                                          <brace-enclosed initializer list>
/mnt/c/Users/laura/Documents/BA_SH/AutoPasJulia/AutoPas/examples/md-julia/src/MoleculeJ.h: In member function ‘jlcxx::ArrayRef<double, 1> MoleculeJ<floatType>::getVelocity()’:
/mnt/c/Users/laura/Documents/BA_SH/AutoPasJulia/AutoPas/examples/md-julia/src/MoleculeJ.h:84:17: error: ‘_v’ was not declared in this scope
   84 |         return {_v.data(), _v.size()};
      |                 ^~
/mnt/c/Users/laura/Documents/BA_SH/AutoPasJulia/AutoPas/examples/md-julia/src/MoleculeJ.h:84:37: error: could not convert ‘{<expression error>, <expression error>}’ from ‘<brace-enclosed initializer list>’ to ‘jlcxx::ArrayRef<double, 1>’
   84 |         return {_v.data(), _v.size()};
      |                                     ^
      |                                     |
      |                                     <brace-enclosed initializer list>
/mnt/c/Users/laura/Documents/BA_SH/AutoPasJulia/AutoPas/examples/md-julia/src/MoleculeJ.h: In member function ‘jlcxx::ArrayRef<double, 1> MoleculeJ<floatType>::getForce()’:
/mnt/c/Users/laura/Documents/BA_SH/AutoPasJulia/AutoPas/examples/md-julia/src/MoleculeJ.h:91:17: error: ‘_f’ was not declared in this scope
   91 |         return {_f.data(), _f.size()};
      |                 ^~
/mnt/c/Users/laura/Documents/BA_SH/AutoPasJulia/AutoPas/examples/md-julia/src/MoleculeJ.h:91:37: error: could not convert ‘{<expression error>, <expression error>}’ from ‘<brace-enclosed initializer list>’ to ‘jlcxx::ArrayRef<double, 1>’
   91 |         return {_f.data(), _f.size()};
      |                                     ^
      |                                     |
      |                                     <brace-enclosed initializer list>
/mnt/c/Users/laura/Documents/BA_SH/AutoPasJulia/AutoPas/examples/md-julia/src/MoleculeJ.h: In member function ‘jlcxx::ArrayRef<floatType, 1> MoleculeJ<floatType>::getOldForce()’:
/mnt/c/Users/laura/Documents/BA_SH/AutoPasJulia/AutoPas/examples/md-julia/src/MoleculeJ.h:98:17: error: ‘_oldF’ was not declared in this scope
   98 |         return {_oldF.data(), _oldF.size()};
      |                 ^~~~~
In file included from /mnt/c/Users/laura/Documents/BA_SH/AutoPasJulia/AutoPas/examples/md-julia/src/./bindings/Bindings.h:10,
                 from /mnt/c/Users/laura/Documents/BA_SH/AutoPasJulia/AutoPas/examples/md-julia/src/bindings.cpp:12:
/mnt/c/Users/laura/Documents/BA_SH/AutoPasJulia/AutoPas/examples/md-julia/src/./bindings/ParticleBindings.h: In instantiation of ‘void WrapMoleculeJ::operator()(floatType&&) [with floatType = jlcxx::TypeWrapper<MoleculeJ<double> >]’:
/mnt/c/Users/laura/Documents/test_ordner/libcxxwrap-julia/include/jlcxx/module.hpp:1105:15:   required from ‘int jlcxx::TypeWrapper<T>::apply_internal(FunctorT&&) [with AppliedT = MoleculeJ<double>; FunctorT = WrapMoleculeJ; T = jlcxx::Parametric<jlcxx::TypeVar<1> >]’
/mnt/c/Users/laura/Documents/test_ordner/libcxxwrap-julia/include/jlcxx/module.hpp:1054:63:   required from ‘jlcxx::TypeWrapper<T>& jlcxx::TypeWrapper<T>::apply(FunctorT&&) [with AppliedTypesT = {MoleculeJ<double>}; FunctorT = WrapMoleculeJ; T = jlcxx::Parametric<jlcxx::TypeVar<1> >]’
/mnt/c/Users/laura/Documents/BA_SH/AutoPasJulia/AutoPas/examples/md-julia/src/./bindings/ParticleBindings.h:89:38:   required from here
/mnt/c/Users/laura/Documents/BA_SH/AutoPasJulia/AutoPas/examples/md-julia/src/./bindings/ParticleBindings.h:48:39: error: ‘addVelocit
’ is not a member of ‘WrappedT’ {aka ‘MoleculeJ<double>’}
   48 |         wrapped.method("addVelocity", &WrappedT::addVelocity);
      |                                       ^~~~~~~~~~~~~~~~~~~~~~
In file included from /mnt/c/Users/laura/Documents/BA_SH/AutoPasJulia/AutoPas/examples/md-julia/src/bindings.cpp:10:
/mnt/c/Users/laura/Documents/BA_SH/AutoPasJulia/AutoPas/examples/md-julia/src/MoleculeJ.h: In instantiation of ‘void MoleculeJ<floatType>::setVelocity(jlcxx::ArrayRef<floatType, 1>) [with floatType = double]’:
/mnt/c/Users/laura/Documents/BA_SH/AutoPasJulia/AutoPas/examples/md-julia/src/./bindings/ParticleBindings.h:34:39:   required from ‘void WrapMoleculeJ::operator()(floatType&&) [with floatType = jlcxx::TypeWrapper<MoleculeJ<double> >]’
/mnt/c/Users/laura/Documents/test_ordner/libcxxwrap-julia/include/jlcxx/module.hpp:1105:15:   required from ‘int jlcxx::TypeWrapper<T>::apply_internal(FunctorT&&) [with AppliedT = MoleculeJ<double>; FunctorT = WrapMoleculeJ; T = jlcxx::Parametric<jlcxx::TypeVar<1> >]’
/mnt/c/Users/laura/Documents/test_ordner/libcxxwrap-julia/include/jlcxx/module.hpp:1054:63:   required from ‘jlcxx::TypeWrapper<T>& jlcxx::TypeWrapper<T>::apply(FunctorT&&) [with AppliedTypesT = {MoleculeJ<double>}; FunctorT = WrapMoleculeJ; T = jlcxx::Parametric<jlcxx::TypeVar<1> >]’
/mnt/c/Users/laura/Documents/BA_SH/AutoPasJulia/AutoPas/examples/md-julia/src/./bindings/ParticleBindings.h:89:38:   required from here
/mnt/c/Users/laura/Documents/BA_SH/AutoPasJulia/AutoPas/examples/md-julia/src/MoleculeJ.h:56:13: error: ‘setV’ was not declared in this scope, and no declarations were found by argument-dependent lookup at the point of instantiation [-fpermissive]
   56 |         setV({v[0], v[1], v[2]});
      |         ~~~~^~~~~~~~~~~~~~~~~~~~
/mnt/c/Users/laura/Documents/BA_SH/AutoPasJulia/AutoPas/examples/md-julia/src/MoleculeJ.h:56:13: note: declarations in dependent base ‘autopas::ParticleBase<double, long unsigned int>’ are not found by unqualified lookup
/mnt/c/Users/laura/Documents/BA_SH/AutoPasJulia/AutoPas/examples/md-julia/src/MoleculeJ.h:56:13: note: use ‘this->setV’ instead
/mnt/c/Users/laura/Documents/BA_SH/AutoPasJulia/AutoPas/examples/md-julia/src/MoleculeJ.h: In instantiation of ‘void MoleculeJ<floatType>::setForce(jlcxx::ArrayRef<floatType, 1>) [with floatType = double]’:
/mnt/c/Users/laura/Documents/BA_SH/AutoPasJulia/AutoPas/examples/md-julia/src/./bindings/ParticleBindings.h:35:36:   required from ‘void WrapMoleculeJ::operator()(floatType&&) [with floatType = jlcxx::TypeWrapper<MoleculeJ<double> >]’
/mnt/c/Users/laura/Documents/test_ordner/libcxxwrap-julia/include/jlcxx/module.hpp:1105:15:   required from ‘int jlcxx::TypeWrapper<T>::apply_internal(FunctorT&&) [with AppliedT = MoleculeJ<double>; FunctorT = WrapMoleculeJ; T = jlcxx::Parametric<jlcxx::TypeVar<1> >]’
/mnt/c/Users/laura/Documents/test_ordner/libcxxwrap-julia/include/jlcxx/module.hpp:1054:63:   required from ‘jlcxx::TypeWrapper<T>& jlcxx::TypeWrapper<T>::apply(FunctorT&&) [with AppliedTypesT = {MoleculeJ<double>}; FunctorT = WrapMoleculeJ; T = jlcxx::Parametric<jlcxx::TypeVar<1> >]’
/mnt/c/Users/laura/Documents/BA_SH/AutoPasJulia/AutoPas/examples/md-julia/src/./bindings/ParticleBindings.h:89:38:   required from here
/mnt/c/Users/laura/Documents/BA_SH/AutoPasJulia/AutoPas/examples/md-julia/src/MoleculeJ.h:63:13: error: ‘setF’ was not declared in this scope, and no declarations were found by argument-dependent lookup at the point of instantiation [-fpermissive]
   63 |         setF({f[0], f[1], f[2]});
      |         ~~~~^~~~~~~~~~~~~~~~~~~~
/mnt/c/Users/laura/Documents/BA_SH/AutoPasJulia/AutoPas/examples/md-julia/src/MoleculeJ.h:63:13: note: declarations in dependent base ‘autopas::ParticleBase<double, long unsigned int>’ are not found by unqualified lookup
/mnt/c/Users/laura/Documents/BA_SH/AutoPasJulia/AutoPas/examples/md-julia/src/MoleculeJ.h:63:13: note: use ‘this->setF’ instead
/mnt/c/Users/laura/Documents/BA_SH/AutoPasJulia/AutoPas/examples/md-julia/src/MoleculeJ.h: In instantiation of ‘jlcxx::ArrayRef<floatType, 1> MoleculeJ<floatType>::getOldForce() [with floatType = double]’:
/mnt/c/Users/laura/Documents/BA_SH/AutoPasJulia/AutoPas/examples/md-julia/src/./bindings/ParticleBindings.h:43:39:   required from ‘void WrapMoleculeJ::operator()(floatType&&) [with floatType = jlcxx::TypeWrapper<MoleculeJ<double> >]’
/mnt/c/Users/laura/Documents/test_ordner/libcxxwrap-julia/include/jlcxx/module.hpp:1105:15:   required from ‘int jlcxx::TypeWrapper<T>::apply_internal(FunctorT&&) [with AppliedT = MoleculeJ<double>; FunctorT = WrapMoleculeJ; T = jlcxx::Parametric<jlcxx::TypeVar<1> >]’
/mnt/c/Users/laura/Documents/test_ordner/libcxxwrap-julia/include/jlcxx/module.hpp:1054:63:   required from ‘jlcxx::TypeWrapper<T>& jlcxx::TypeWrapper<T>::apply(FunctorT&&) [with AppliedTypesT = {MoleculeJ<double>}; FunctorT = WrapMoleculeJ; T = jlcxx::Parametric<jlcxx::TypeVar<1> >]’
/mnt/c/Users/laura/Documents/BA_SH/AutoPasJulia/AutoPas/examples/md-julia/src/./bindings/ParticleBindings.h:89:38:   required from here
/mnt/c/Users/laura/Documents/BA_SH/AutoPasJulia/AutoPas/examples/md-julia/src/MoleculeJ.h:98:43: error: could not convert ‘{<expression error>, <expression error>}’ from ‘<brace-enclosed initializer list>’ to ‘jlcxx::ArrayRef<double, 1>’
   98 |         return {_oldF.data(), _oldF.size()};
      |                                           ^
      |                                           |
      |                                           <brace-enclosed initializer list>
/mnt/c/Users/laura/Documents/BA_SH/AutoPasJulia/AutoPas/examples/md-julia/src/MoleculeJ.h: In instantiation of ‘void MoleculeJ<floatType>::addPosition(jlcxx::ArrayRef<floatType, 1>) [with floatType = double]’:
/mnt/c/Users/laura/Documents/BA_SH/AutoPasJulia/AutoPas/examples/md-julia/src/./bindings/ParticleBindings.h:47:39:   required from ‘void WrapMoleculeJ::operator()(floatType&&) [with floatType = jlcxx::TypeWrapper<MoleculeJ<double> >]’
/mnt/c/Users/laura/Documents/test_ordner/libcxxwrap-julia/include/jlcxx/module.hpp:1105:15:   required from ‘int jlcxx::TypeWrapper<T>::apply_internal(FunctorT&&) [with AppliedT = MoleculeJ<double>; FunctorT = WrapMoleculeJ; T = jlcxx::Parametric<jlcxx::TypeVar<1> >]’
/mnt/c/Users/laura/Documents/test_ordner/libcxxwrap-julia/include/jlcxx/module.hpp:1054:63:   required from ‘jlcxx::TypeWrapper<T>& jlcxx::TypeWrapper<T>::apply(FunctorT&&) [with AppliedTypesT = {MoleculeJ<double>}; FunctorT = WrapMoleculeJ; T = jlcxx::Parametric<jlcxx::TypeVar<1> >]’
/mnt/c/Users/laura/Documents/BA_SH/AutoPasJulia/AutoPas/examples/md-julia/src/./bindings/ParticleBindings.h:89:38:   required from here
/mnt/c/Users/laura/Documents/BA_SH/AutoPasJulia/AutoPas/examples/md-julia/src/MoleculeJ.h:107:13: error: ‘addR’ was not declared in this scope, and no declarations were found by argument-dependent lookup at the point of instantiation [-fpermissive]
  107 |         addR({pos[0], pos[1], pos[2]});
      |         ~~~~^~~~~~~~~~~~~~~~~~~~~~~~~~
/mnt/c/Users/laura/Documents/BA_SH/AutoPasJulia/AutoPas/examples/md-julia/src/MoleculeJ.h:107:13: note: declarations in dependent base ‘autopas::ParticleBase<double, long unsigned int>’ are not found by unqualified lookup
/mnt/c/Users/laura/Documents/BA_SH/AutoPasJulia/AutoPas/examples/md-julia/src/MoleculeJ.h:107:13: note: use ‘this->addR’ instead
/mnt/c/Users/laura/Documents/BA_SH/AutoPasJulia/AutoPas/examples/md-julia/src/MoleculeJ.h: In instantiation of ‘MoleculeJ<floatType>::MoleculeJ(jlcxx::ArrayRef<floatType, 1>, jlcxx::ArrayRef<floatType, 1>, long unsigned int, long unsigned int) [with floatType = double]’:
/mnt/c/Users/laura/Documents/test_ordner/libcxxwrap-julia/include/jlcxx/module.hpp:123:16:   required from ‘jlcxx::BoxedValue<T> jlcxx::create(ArgsT&& ...) [with T = MoleculeJ<double>; bool finalize = true; ArgsT = {jlcxx::ArrayRef<double, 1>&, jlcxx::ArrayRef<double, 1>&, long unsigned int&, long unsigned int&}]’
/mnt/c/Users/laura/Documents/test_ordner/libcxxwrap-julia/include/jlcxx/module.hpp:562:109:   required from ‘void jlcxx::Module::constructor(jl_datatype_t*, bool) [with T = MoleculeJ<double>; ArgsT = {jlcxx::ArrayRef<double, 1>, jlcxx::ArrayRef<double, 1>, long unsigned int, long unsigned int}; jl_datatype_t = _jl_datatype_t]’
/mnt/c/Users/laura/Documents/test_ordner/libcxxwrap-julia/include/jlcxx/module.hpp:986:40:   required from ‘jlcxx::TypeWrapper<T>& jlcxx::TypeWrapper<T>::constructor(bool) [with ArgsT = {jlcxx::ArrayRef<double, 1>, jlcxx::ArrayRef<double, 1>, long unsigned int, long unsigned int}; T = MoleculeJ<double>]’
/mnt/c/Users/laura/Documents/BA_SH/AutoPasJulia/AutoPas/examples/md-julia/src/./bindings/ParticleBindings.h:30:114:   required from ‘void WrapMoleculeJ::operator()(floatType&&) [with floatType = jlcxx::TypeWrapper<MoleculeJ<double> >]’
/mnt/c/Users/laura/Documents/test_ordner/libcxxwrap-julia/include/jlcxx/module.hpp:1105:15:   required from ‘int jlcxx::TypeWrapper<T>::apply_internal(FunctorT&&) [with AppliedT = MoleculeJ<double>; FunctorT = WrapMoleculeJ; T = jlcxx::Parametric<jlcxx::TypeVar<1> >]’
/mnt/c/Users/laura/Documents/test_ordner/libcxxwrap-julia/include/jlcxx/module.hpp:1054:63:   required from ‘jlcxx::TypeWrapper<T>& jlcxx::TypeWrapper<T>::apply(FunctorT&&) [with AppliedTypesT = {MoleculeJ<double>}; FunctorT = WrapMoleculeJ; T = jlcxx::Parametric<jlcxx::TypeVar<1> >]’
/mnt/c/Users/laura/Documents/BA_SH/AutoPasJulia/AutoPas/examples/md-julia/src/./bindings/ParticleBindings.h:89:38:   required from here
/mnt/c/Users/laura/Documents/BA_SH/AutoPasJulia/AutoPas/examples/md-julia/src/MoleculeJ.h:35:14: error: ‘setID’ was not declared in this scope, and no declarations were found by argument-dependent lookup at the point of instantiation [-fpermissive]
   35 |         setID(moleculeId);
      |         ~~~~~^~~~~~~~~~~~
/mnt/c/Users/laura/Documents/BA_SH/AutoPasJulia/AutoPas/examples/md-julia/src/MoleculeJ.h:35:14: note: declarations in dependent base ‘autopas::ParticleBase<double, long unsigned int>’ are not found by unqualified lookup
/mnt/c/Users/laura/Documents/BA_SH/AutoPasJulia/AutoPas/examples/md-julia/src/MoleculeJ.h:35:14: note: use ‘this->setID’ instead
/mnt/c/Users/laura/Documents/BA_SH/AutoPasJulia/AutoPas/examples/md-julia/src/MoleculeJ.h:36:18: error: ‘setTypeId’ was not declared in this scope, and no declarations were found by argument-dependent lookup at the point of instantiation [-fpermissive]
   36 |         setTypeId(typeId);
      |         ~~~~~~~~~^~~~~~~~
/mnt/c/Users/laura/Documents/BA_SH/AutoPasJulia/AutoPas/examples/md-julia/src/MoleculeJ.h:36:18: note: declarations in dependent base ‘autopas::MoleculeLJ<double>’ are not found by unqualified lookup
/mnt/c/Users/laura/Documents/BA_SH/AutoPasJulia/AutoPas/examples/md-julia/src/MoleculeJ.h:36:18: note: use ‘this->setTypeId’ instead
^Cmake[2]: *** [examples/md-julia/CMakeFiles/julia_bindings.dir/build.make:76: examples/md-julia/CMakeFiles/julia_bindings.dir/src/bindings.cpp.o] Interrupt
make[1]: *** [CMakeFiles/Makefile2:422: examples/md-julia/CMakeFiles/julia_bindings.dir/all] Interrupt
make: *** [Makefile:101: all] Interrupt

lala@DESKTOP-ND6E6A3:/mnt/c/Users/laura/Documents/BA_SH/AutoPasJulia/AutoPas/build$ make
[ 19%] Built target harmony_bundled
[ 23%] Built target fakedlclose
[ 42%] Built target spdlog
[ 88%] Built target autopas
[ 92%] Built target autopasTools
[ 95%] Building CXX object examples/md-julia/CMakeFiles/julia_bindings.dir/src/bindings.cpp.o
In file included from /mnt/c/Users/laura/Documents/BA_SH/AutoPasJulia/AutoPas/examples/md-julia/src/bindings.cpp:10:
/mnt/c/Users/laura/Documents/BA_SH/AutoPasJulia/AutoPas/examples/md-julia/src/MoleculeJ.h: In constructor ‘MoleculeJ<floatType>::MoleculeJ(jlcxx::ArrayRef<floatType, 1>, jlcxx::ArrayRef<floatType, 1>, long unsigned int, long unsigned int)’:
/mnt/c/Users/laura/Documents/BA_SH/AutoPasJulia/AutoPas/examples/md-julia/src/MoleculeJ.h:35:9: error: there are no arguments to ‘setID’ that depend on a template parameter, so a declaration of ‘setID’ must be available [-fpermissive]
   35 |         setID(moleculeId);
      |         ^~~~~
/mnt/c/Users/laura/Documents/BA_SH/AutoPasJulia/AutoPas/examples/md-julia/src/MoleculeJ.h:35:9: note: (if you use ‘-fpermissive’, G++ will accept your code, but allowing the use of an undeclared name is deprecated)
/mnt/c/Users/laura/Documents/BA_SH/AutoPasJulia/AutoPas/examples/md-julia/src/MoleculeJ.h:36:9: error: there are no arguments to ‘setTypeId’ that depend on a template parameter, so a declaration of ‘setTypeId’ must be available [-fpermissive]
   36 |         setTypeId(typeId);
      |         ^~~~~~~~~
/mnt/c/Users/laura/Documents/BA_SH/AutoPasJulia/AutoPas/examples/md-julia/src/MoleculeJ.h: In member function ‘void MoleculeJ<floatType>::setPosition(jlcxx::ArrayRef<floatType, 1>)’:
/mnt/c/Users/laura/Documents/BA_SH/AutoPasJulia/AutoPas/examples/md-julia/src/MoleculeJ.h:49:34: error: qualified-id in declaration before ‘(’ token
   49 |         autopas::MoleculeLJ::setR({pos[0], pos[1], pos[2]});
      |                                  ^
/mnt/c/Users/laura/Documents/BA_SH/AutoPasJulia/AutoPas/examples/md-julia/src/MoleculeJ.h:49:59: error: expected primary-expression before ‘)’ token
   49 |         autopas::MoleculeLJ::setR({pos[0], pos[1], pos[2]});
      |                                                           ^
/mnt/c/Users/laura/Documents/BA_SH/AutoPasJulia/AutoPas/examples/md-julia/src/MoleculeJ.h: In member function ‘void MoleculeJ<floatType>::setVelocity(jlcxx::ArrayRef<floatType, 1>)’:
/mnt/c/Users/laura/Documents/BA_SH/AutoPasJulia/AutoPas/examples/md-julia/src/MoleculeJ.h:56:34: error: qualified-id in declaration before ‘(’ token
   56 |         autopas::MoleculeLJ::setV({v[0], v[1], v[2]});
      |                                  ^
/mnt/c/Users/laura/Documents/BA_SH/AutoPasJulia/AutoPas/examples/md-julia/src/MoleculeJ.h:56:53: error: expected primary-expression before ‘)’ token
   56 |         autopas::MoleculeLJ::setV({v[0], v[1], v[2]});
      |                                                     ^
/mnt/c/Users/laura/Documents/BA_SH/AutoPasJulia/AutoPas/examples/md-julia/src/MoleculeJ.h: In member function ‘void MoleculeJ<floatType>::setForce(jlcxx::ArrayRef<floatType, 1>)’:
/mnt/c/Users/laura/Documents/BA_SH/AutoPasJulia/AutoPas/examples/md-julia/src/MoleculeJ.h:63:34: error: qualified-id in declaration before ‘(’ token
   63 |         autopas::MoleculeLJ::setF({f[0], f[1], f[2]});
      |                                  ^
/mnt/c/Users/laura/Documents/BA_SH/AutoPasJulia/AutoPas/examples/md-julia/src/MoleculeJ.h:63:53: error: expected primary-expression before ‘)’ token
   63 |         autopas::MoleculeLJ::setF({f[0], f[1], f[2]});
      |                                                     ^
/mnt/c/Users/laura/Documents/BA_SH/AutoPasJulia/AutoPas/examples/md-julia/src/MoleculeJ.h: In member function ‘jlcxx::ArrayRef<double, 1> MoleculeJ<floatType>::getPosition()’:
/mnt/c/Users/laura/Documents/BA_SH/AutoPasJulia/AutoPas/examples/md-julia/src/MoleculeJ.h:77:26: error: ‘template<class floatType> class autopas::MoleculeLJ’ used without template arguments
   77 |         return {autopas::MoleculeLJ::_r.data(), autopas::MoleculeLJ::_r.size()};
      |                          ^~~~~~~~~~
/mnt/c/Users/laura/Documents/BA_SH/AutoPasJulia/AutoPas/examples/md-julia/src/MoleculeJ.h:77:58: error: ‘template<class floatType> class autopas::MoleculeLJ’ used without template arguments
   77 |         return {autopas::MoleculeLJ::_r.data(), autopas::MoleculeLJ::_r.size()};
      |                                                          ^~~~~~~~~~
/mnt/c/Users/laura/Documents/BA_SH/AutoPasJulia/AutoPas/examples/md-julia/src/MoleculeJ.h:77:79: error: could not convert ‘{<expression error>, <expression error>}’ from ‘<brace-enclosed initializer list>’ to ‘jlcxx::ArrayRef<double, 1>’
   77 |         return {autopas::MoleculeLJ::_r.data(), autopas::MoleculeLJ::_r.size()};
      |                                                                               ^
      |                                                                               |
      |                                                                               <brace-enclosed initializer list>
/mnt/c/Users/laura/Documents/BA_SH/AutoPasJulia/AutoPas/examples/md-julia/src/MoleculeJ.h: In member function ‘jlcxx::ArrayRef<double, 1> MoleculeJ<floatType>::getVelocity()’:
/mnt/c/Users/laura/Documents/BA_SH/AutoPasJulia/AutoPas/examples/md-julia/src/MoleculeJ.h:84:17: error: ‘_v’ was not declared in this scope
   84 |         return {_v.data(), _v.size()};
      |                 ^~
/mnt/c/Users/laura/Documents/BA_SH/AutoPasJulia/AutoPas/examples/md-julia/src/MoleculeJ.h:84:37: error: could not convert ‘{<expression error>, <expression error>}’ from ‘<brace-enclosed initializer list>’ to ‘jlcxx::ArrayRef<double, 1>’
   84 |         return {_v.data(), _v.size()};
      |                                     ^
      |                                     |
      |                                     <brace-enclosed initializer list>
/mnt/c/Users/laura/Documents/BA_SH/AutoPasJulia/AutoPas/examples/md-julia/src/MoleculeJ.h: In member function ‘jlcxx::ArrayRef<double, 1> MoleculeJ<floatType>::getForce()’:
/mnt/c/Users/laura/Documents/BA_SH/AutoPasJulia/AutoPas/examples/md-julia/src/MoleculeJ.h:91:17: error: ‘_f’ was not declared in this scope
   91 |         return {_f.data(), _f.size()};
      |                 ^~
/mnt/c/Users/laura/Documents/BA_SH/AutoPasJulia/AutoPas/examples/md-julia/src/MoleculeJ.h:91:37: error: could not convert ‘{<expression error>, <expression error>}’ from ‘<brace-enclosed initializer list>’ to ‘jlcxx::ArrayRef<double, 1>’
   91 |         return {_f.data(), _f.size()};
      |                                     ^
      |                                     |
      |                                     <brace-enclosed initializer list>
/mnt/c/Users/laura/Documents/BA_SH/AutoPasJulia/AutoPas/examples/md-julia/src/MoleculeJ.h: In member function ‘jlcxx::ArrayRef<floatType, 1> MoleculeJ<floatType>::getOldForce()’:
/mnt/c/Users/laura/Documents/BA_SH/AutoPasJulia/AutoPas/examples/md-julia/src/MoleculeJ.h:98:17: error: ‘_oldF’ was not declared in this scope
   98 |         return {_oldF.data(), _oldF.size()};
      |                 ^~~~~
In file included from /mnt/c/Users/laura/Documents/BA_SH/AutoPasJulia/AutoPas/examples/md-julia/src/./bindings/Bindings.h:10,
                 from /mnt/c/Users/laura/Documents/BA_SH/AutoPasJulia/AutoPas/examples/md-julia/src/bindings.cpp:12:
/mnt/c/Users/laura/Documents/BA_SH/AutoPasJulia/AutoPas/examples/md-julia/src/./bindings/ParticleBindings.h: In instantiation of ‘void WrapMoleculeJ::operator()(floatType&&) [with floatType = jlcxx::TypeWrapper<MoleculeJ<double> >]’:
/mnt/c/Users/laura/Documents/test_ordner/libcxxwrap-julia/include/jlcxx/module.hpp:1105:15:   required from ‘int jlcxx::TypeWrapper<T>::apply_internal(FunctorT&&) [with AppliedT = MoleculeJ<double>; FunctorT = WrapMoleculeJ; T = jlcxx::Parametric<jlcxx::TypeVar<1> >]’
/mnt/c/Users/laura/Documents/test_ordner/libcxxwrap-julia/include/jlcxx/module.hpp:1054:63:   required from ‘jlcxx::TypeWrapper<T>& jlcxx::TypeWrapper<T>::apply(FunctorT&&) [with AppliedTypesT = {MoleculeJ<double>}; FunctorT = WrapMoleculeJ; T = jlcxx::Parametric<jlcxx::TypeVar<1> >]’
/mnt/c/Users/laura/Documents/BA_SH/AutoPasJulia/AutoPas/examples/md-julia/src/./bindings/ParticleBindings.h:89:38:   required from here
/mnt/c/Users/laura/Documents/BA_SH/AutoPasJulia/AutoPas/examples/md-julia/src/./bindings/ParticleBindings.h:48:39: error: ‘addVelocit
’ is not a member of ‘WrappedT’ {aka ‘MoleculeJ<double>’}
   48 |         wrapped.method("addVelocity", &WrappedT::addVelocity);
      |                                       ^~~~~~~~~~~~~~~~~~~~~~
In file included from /mnt/c/Users/laura/Documents/BA_SH/AutoPasJulia/AutoPas/examples/md-julia/src/bindings.cpp:10:
/mnt/c/Users/laura/Documents/BA_SH/AutoPasJulia/AutoPas/examples/md-julia/src/MoleculeJ.h: In instantiation of ‘jlcxx::ArrayRef<floatType, 1> MoleculeJ<floatType>::getOldForce() [with floatType = double]’:
/mnt/c/Users/laura/Documents/BA_SH/AutoPasJulia/AutoPas/examples/md-julia/src/./bindings/ParticleBindings.h:43:39:   required from ‘void WrapMoleculeJ::operator()(floatType&&) [with floatType = jlcxx::TypeWrapper<MoleculeJ<double> >]’
/mnt/c/Users/laura/Documents/test_ordner/libcxxwrap-julia/include/jlcxx/module.hpp:1105:15:   required from ‘int jlcxx::TypeWrapper<T>::apply_internal(FunctorT&&) [with AppliedT = MoleculeJ<double>; FunctorT = WrapMoleculeJ; T = jlcxx::Parametric<jlcxx::TypeVar<1> >]’
/mnt/c/Users/laura/Documents/test_ordner/libcxxwrap-julia/include/jlcxx/module.hpp:1054:63:   required from ‘jlcxx::TypeWrapper<T>& jlcxx::TypeWrapper<T>::apply(FunctorT&&) [with AppliedTypesT = {MoleculeJ<double>}; FunctorT = WrapMoleculeJ; T = jlcxx::Parametric<jlcxx::TypeVar<1> >]’
/mnt/c/Users/laura/Documents/BA_SH/AutoPasJulia/AutoPas/examples/md-julia/src/./bindings/ParticleBindings.h:89:38:   required from here
/mnt/c/Users/laura/Documents/BA_SH/AutoPasJulia/AutoPas/examples/md-julia/src/MoleculeJ.h:98:43: error: could not convert ‘{<expression error>, <expression error>}’ from ‘<brace-enclosed initializer list>’ to ‘jlcxx::ArrayRef<double, 1>’
   98 |         return {_oldF.data(), _oldF.size()};
      |                                           ^
      |                                           |
      |                                           <brace-enclosed initializer list>
/mnt/c/Users/laura/Documents/BA_SH/AutoPasJulia/AutoPas/examples/md-julia/src/MoleculeJ.h: In instantiation of ‘void MoleculeJ<floatType>::addPosition(jlcxx::ArrayRef<floatType, 1>) [with floatType = double]’:
/mnt/c/Users/laura/Documents/BA_SH/AutoPasJulia/AutoPas/examples/md-julia/src/./bindings/ParticleBindings.h:47:39:   required from ‘void WrapMoleculeJ::operator()(floatType&&) [with floatType = jlcxx::TypeWrapper<MoleculeJ<double> >]’
/mnt/c/Users/laura/Documents/test_ordner/libcxxwrap-julia/include/jlcxx/module.hpp:1105:15:   required from ‘int jlcxx::TypeWrapper<T>::apply_internal(FunctorT&&) [with AppliedT = MoleculeJ<double>; FunctorT = WrapMoleculeJ; T = jlcxx::Parametric<jlcxx::TypeVar<1> >]’
/mnt/c/Users/laura/Documents/test_ordner/libcxxwrap-julia/include/jlcxx/module.hpp:1054:63:   required from ‘jlcxx::TypeWrapper<T>& jlcxx::TypeWrapper<T>::apply(FunctorT&&) [with AppliedTypesT = {MoleculeJ<double>}; FunctorT = WrapMoleculeJ; T = jlcxx::Parametric<jlcxx::TypeVar<1> >]’
/mnt/c/Users/laura/Documents/BA_SH/AutoPasJulia/AutoPas/examples/md-julia/src/./bindings/ParticleBindings.h:89:38:   required from here
/mnt/c/Users/laura/Documents/BA_SH/AutoPasJulia/AutoPas/examples/md-julia/src/MoleculeJ.h:107:13: error: ‘addR’ was not declared in this scope, and no declarations were found by argument-dependent lookup at the point of instantiation [-fpermissive]
  107 |         addR({pos[0], pos[1], pos[2]});
      |         ~~~~^~~~~~~~~~~~~~~~~~~~~~~~~~
/mnt/c/Users/laura/Documents/BA_SH/AutoPasJulia/AutoPas/examples/md-julia/src/MoleculeJ.h:107:13: note: declarations in dependent base ‘autopas::ParticleBase<double, long unsigned int>’ are not found by unqualified lookup
/mnt/c/Users/laura/Documents/BA_SH/AutoPasJulia/AutoPas/examples/md-julia/src/MoleculeJ.h:107:13: note: use ‘this->addR’ instead
/mnt/c/Users/laura/Documents/BA_SH/AutoPasJulia/AutoPas/examples/md-julia/src/MoleculeJ.h: In instantiation of ‘MoleculeJ<floatType>::MoleculeJ(jlcxx::ArrayRef<floatType, 1>, jlcxx::ArrayRef<floatType, 1>, long unsigned int, long unsigned int) [with floatType = double]’:
/mnt/c/Users/laura/Documents/test_ordner/libcxxwrap-julia/include/jlcxx/module.hpp:123:16:   required from ‘jlcxx::BoxedValue<T> jlcxx::create(ArgsT&& ...) [with T = MoleculeJ<double>; bool finalize = true; ArgsT = {jlcxx::ArrayRef<double, 1>&, jlcxx::ArrayRef<double, 1>&, long unsigned int&, long unsigned int&}]’
/mnt/c/Users/laura/Documents/test_ordner/libcxxwrap-julia/include/jlcxx/module.hpp:562:109:   required from ‘void jlcxx::Module::constructor(jl_datatype_t*, bool) [with T = MoleculeJ<double>; ArgsT = {jlcxx::ArrayRef<double, 1>, jlcxx::ArrayRef<double, 1>, long unsigned int, long unsigned int}; jl_datatype_t = _jl_datatype_t]’
/mnt/c/Users/laura/Documents/test_ordner/libcxxwrap-julia/include/jlcxx/module.hpp:986:40:   required from ‘jlcxx::TypeWrapper<T>& jlcxx::TypeWrapper<T>::constructor(bool) [with ArgsT = {jlcxx::ArrayRef<double, 1>, jlcxx::ArrayRef<double, 1>, long unsigned int, long unsigned int}; T = MoleculeJ<double>]’
/mnt/c/Users/laura/Documents/BA_SH/AutoPasJulia/AutoPas/examples/md-julia/src/./bindings/ParticleBindings.h:30:114:   required from ‘void WrapMoleculeJ::operator()(floatType&&) [with floatType = jlcxx::TypeWrapper<MoleculeJ<double> >]’
/mnt/c/Users/laura/Documents/test_ordner/libcxxwrap-julia/include/jlcxx/module.hpp:1105:15:   required from ‘int jlcxx::TypeWrapper<T>::apply_internal(FunctorT&&) [with AppliedT = MoleculeJ<double>; FunctorT = WrapMoleculeJ; T = jlcxx::Parametric<jlcxx::TypeVar<1> >]’
/mnt/c/Users/laura/Documents/test_ordner/libcxxwrap-julia/include/jlcxx/module.hpp:1054:63:   required from ‘jlcxx::TypeWrapper<T>& jlcxx::TypeWrapper<T>::apply(FunctorT&&) [with AppliedTypesT = {MoleculeJ<double>}; FunctorT = WrapMoleculeJ; T = jlcxx::Parametric<jlcxx::TypeVar<1> >]’
/mnt/c/Users/laura/Documents/BA_SH/AutoPasJulia/AutoPas/examples/md-julia/src/./bindings/ParticleBindings.h:89:38:   required from here
/mnt/c/Users/laura/Documents/BA_SH/AutoPasJulia/AutoPas/examples/md-julia/src/MoleculeJ.h:35:14: error: ‘setID’ was not declared in this scope, and no declarations were found by argument-dependent lookup at the point of instantiation [-fpermissive]
   35 |         setID(moleculeId);
      |         ~~~~~^~~~~~~~~~~~
/mnt/c/Users/laura/Documents/BA_SH/AutoPasJulia/AutoPas/examples/md-julia/src/MoleculeJ.h:35:14: note: declarations in dependent base ‘autopas::ParticleBase<double, long unsigned int>’ are not found by unqualified lookup
/mnt/c/Users/laura/Documents/BA_SH/AutoPasJulia/AutoPas/examples/md-julia/src/MoleculeJ.h:35:14: note: use ‘this->setID’ instead
/mnt/c/Users/laura/Documents/BA_SH/AutoPasJulia/AutoPas/examples/md-julia/src/MoleculeJ.h:36:18: error: ‘setTypeId’ was not declared in this scope, and no declarations were found by argument-dependent lookup at the point of instantiation [-fpermissive]
   36 |         setTypeId(typeId);
      |         ~~~~~~~~~^~~~~~~~
/mnt/c/Users/laura/Documents/BA_SH/AutoPasJulia/AutoPas/examples/md-julia/src/MoleculeJ.h:36:18: note: declarations in dependent base ‘autopas::MoleculeLJ<double>’ are not found by unqualified lookup
/mnt/c/Users/laura/Documents/BA_SH/AutoPasJulia/AutoPas/examples/md-julia/src/MoleculeJ.h:36:18: note: use ‘this->setTypeId’ instead
^Cmake[2]: *** wait: No child processes.  Stop.
make[2]: *** Waiting for unfinished jobs....
make[2]: *** wait: No child processes.  Stop.
make[1]: *** [CMakeFiles/Makefile2:422: examples/md-julia/CMakeFiles/julia_bindings.dir/all] Error 2
make: *** [Makefile:101: all] Interrupt

lala@DESKTOP-ND6E6A3:/mnt/c/Users/laura/Documents/BA_SH/AutoPasJulia/AutoPas/build$ make >> ../errors.txt
In file included from /mnt/c/Users/laura/Documents/BA_SH/AutoPasJulia/AutoPas/examples/md-julia/src/bindings.cpp:10:
/mnt/c/Users/laura/Documents/BA_SH/AutoPasJulia/AutoPas/examples/md-julia/src/MoleculeJ.h: In constructor ‘MoleculeJ<floatType>::MoleculeJ(jlcxx::ArrayRef<floatType, 1>, jlcxx::ArrayRef<floatType, 1>, long unsigned int, long unsigned int)’:
/mnt/c/Users/laura/Documents/BA_SH/AutoPasJulia/AutoPas/examples/md-julia/src/MoleculeJ.h:35:9: error: there are no arguments to ‘setID’ that depend on a template parameter, so a declaration of ‘setID’ must be available [-fpermissive]
   35 |         setID(moleculeId);
      |         ^~~~~
/mnt/c/Users/laura/Documents/BA_SH/AutoPasJulia/AutoPas/examples/md-julia/src/MoleculeJ.h:35:9: note: (if you use ‘-fpermissive’, G++ will accept your code, but allowing the use of an undeclared name is deprecated)
/mnt/c/Users/laura/Documents/BA_SH/AutoPasJulia/AutoPas/examples/md-julia/src/MoleculeJ.h:36:9: error: there are no arguments to ‘setTypeId’ that depend on a template parameter, so a declaration of ‘setTypeId’ must be available [-fpermissive]
   36 |         setTypeId(typeId);
      |         ^~~~~~~~~
/mnt/c/Users/laura/Documents/BA_SH/AutoPasJulia/AutoPas/examples/md-julia/src/MoleculeJ.h: In member function ‘void MoleculeJ<floatType>::setPosition(jlcxx::ArrayRef<floatType, 1>)’:
/mnt/c/Users/laura/Documents/BA_SH/AutoPasJulia/AutoPas/examples/md-julia/src/MoleculeJ.h:49:34: error: qualified-id in declaration before ‘(’ token
   49 |         autopas::MoleculeLJ::setR({pos[0], pos[1], pos[2]});
      |                                  ^
/mnt/c/Users/laura/Documents/BA_SH/AutoPasJulia/AutoPas/examples/md-julia/src/MoleculeJ.h:49:59: error: expected primary-expression before ‘)’ token
   49 |         autopas::MoleculeLJ::setR({pos[0], pos[1], pos[2]});
      |                                                           ^
/mnt/c/Users/laura/Documents/BA_SH/AutoPasJulia/AutoPas/examples/md-julia/src/MoleculeJ.h: In member function ‘void MoleculeJ<floatType>::setVelocity(jlcxx::ArrayRef<floatType, 1>)’:
/mnt/c/Users/laura/Documents/BA_SH/AutoPasJulia/AutoPas/examples/md-julia/src/MoleculeJ.h:56:34: error: qualified-id in declaration before ‘(’ token
   56 |         autopas::MoleculeLJ::setV({v[0], v[1], v[2]});
      |                                  ^
/mnt/c/Users/laura/Documents/BA_SH/AutoPasJulia/AutoPas/examples/md-julia/src/MoleculeJ.h:56:53: error: expected primary-expression before ‘)’ token
   56 |         autopas::MoleculeLJ::setV({v[0], v[1], v[2]});
      |                                                     ^
/mnt/c/Users/laura/Documents/BA_SH/AutoPasJulia/AutoPas/examples/md-julia/src/MoleculeJ.h: In member function ‘void MoleculeJ<floatType>::setForce(jlcxx::ArrayRef<floatType, 1>)’:
/mnt/c/Users/laura/Documents/BA_SH/AutoPasJulia/AutoPas/examples/md-julia/src/MoleculeJ.h:63:34: error: qualified-id in declaration before ‘(’ token
   63 |         autopas::MoleculeLJ::setF({f[0], f[1], f[2]});
      |                                  ^
/mnt/c/Users/laura/Documents/BA_SH/AutoPasJulia/AutoPas/examples/md-julia/src/MoleculeJ.h:63:53: error: expected primary-expression before ‘)’ token
   63 |         autopas::MoleculeLJ::setF({f[0], f[1], f[2]});
      |                                                     ^
/mnt/c/Users/laura/Documents/BA_SH/AutoPasJulia/AutoPas/examples/md-julia/src/MoleculeJ.h: In member function ‘jlcxx::ArrayRef<double, 1> MoleculeJ<floatType>::getPosition()’:
/mnt/c/Users/laura/Documents/BA_SH/AutoPasJulia/AutoPas/examples/md-julia/src/MoleculeJ.h:77:26: error: ‘template<class floatType> class autopas::MoleculeLJ’ used without template arguments
   77 |         return {autopas::MoleculeLJ::_r.data(), autopas::MoleculeLJ::_r.size()};
      |                          ^~~~~~~~~~
/mnt/c/Users/laura/Documents/BA_SH/AutoPasJulia/AutoPas/examples/md-julia/src/MoleculeJ.h:77:58: error: ‘template<class floatType> class autopas::MoleculeLJ’ used without template arguments
   77 |         return {autopas::MoleculeLJ::_r.data(), autopas::MoleculeLJ::_r.size()};
      |                                                          ^~~~~~~~~~
/mnt/c/Users/laura/Documents/BA_SH/AutoPasJulia/AutoPas/examples/md-julia/src/MoleculeJ.h:77:79: error: could not convert ‘{<expression error>, <expression error>}’ from ‘<brace-enclosed initializer list>’ to ‘jlcxx::ArrayRef<double, 1>’
   77 |         return {autopas::MoleculeLJ::_r.data(), autopas::MoleculeLJ::_r.size()};
      |                                                                               ^
      |                                                                               |
      |                                                                               <brace-enclosed initializer list>
/mnt/c/Users/laura/Documents/BA_SH/AutoPasJulia/AutoPas/examples/md-julia/src/MoleculeJ.h: In member function ‘jlcxx::ArrayRef<double, 1> MoleculeJ<floatType>::getVelocity()’:
/mnt/c/Users/laura/Documents/BA_SH/AutoPasJulia/AutoPas/examples/md-julia/src/MoleculeJ.h:84:17: error: ‘_v’ was not declared in this scope
   84 |         return {_v.data(), _v.size()};
      |                 ^~
/mnt/c/Users/laura/Documents/BA_SH/AutoPasJulia/AutoPas/examples/md-julia/src/MoleculeJ.h:84:37: error: could not convert ‘{<expression error>, <expression error>}’ from ‘<brace-enclosed initializer list>’ to ‘jlcxx::ArrayRef<double, 1>’
   84 |         return {_v.data(), _v.size()};
      |                                     ^
      |                                     |
      |                                     <brace-enclosed initializer list>
/mnt/c/Users/laura/Documents/BA_SH/AutoPasJulia/AutoPas/examples/md-julia/src/MoleculeJ.h: In member function ‘jlcxx::ArrayRef<double, 1> MoleculeJ<floatType>::getForce()’:
/mnt/c/Users/laura/Documents/BA_SH/AutoPasJulia/AutoPas/examples/md-julia/src/MoleculeJ.h:91:17: error: ‘_f’ was not declared in this scope
   91 |         return {_f.data(), _f.size()};
      |                 ^~
/mnt/c/Users/laura/Documents/BA_SH/AutoPasJulia/AutoPas/examples/md-julia/src/MoleculeJ.h:91:37: error: could not convert ‘{<expression error>, <expression error>}’ from ‘<brace-enclosed initializer list>’ to ‘jlcxx::ArrayRef<double, 1>’
   91 |         return {_f.data(), _f.size()};
      |                                     ^
      |                                     |
      |                                     <brace-enclosed initializer list>
/mnt/c/Users/laura/Documents/BA_SH/AutoPasJulia/AutoPas/examples/md-julia/src/MoleculeJ.h: In member function ‘jlcxx::ArrayRef<floatType, 1> MoleculeJ<floatType>::getOldForce()’:
/mnt/c/Users/laura/Documents/BA_SH/AutoPasJulia/AutoPas/examples/md-julia/src/MoleculeJ.h:98:17: error: ‘_oldF’ was not declared in this scope
   98 |         return {_oldF.data(), _oldF.size()};
      |                 ^~~~~
In file included from /mnt/c/Users/laura/Documents/BA_SH/AutoPasJulia/AutoPas/examples/md-julia/src/./bindings/Bindings.h:10,
                 from /mnt/c/Users/laura/Documents/BA_SH/AutoPasJulia/AutoPas/examples/md-julia/src/bindings.cpp:12:
/mnt/c/Users/laura/Documents/BA_SH/AutoPasJulia/AutoPas/examples/md-julia/src/./bindings/ParticleBindings.h: In instantiation of ‘void WrapMoleculeJ::operator()(floatType&&) [with floatType = jlcxx::TypeWrapper<MoleculeJ<double> >]’:
/mnt/c/Users/laura/Documents/test_ordner/libcxxwrap-julia/include/jlcxx/module.hpp:1105:15:   required from ‘int jlcxx::TypeWrapper<T>::apply_internal(FunctorT&&) [with AppliedT = MoleculeJ<double>; FunctorT = WrapMoleculeJ; T = jlcxx::Parametric<jlcxx::TypeVar<1> >]’
/mnt/c/Users/laura/Documents/test_ordner/libcxxwrap-julia/include/jlcxx/module.hpp:1054:63:   required from ‘jlcxx::TypeWrapper<T>& jlcxx::TypeWrapper<T>::apply(FunctorT&&) [with AppliedTypesT = {MoleculeJ<double>}; FunctorT = WrapMoleculeJ; T = jlcxx::Parametric<jlcxx::TypeVar<1> >]’
/mnt/c/Users/laura/Documents/BA_SH/AutoPasJulia/AutoPas/examples/md-julia/src/./bindings/ParticleBindings.h:89:38:   required from here
/mnt/c/Users/laura/Documents/BA_SH/AutoPasJulia/AutoPas/examples/md-julia/src/./bindings/ParticleBindings.h:48:39: error: ‘addVelocit
’ is not a member of ‘WrappedT’ {aka ‘MoleculeJ<double>’}
   48 |         wrapped.method("addVelocity", &WrappedT::addVelocity);
      |                                       ^~~~~~~~~~~~~~~~~~~~~~
In file included from /mnt/c/Users/laura/Documents/BA_SH/AutoPasJulia/AutoPas/examples/md-julia/src/bindings.cpp:10:
/mnt/c/Users/laura/Documents/BA_SH/AutoPasJulia/AutoPas/examples/md-julia/src/MoleculeJ.h: In instantiation of ‘jlcxx::ArrayRef<floatType, 1> MoleculeJ<floatType>::getOldForce() [with floatType = double]’:
/mnt/c/Users/laura/Documents/BA_SH/AutoPasJulia/AutoPas/examples/md-julia/src/./bindings/ParticleBindings.h:43:39:   required from ‘void WrapMoleculeJ::operator()(floatType&&) [with floatType = jlcxx::TypeWrapper<MoleculeJ<double> >]’
/mnt/c/Users/laura/Documents/test_ordner/libcxxwrap-julia/include/jlcxx/module.hpp:1105:15:   required from ‘int jlcxx::TypeWrapper<T>::apply_internal(FunctorT&&) [with AppliedT = MoleculeJ<double>; FunctorT = WrapMoleculeJ; T = jlcxx::Parametric<jlcxx::TypeVar<1> >]’
/mnt/c/Users/laura/Documents/test_ordner/libcxxwrap-julia/include/jlcxx/module.hpp:1054:63:   required from ‘jlcxx::TypeWrapper<T>& jlcxx::TypeWrapper<T>::apply(FunctorT&&) [with AppliedTypesT = {MoleculeJ<double>}; FunctorT = WrapMoleculeJ; T = jlcxx::Parametric<jlcxx::TypeVar<1> >]’
/mnt/c/Users/laura/Documents/BA_SH/AutoPasJulia/AutoPas/examples/md-julia/src/./bindings/ParticleBindings.h:89:38:   required from here
/mnt/c/Users/laura/Documents/BA_SH/AutoPasJulia/AutoPas/examples/md-julia/src/MoleculeJ.h:98:43: error: could not convert ‘{<expression error>, <expression error>}’ from ‘<brace-enclosed initializer list>’ to ‘jlcxx::ArrayRef<double, 1>’
   98 |         return {_oldF.data(), _oldF.size()};
      |                                           ^
      |                                           |
      |                                           <brace-enclosed initializer list>
/mnt/c/Users/laura/Documents/BA_SH/AutoPasJulia/AutoPas/examples/md-julia/src/MoleculeJ.h: In instantiation of ‘void MoleculeJ<floatType>::addPosition(jlcxx::ArrayRef<floatType, 1>) [with floatType = double]’:
/mnt/c/Users/laura/Documents/BA_SH/AutoPasJulia/AutoPas/examples/md-julia/src/./bindings/ParticleBindings.h:47:39:   required from ‘void WrapMoleculeJ::operator()(floatType&&) [with floatType = jlcxx::TypeWrapper<MoleculeJ<double> >]’
/mnt/c/Users/laura/Documents/test_ordner/libcxxwrap-julia/include/jlcxx/module.hpp:1105:15:   required from ‘int jlcxx::TypeWrapper<T>::apply_internal(FunctorT&&) [with AppliedT = MoleculeJ<double>; FunctorT = WrapMoleculeJ; T = jlcxx::Parametric<jlcxx::TypeVar<1> >]’
/mnt/c/Users/laura/Documents/test_ordner/libcxxwrap-julia/include/jlcxx/module.hpp:1054:63:   required from ‘jlcxx::TypeWrapper<T>& jlcxx::TypeWrapper<T>::apply(FunctorT&&) [with AppliedTypesT = {MoleculeJ<double>}; FunctorT = WrapMoleculeJ; T = jlcxx::Parametric<jlcxx::TypeVar<1> >]’
/mnt/c/Users/laura/Documents/BA_SH/AutoPasJulia/AutoPas/examples/md-julia/src/./bindings/ParticleBindings.h:89:38:   required from here
/mnt/c/Users/laura/Documents/BA_SH/AutoPasJulia/AutoPas/examples/md-julia/src/MoleculeJ.h:107:13: error: ‘addR’ was not declared in this scope, and no declarations were found by argument-dependent lookup at the point of instantiation [-fpermissive]
  107 |         addR({pos[0], pos[1], pos[2]});
      |         ~~~~^~~~~~~~~~~~~~~~~~~~~~~~~~
/mnt/c/Users/laura/Documents/BA_SH/AutoPasJulia/AutoPas/examples/md-julia/src/MoleculeJ.h:107:13: note: declarations in dependent base ‘autopas::ParticleBase<double, long unsigned int>’ are not found by unqualified lookup
/mnt/c/Users/laura/Documents/BA_SH/AutoPasJulia/AutoPas/examples/md-julia/src/MoleculeJ.h:107:13: note: use ‘this->addR’ instead
/mnt/c/Users/laura/Documents/BA_SH/AutoPasJulia/AutoPas/examples/md-julia/src/MoleculeJ.h: In instantiation of ‘MoleculeJ<floatType>::MoleculeJ(jlcxx::ArrayRef<floatType, 1>, jlcxx::ArrayRef<floatType, 1>, long unsigned int, long unsigned int) [with floatType = double]’:
/mnt/c/Users/laura/Documents/test_ordner/libcxxwrap-julia/include/jlcxx/module.hpp:123:16:   required from ‘jlcxx::BoxedValue<T> jlcxx::create(ArgsT&& ...) [with T = MoleculeJ<double>; bool finalize = true; ArgsT = {jlcxx::ArrayRef<double, 1>&, jlcxx::ArrayRef<double, 1>&, long unsigned int&, long unsigned int&}]’
/mnt/c/Users/laura/Documents/test_ordner/libcxxwrap-julia/include/jlcxx/module.hpp:562:109:   required from ‘void jlcxx::Module::constructor(jl_datatype_t*, bool) [with T = MoleculeJ<double>; ArgsT = {jlcxx::ArrayRef<double, 1>, jlcxx::ArrayRef<double, 1>, long unsigned int, long unsigned int}; jl_datatype_t = _jl_datatype_t]’
/mnt/c/Users/laura/Documents/test_ordner/libcxxwrap-julia/include/jlcxx/module.hpp:986:40:   required from ‘jlcxx::TypeWrapper<T>& jlcxx::TypeWrapper<T>::constructor(bool) [with ArgsT = {jlcxx::ArrayRef<double, 1>, jlcxx::ArrayRef<double, 1>, long unsigned int, long unsigned int}; T = MoleculeJ<double>]’
/mnt/c/Users/laura/Documents/BA_SH/AutoPasJulia/AutoPas/examples/md-julia/src/./bindings/ParticleBindings.h:30:114:   required from ‘void WrapMoleculeJ::operator()(floatType&&) [with floatType = jlcxx::TypeWrapper<MoleculeJ<double> >]’
/mnt/c/Users/laura/Documents/test_ordner/libcxxwrap-julia/include/jlcxx/module.hpp:1105:15:   required from ‘int jlcxx::TypeWrapper<T>::apply_internal(FunctorT&&) [with AppliedT = MoleculeJ<double>; FunctorT = WrapMoleculeJ; T = jlcxx::Parametric<jlcxx::TypeVar<1> >]’
/mnt/c/Users/laura/Documents/test_ordner/libcxxwrap-julia/include/jlcxx/module.hpp:1054:63:   required from ‘jlcxx::TypeWrapper<T>& jlcxx::TypeWrapper<T>::apply(FunctorT&&) [with AppliedTypesT = {MoleculeJ<double>}; FunctorT = WrapMoleculeJ; T = jlcxx::Parametric<jlcxx::TypeVar<1> >]’
/mnt/c/Users/laura/Documents/BA_SH/AutoPasJulia/AutoPas/examples/md-julia/src/./bindings/ParticleBindings.h:89:38:   required from here
/mnt/c/Users/laura/Documents/BA_SH/AutoPasJulia/AutoPas/examples/md-julia/src/MoleculeJ.h:35:14: error: ‘setID’ was not declared in this scope, and no declarations were found by argument-dependent lookup at the point of instantiation [-fpermissive]
   35 |         setID(moleculeId);
      |         ~~~~~^~~~~~~~~~~~
/mnt/c/Users/laura/Documents/BA_SH/AutoPasJulia/AutoPas/examples/md-julia/src/MoleculeJ.h:35:14: note: declarations in dependent base ‘autopas::ParticleBase<double, long unsigned int>’ are not found by unqualified lookup
/mnt/c/Users/laura/Documents/BA_SH/AutoPasJulia/AutoPas/examples/md-julia/src/MoleculeJ.h:35:14: note: use ‘this->setID’ instead
/mnt/c/Users/laura/Documents/BA_SH/AutoPasJulia/AutoPas/examples/md-julia/src/MoleculeJ.h:36:18: error: ‘setTypeId’ was not declared in this scope, and no declarations were found by argument-dependent lookup at the point of instantiation [-fpermissive]
   36 |         setTypeId(typeId);
      |         ~~~~~~~~~^~~~~~~~
/mnt/c/Users/laura/Documents/BA_SH/AutoPasJulia/AutoPas/examples/md-julia/src/MoleculeJ.h:36:18: note: declarations in dependent base ‘autopas::MoleculeLJ<double>’ are not found by unqualified lookup
/mnt/c/Users/laura/Documents/BA_SH/AutoPasJulia/AutoPas/examples/md-julia/src/MoleculeJ.h:36:18: note: use ‘this->setTypeId’ instead
^Cmake[2]: *** [examples/md-julia/CMakeFiles/julia_bindings.dir/build.make:76: examples/md-julia/CMakeFiles/julia_bindings.dir/src/bindings.cpp.o] Interrupt
make[1]: *** [CMakeFiles/Makefile2:422: examples/md-julia/CMakeFiles/julia_bindings.dir/all] Interrupt
make: *** [Makefile:101: all] Interrupt

lala@DESKTOP-ND6E6A3:/mnt/c/Users/laura/Documents/BA_SH/AutoPasJulia/AutoPas/build$ make >> ../errors.txt
In file included from /mnt/c/Users/laura/Documents/BA_SH/AutoPasJulia/AutoPas/examples/md-julia/src/bindings.cpp:10:
/mnt/c/Users/laura/Documents/BA_SH/AutoPasJulia/AutoPas/examples/md-julia/src/MoleculeJ.h: In constructor ‘MoleculeJ<floatType>::MoleculeJ(jlcxx::ArrayRef<floatType, 1>, jlcxx::ArrayRef<floatType, 1>, long unsigned int, long unsigned int)’:
/mnt/c/Users/laura/Documents/BA_SH/AutoPasJulia/AutoPas/examples/md-julia/src/MoleculeJ.h:35:9: error: there are no arguments to ‘setID’ that depend on a template parameter, so a declaration of ‘setID’ must be available [-fpermissive]
   35 |         setID(moleculeId);
      |         ^~~~~
/mnt/c/Users/laura/Documents/BA_SH/AutoPasJulia/AutoPas/examples/md-julia/src/MoleculeJ.h:35:9: note: (if you use ‘-fpermissive’, G++ will accept your code, but allowing the use of an undeclared name is deprecated)
/mnt/c/Users/laura/Documents/BA_SH/AutoPasJulia/AutoPas/examples/md-julia/src/MoleculeJ.h:36:9: error: there are no arguments to ‘setTypeId’ that depend on a template parameter, so a declaration of ‘setTypeId’ must be available [-fpermissive]
   36 |         setTypeId(typeId);
      |         ^~~~~~~~~
/mnt/c/Users/laura/Documents/BA_SH/AutoPasJulia/AutoPas/examples/md-julia/src/MoleculeJ.h: In member function ‘void MoleculeJ<floatType>::setPosition(jlcxx::ArrayRef<floatType, 1>)’:
/mnt/c/Users/laura/Documents/BA_SH/AutoPasJulia/AutoPas/examples/md-julia/src/MoleculeJ.h:49:34: error: qualified-id in declaration before ‘(’ token
   49 |         autopas::MoleculeLJ::setR({pos[0], pos[1], pos[2]});
      |                                  ^
/mnt/c/Users/laura/Documents/BA_SH/AutoPasJulia/AutoPas/examples/md-julia/src/MoleculeJ.h:49:59: error: expected primary-expression before ‘)’ token
   49 |         autopas::MoleculeLJ::setR({pos[0], pos[1], pos[2]});
      |                                                           ^
/mnt/c/Users/laura/Documents/BA_SH/AutoPasJulia/AutoPas/examples/md-julia/src/MoleculeJ.h: In member function ‘void MoleculeJ<floatType>::setVelocity(jlcxx::ArrayRef<floatType, 1>)’:
/mnt/c/Users/laura/Documents/BA_SH/AutoPasJulia/AutoPas/examples/md-julia/src/MoleculeJ.h:56:34: error: qualified-id in declaration before ‘(’ token
   56 |         autopas::MoleculeLJ::setV({v[0], v[1], v[2]});
      |                                  ^
/mnt/c/Users/laura/Documents/BA_SH/AutoPasJulia/AutoPas/examples/md-julia/src/MoleculeJ.h:56:53: error: expected primary-expression before ‘)’ token
   56 |         autopas::MoleculeLJ::setV({v[0], v[1], v[2]});
      |                                                     ^
/mnt/c/Users/laura/Documents/BA_SH/AutoPasJulia/AutoPas/examples/md-julia/src/MoleculeJ.h: In member function ‘void MoleculeJ<floatType>::setForce(jlcxx::ArrayRef<floatType, 1>)’:
/mnt/c/Users/laura/Documents/BA_SH/AutoPasJulia/AutoPas/examples/md-julia/src/MoleculeJ.h:63:34: error: qualified-id in declaration before ‘(’ token
   63 |         autopas::MoleculeLJ::setF({f[0], f[1], f[2]});
      |                                  ^
/mnt/c/Users/laura/Documents/BA_SH/AutoPasJulia/AutoPas/examples/md-julia/src/MoleculeJ.h:63:53: error: expected primary-expression before ‘)’ token
   63 |         autopas::MoleculeLJ::setF({f[0], f[1], f[2]});
      |                                                     ^
/mnt/c/Users/laura/Documents/BA_SH/AutoPasJulia/AutoPas/examples/md-julia/src/MoleculeJ.h: In member function ‘jlcxx::ArrayRef<double, 1> MoleculeJ<floatType>::getPosition()’:
/mnt/c/Users/laura/Documents/BA_SH/AutoPasJulia/AutoPas/examples/md-julia/src/MoleculeJ.h:77:26: error: ‘template<class floatType> class autopas::MoleculeLJ’ used without template arguments
   77 |         return {autopas::MoleculeLJ::_r.data(), autopas::MoleculeLJ::_r.size()};
      |                          ^~~~~~~~~~
/mnt/c/Users/laura/Documents/BA_SH/AutoPasJulia/AutoPas/examples/md-julia/src/MoleculeJ.h:77:58: error: ‘template<class floatType> class autopas::MoleculeLJ’ used without template arguments
   77 |         return {autopas::MoleculeLJ::_r.data(), autopas::MoleculeLJ::_r.size()};
      |                                                          ^~~~~~~~~~
/mnt/c/Users/laura/Documents/BA_SH/AutoPasJulia/AutoPas/examples/md-julia/src/MoleculeJ.h:77:79: error: could not convert ‘{<expression error>, <expression error>}’ from ‘<brace-enclosed initializer list>’ to ‘jlcxx::ArrayRef<double, 1>’
   77 |         return {autopas::MoleculeLJ::_r.data(), autopas::MoleculeLJ::_r.size()};
      |                                                                               ^
      |                                                                               |
      |                                                                               <brace-enclosed initializer list>
/mnt/c/Users/laura/Documents/BA_SH/AutoPasJulia/AutoPas/examples/md-julia/src/MoleculeJ.h: In member function ‘jlcxx::ArrayRef<double, 1> MoleculeJ<floatType>::getVelocity()’:
/mnt/c/Users/laura/Documents/BA_SH/AutoPasJulia/AutoPas/examples/md-julia/src/MoleculeJ.h:84:17: error: ‘_v’ was not declared in this scope
   84 |         return {_v.data(), _v.size()};
      |                 ^~
/mnt/c/Users/laura/Documents/BA_SH/AutoPasJulia/AutoPas/examples/md-julia/src/MoleculeJ.h:84:37: error: could not convert ‘{<expression error>, <expression error>}’ from ‘<brace-enclosed initializer list>’ to ‘jlcxx::ArrayRef<double, 1>’
   84 |         return {_v.data(), _v.size()};
      |                                     ^
      |                                     |
      |                                     <brace-enclosed initializer list>
/mnt/c/Users/laura/Documents/BA_SH/AutoPasJulia/AutoPas/examples/md-julia/src/MoleculeJ.h: In member function ‘jlcxx::ArrayRef<double, 1> MoleculeJ<floatType>::getForce()’:
/mnt/c/Users/laura/Documents/BA_SH/AutoPasJulia/AutoPas/examples/md-julia/src/MoleculeJ.h:91:17: error: ‘_f’ was not declared in this scope
   91 |         return {_f.data(), _f.size()};
      |                 ^~
/mnt/c/Users/laura/Documents/BA_SH/AutoPasJulia/AutoPas/examples/md-julia/src/MoleculeJ.h:91:37: error: could not convert ‘{<expression error>, <expression error>}’ from ‘<brace-enclosed initializer list>’ to ‘jlcxx::ArrayRef<double, 1>’
   91 |         return {_f.data(), _f.size()};
      |                                     ^
      |                                     |
      |                                     <brace-enclosed initializer list>
/mnt/c/Users/laura/Documents/BA_SH/AutoPasJulia/AutoPas/examples/md-julia/src/MoleculeJ.h: In member function ‘jlcxx::ArrayRef<floatType, 1> MoleculeJ<floatType>::getOldForce()’:
/mnt/c/Users/laura/Documents/BA_SH/AutoPasJulia/AutoPas/examples/md-julia/src/MoleculeJ.h:98:17: error: ‘_oldF’ was not declared in this scope
   98 |         return {_oldF.data(), _oldF.size()};
      |                 ^~~~~
In file included from /mnt/c/Users/laura/Documents/BA_SH/AutoPasJulia/AutoPas/examples/md-julia/src/./bindings/Bindings.h:10,
                 from /mnt/c/Users/laura/Documents/BA_SH/AutoPasJulia/AutoPas/examples/md-julia/src/bindings.cpp:12:
/mnt/c/Users/laura/Documents/BA_SH/AutoPasJulia/AutoPas/examples/md-julia/src/./bindings/ParticleBindings.h: In instantiation of ‘void WrapMoleculeJ::operator()(floatType&&) [with floatType = jlcxx::TypeWrapper<MoleculeJ<double> >]’:
/mnt/c/Users/laura/Documents/test_ordner/libcxxwrap-julia/include/jlcxx/module.hpp:1105:15:   required from ‘int jlcxx::TypeWrapper<T>::apply_internal(FunctorT&&) [with AppliedT = MoleculeJ<double>; FunctorT = WrapMoleculeJ; T = jlcxx::Parametric<jlcxx::TypeVar<1> >]’
/mnt/c/Users/laura/Documents/test_ordner/libcxxwrap-julia/include/jlcxx/module.hpp:1054:63:   required from ‘jlcxx::TypeWrapper<T>& jlcxx::TypeWrapper<T>::apply(FunctorT&&) [with AppliedTypesT = {MoleculeJ<double>}; FunctorT = WrapMoleculeJ; T = jlcxx::Parametric<jlcxx::TypeVar<1> >]’
/mnt/c/Users/laura/Documents/BA_SH/AutoPasJulia/AutoPas/examples/md-julia/src/./bindings/ParticleBindings.h:89:38:   required from here
/mnt/c/Users/laura/Documents/BA_SH/AutoPasJulia/AutoPas/examples/md-julia/src/./bindings/ParticleBindings.h:48:39: error: ‘addVelocit
’ is not a member of ‘WrappedT’ {aka ‘MoleculeJ<double>’}
   48 |         wrapped.method("addVelocity", &WrappedT::addVelocity);
      |                                       ^~~~~~~~~~~~~~~~~~~~~~
In file included from /mnt/c/Users/laura/Documents/BA_SH/AutoPasJulia/AutoPas/examples/md-julia/src/bindings.cpp:10:
/mnt/c/Users/laura/Documents/BA_SH/AutoPasJulia/AutoPas/examples/md-julia/src/MoleculeJ.h: In instantiation of ‘jlcxx::ArrayRef<floatType, 1> MoleculeJ<floatType>::getOldForce() [with floatType = double]’:
/mnt/c/Users/laura/Documents/BA_SH/AutoPasJulia/AutoPas/examples/md-julia/src/./bindings/ParticleBindings.h:43:39:   required from ‘void WrapMoleculeJ::operator()(floatType&&) [with floatType = jlcxx::TypeWrapper<MoleculeJ<double> >]’
/mnt/c/Users/laura/Documents/test_ordner/libcxxwrap-julia/include/jlcxx/module.hpp:1105:15:   required from ‘int jlcxx::TypeWrapper<T>::apply_internal(FunctorT&&) [with AppliedT = MoleculeJ<double>; FunctorT = WrapMoleculeJ; T = jlcxx::Parametric<jlcxx::TypeVar<1> >]’
/mnt/c/Users/laura/Documents/test_ordner/libcxxwrap-julia/include/jlcxx/module.hpp:1054:63:   required from ‘jlcxx::TypeWrapper<T>& jlcxx::TypeWrapper<T>::apply(FunctorT&&) [with AppliedTypesT = {MoleculeJ<double>}; FunctorT = WrapMoleculeJ; T = jlcxx::Parametric<jlcxx::TypeVar<1> >]’
/mnt/c/Users/laura/Documents/BA_SH/AutoPasJulia/AutoPas/examples/md-julia/src/./bindings/ParticleBindings.h:89:38:   required from here
/mnt/c/Users/laura/Documents/BA_SH/AutoPasJulia/AutoPas/examples/md-julia/src/MoleculeJ.h:98:43: error: could not convert ‘{<expression error>, <expression error>}’ from ‘<brace-enclosed initializer list>’ to ‘jlcxx::ArrayRef<double, 1>’
   98 |         return {_oldF.data(), _oldF.size()};
      |                                           ^
      |                                           |
      |                                           <brace-enclosed initializer list>
/mnt/c/Users/laura/Documents/BA_SH/AutoPasJulia/AutoPas/examples/md-julia/src/MoleculeJ.h: In instantiation of ‘void MoleculeJ<floatType>::addPosition(jlcxx::ArrayRef<floatType, 1>) [with floatType = double]’:
/mnt/c/Users/laura/Documents/BA_SH/AutoPasJulia/AutoPas/examples/md-julia/src/./bindings/ParticleBindings.h:47:39:   required from ‘void WrapMoleculeJ::operator()(floatType&&) [with floatType = jlcxx::TypeWrapper<MoleculeJ<double> >]’
/mnt/c/Users/laura/Documents/test_ordner/libcxxwrap-julia/include/jlcxx/module.hpp:1105:15:   required from ‘int jlcxx::TypeWrapper<T>::apply_internal(FunctorT&&) [with AppliedT = MoleculeJ<double>; FunctorT = WrapMoleculeJ; T = jlcxx::Parametric<jlcxx::TypeVar<1> >]’
/mnt/c/Users/laura/Documents/test_ordner/libcxxwrap-julia/include/jlcxx/module.hpp:1054:63:   required from ‘jlcxx::TypeWrapper<T>& jlcxx::TypeWrapper<T>::apply(FunctorT&&) [with AppliedTypesT = {MoleculeJ<double>}; FunctorT = WrapMoleculeJ; T = jlcxx::Parametric<jlcxx::TypeVar<1> >]’
/mnt/c/Users/laura/Documents/BA_SH/AutoPasJulia/AutoPas/examples/md-julia/src/./bindings/ParticleBindings.h:89:38:   required from here
/mnt/c/Users/laura/Documents/BA_SH/AutoPasJulia/AutoPas/examples/md-julia/src/MoleculeJ.h:107:13: error: ‘addR’ was not declared in this scope, and no declarations were found by argument-dependent lookup at the point of instantiation [-fpermissive]
  107 |         addR({pos[0], pos[1], pos[2]});
      |         ~~~~^~~~~~~~~~~~~~~~~~~~~~~~~~
/mnt/c/Users/laura/Documents/BA_SH/AutoPasJulia/AutoPas/examples/md-julia/src/MoleculeJ.h:107:13: note: declarations in dependent base ‘autopas::ParticleBase<double, long unsigned int>’ are not found by unqualified lookup
/mnt/c/Users/laura/Documents/BA_SH/AutoPasJulia/AutoPas/examples/md-julia/src/MoleculeJ.h:107:13: note: use ‘this->addR’ instead
/mnt/c/Users/laura/Documents/BA_SH/AutoPasJulia/AutoPas/examples/md-julia/src/MoleculeJ.h: In instantiation of ‘MoleculeJ<floatType>::MoleculeJ(jlcxx::ArrayRef<floatType, 1>, jlcxx::ArrayRef<floatType, 1>, long unsigned int, long unsigned int) [with floatType = double]’:
/mnt/c/Users/laura/Documents/test_ordner/libcxxwrap-julia/include/jlcxx/module.hpp:123:16:   required from ‘jlcxx::BoxedValue<T> jlcxx::create(ArgsT&& ...) [with T = MoleculeJ<double>; bool finalize = true; ArgsT = {jlcxx::ArrayRef<double, 1>&, jlcxx::ArrayRef<double, 1>&, long unsigned int&, long unsigned int&}]’
/mnt/c/Users/laura/Documents/test_ordner/libcxxwrap-julia/include/jlcxx/module.hpp:562:109:   required from ‘void jlcxx::Module::constructor(jl_datatype_t*, bool) [with T = MoleculeJ<double>; ArgsT = {jlcxx::ArrayRef<double, 1>, jlcxx::ArrayRef<double, 1>, long unsigned int, long unsigned int}; jl_datatype_t = _jl_datatype_t]’
/mnt/c/Users/laura/Documents/test_ordner/libcxxwrap-julia/include/jlcxx/module.hpp:986:40:   required from ‘jlcxx::TypeWrapper<T>& jlcxx::TypeWrapper<T>::constructor(bool) [with ArgsT = {jlcxx::ArrayRef<double, 1>, jlcxx::ArrayRef<double, 1>, long unsigned int, long unsigned int}; T = MoleculeJ<double>]’
/mnt/c/Users/laura/Documents/BA_SH/AutoPasJulia/AutoPas/examples/md-julia/src/./bindings/ParticleBindings.h:30:114:   required from ‘void WrapMoleculeJ::operator()(floatType&&) [with floatType = jlcxx::TypeWrapper<MoleculeJ<double> >]’
/mnt/c/Users/laura/Documents/test_ordner/libcxxwrap-julia/include/jlcxx/module.hpp:1105:15:   required from ‘int jlcxx::TypeWrapper<T>::apply_internal(FunctorT&&) [with AppliedT = MoleculeJ<double>; FunctorT = WrapMoleculeJ; T = jlcxx::Parametric<jlcxx::TypeVar<1> >]’
/mnt/c/Users/laura/Documents/test_ordner/libcxxwrap-julia/include/jlcxx/module.hpp:1054:63:   required from ‘jlcxx::TypeWrapper<T>& jlcxx::TypeWrapper<T>::apply(FunctorT&&) [with AppliedTypesT = {MoleculeJ<double>}; FunctorT = WrapMoleculeJ; T = jlcxx::Parametric<jlcxx::TypeVar<1> >]’
/mnt/c/Users/laura/Documents/BA_SH/AutoPasJulia/AutoPas/examples/md-julia/src/./bindings/ParticleBindings.h:89:38:   required from here
/mnt/c/Users/laura/Documents/BA_SH/AutoPasJulia/AutoPas/examples/md-julia/src/MoleculeJ.h:35:14: error: ‘setID’ was not declared in this scope, and no declarations were found by argument-dependent lookup at the point of instantiation [-fpermissive]
   35 |         setID(moleculeId);
      |         ~~~~~^~~~~~~~~~~~
/mnt/c/Users/laura/Documents/BA_SH/AutoPasJulia/AutoPas/examples/md-julia/src/MoleculeJ.h:35:14: note: declarations in dependent base ‘autopas::ParticleBase<double, long unsigned int>’ are not found by unqualified lookup
/mnt/c/Users/laura/Documents/BA_SH/AutoPasJulia/AutoPas/examples/md-julia/src/MoleculeJ.h:35:14: note: use ‘this->setID’ instead
/mnt/c/Users/laura/Documents/BA_SH/AutoPasJulia/AutoPas/examples/md-julia/src/MoleculeJ.h:36:18: error: ‘setTypeId’ was not declared in this scope, and no declarations were found by argument-dependent lookup at the point of instantiation [-fpermissive]
   36 |         setTypeId(typeId);
      |         ~~~~~~~~~^~~~~~~~
/mnt/c/Users/laura/Documents/BA_SH/AutoPasJulia/AutoPas/examples/md-julia/src/MoleculeJ.h:36:18: note: declarations in dependent base ‘autopas::MoleculeLJ<double>’ are not found by unqualified lookup
/mnt/c/Users/laura/Documents/BA_SH/AutoPasJulia/AutoPas/examples/md-julia/src/MoleculeJ.h:36:18: note: use ‘this->setTypeId’ instead
In file included from /mnt/c/Users/laura/Documents/BA_SH/AutoPasJulia/AutoPas/src/autopas/containers/verletListsCellBased/varVerletLists/neighborLists/asBuild/VerletNeighborListAsBuild.h:9,
                 from /mnt/c/Users/laura/Documents/BA_SH/AutoPasJulia/AutoPas/src/autopas/containers/verletListsCellBased/varVerletLists/traversals/VVLAsBuildTraversal.h:10,
                 from /mnt/c/Users/laura/Documents/BA_SH/AutoPasJulia/AutoPas/src/autopas/selectors/TraversalSelector.h:33,
                 from /mnt/c/Users/laura/Documents/BA_SH/AutoPasJulia/AutoPas/src/autopas/containers/verletListsCellBased/verletListsCells/VerletListsCells.h:20,
                 from /mnt/c/Users/laura/Documents/BA_SH/AutoPasJulia/AutoPas/src/autopas/utils/StaticContainerSelector.h:18,
                 from /mnt/c/Users/laura/Documents/BA_SH/AutoPasJulia/AutoPas/src/autopas/AutoPasDecl.h:26,
                 from /mnt/c/Users/laura/Documents/BA_SH/AutoPasJulia/AutoPas/src/autopas/AutoPas.h:9,
                 from /mnt/c/Users/laura/Documents/BA_SH/AutoPasJulia/AutoPas/examples/md-julia/src/bindings.cpp:8:
/mnt/c/Users/laura/Documents/BA_SH/AutoPasJulia/AutoPas/src/autopas/containers/verletListsCellBased/varVerletLists/neighborLists/asBuild/AsBuildPairGeneratorFunctor.h: In instantiation of ‘void autopas::internal::AsBuildPairGeneratorFunctor<Particle, callCheckInstead>::SoAFunctorSingle(autopas::SoAView<typename Particle::SoAArraysType>, bool) [with Particle = MoleculeJ<double>; bool callCheckInstead = true; typename Particle::SoAArraysType = std::tuple<std::vector<autopas::MoleculeLJ<double>*, autopas::AlignedAllocator<autopas::MoleculeLJ<double>*, 64> >, std::vector<long unsigned int, autopas::AlignedAllocator<long unsigned int, 64> >, std::vector<double, autopas::AlignedAllocator<double, 64> >, std::vector<double, autopas::AlignedAllocator<double, 64> >, std::vector<double, autopas::AlignedAllocator<double, 64> >, std::vector<double, autopas::AlignedAllocator<double, 64> >, std::vector<double, autopas::AlignedAllocator<double, 64> >, std::vector<double, autopas::AlignedAllocator<double, 64> >, std::vector<double, autopas::AlignedAllocator<double, 64> >, std::vector<double, autopas::AlignedAllocator<double, 64> >, std::vector<double, autopas::AlignedAllocator<double, 64> >, std::vector<double, autopas::AlignedAllocator<double, 64> >, std::vector<double, autopas::AlignedAllocator<double, 64> >, std::vector<double, autopas::AlignedAllocator<double, 64> >, std::vector<long unsigned int, autopas::AlignedAllocator<long unsigned int, 64> >, std::vector<autopas::OwnershipState, autopas::AlignedAllocator<autopas::OwnershipState, 64> > >]’:
/mnt/c/Users/laura/Documents/BA_SH/AutoPasJulia/AutoPas/src/autopas/containers/verletListsCellBased/varVerletLists/neighborLists/asBuild/AsBuildPairGeneratorFunctor.h:97:8:   required from here
/mnt/c/Users/laura/Documents/BA_SH/AutoPasJulia/AutoPas/src/autopas/containers/verletListsCellBased/varVerletLists/neighborLists/asBuild/AsBuildPairGeneratorFunctor.h:119:31: error: invalid conversion from ‘autopas::MoleculeLJ<double>*’ to ‘MoleculeJ<double>*’ [-fpermissive]
  119 |           _list.addPair(ptrptr[i], ptrptr[j]);
      |                         ~~~~~~^
      |                               |
      |                               autopas::MoleculeLJ<double>*
In file included from /mnt/c/Users/laura/Documents/BA_SH/AutoPasJulia/AutoPas/src/autopas/containers/verletListsCellBased/varVerletLists/traversals/VVLAsBuildTraversal.h:10,
                 from /mnt/c/Users/laura/Documents/BA_SH/AutoPasJulia/AutoPas/src/autopas/selectors/TraversalSelector.h:33,
                 from /mnt/c/Users/laura/Documents/BA_SH/AutoPasJulia/AutoPas/src/autopas/containers/verletListsCellBased/verletListsCells/VerletListsCells.h:20,
                 from /mnt/c/Users/laura/Documents/BA_SH/AutoPasJulia/AutoPas/src/autopas/utils/StaticContainerSelector.h:18,
                 from /mnt/c/Users/laura/Documents/BA_SH/AutoPasJulia/AutoPas/src/autopas/AutoPasDecl.h:26,
                 from /mnt/c/Users/laura/Documents/BA_SH/AutoPasJulia/AutoPas/src/autopas/AutoPas.h:9,
                 from /mnt/c/Users/laura/Documents/BA_SH/AutoPasJulia/AutoPas/examples/md-julia/src/bindings.cpp:8:
/mnt/c/Users/laura/Documents/BA_SH/AutoPasJulia/AutoPas/src/autopas/containers/verletListsCellBased/varVerletLists/neighborLists/asBuild/VerletNeighborListAsBuild.h:244:26: note:   initializing argument 1 of ‘void autopas::VerletNeighborListAsBuild<Particle>::addPair(Particle*, Particle*) [with Particle = MoleculeJ<double>]’
  244 |   void addPair(Particle *first, Particle *second) {
      |                ~~~~~~~~~~^~~~~
In file included from /mnt/c/Users/laura/Documents/BA_SH/AutoPasJulia/AutoPas/src/autopas/containers/verletListsCellBased/varVerletLists/neighborLists/asBuild/VerletNeighborListAsBuild.h:9,
                 from /mnt/c/Users/laura/Documents/BA_SH/AutoPasJulia/AutoPas/src/autopas/containers/verletListsCellBased/varVerletLists/traversals/VVLAsBuildTraversal.h:10,
                 from /mnt/c/Users/laura/Documents/BA_SH/AutoPasJulia/AutoPas/src/autopas/selectors/TraversalSelector.h:33,
                 from /mnt/c/Users/laura/Documents/BA_SH/AutoPasJulia/AutoPas/src/autopas/containers/verletListsCellBased/verletListsCells/VerletListsCells.h:20,
                 from /mnt/c/Users/laura/Documents/BA_SH/AutoPasJulia/AutoPas/src/autopas/utils/StaticContainerSelector.h:18,
                 from /mnt/c/Users/laura/Documents/BA_SH/AutoPasJulia/AutoPas/src/autopas/AutoPasDecl.h:26,
                 from /mnt/c/Users/laura/Documents/BA_SH/AutoPasJulia/AutoPas/src/autopas/AutoPas.h:9,
                 from /mnt/c/Users/laura/Documents/BA_SH/AutoPasJulia/AutoPas/examples/md-julia/src/bindings.cpp:8:
/mnt/c/Users/laura/Documents/BA_SH/AutoPasJulia/AutoPas/src/autopas/containers/verletListsCellBased/varVerletLists/neighborLists/asBuild/AsBuildPairGeneratorFunctor.h:119:42: error: invalid conversion from ‘autopas::MoleculeLJ<double>*’ to ‘MoleculeJ<double>*’ [-fpermissive]
  119 |           _list.addPair(ptrptr[i], ptrptr[j]);
      |                                    ~~~~~~^
      |                                          |
      |                                          autopas::MoleculeLJ<double>*
In file included from /mnt/c/Users/laura/Documents/BA_SH/AutoPasJulia/AutoPas/src/autopas/containers/verletListsCellBased/varVerletLists/traversals/VVLAsBuildTraversal.h:10,
                 from /mnt/c/Users/laura/Documents/BA_SH/AutoPasJulia/AutoPas/src/autopas/selectors/TraversalSelector.h:33,
                 from /mnt/c/Users/laura/Documents/BA_SH/AutoPasJulia/AutoPas/src/autopas/containers/verletListsCellBased/verletListsCells/VerletListsCells.h:20,
                 from /mnt/c/Users/laura/Documents/BA_SH/AutoPasJulia/AutoPas/src/autopas/utils/StaticContainerSelector.h:18,
                 from /mnt/c/Users/laura/Documents/BA_SH/AutoPasJulia/AutoPas/src/autopas/AutoPasDecl.h:26,
                 from /mnt/c/Users/laura/Documents/BA_SH/AutoPasJulia/AutoPas/src/autopas/AutoPas.h:9,
                 from /mnt/c/Users/laura/Documents/BA_SH/AutoPasJulia/AutoPas/examples/md-julia/src/bindings.cpp:8:
/mnt/c/Users/laura/Documents/BA_SH/AutoPasJulia/AutoPas/src/autopas/containers/verletListsCellBased/varVerletLists/neighborLists/asBuild/VerletNeighborListAsBuild.h:244:43: note:   initializing argument 2 of ‘void autopas::VerletNeighborListAsBuild<Particle>::addPair(Particle*, Particle*) [with Particle = MoleculeJ<double>]’
  244 |   void addPair(Particle *first, Particle *second) {
      |                                 ~~~~~~~~~~^~~~~~
In file included from /mnt/c/Users/laura/Documents/BA_SH/AutoPasJulia/AutoPas/src/autopas/containers/verletListsCellBased/varVerletLists/neighborLists/asBuild/VerletNeighborListAsBuild.h:9,
                 from /mnt/c/Users/laura/Documents/BA_SH/AutoPasJulia/AutoPas/src/autopas/containers/verletListsCellBased/varVerletLists/traversals/VVLAsBuildTraversal.h:10,
                 from /mnt/c/Users/laura/Documents/BA_SH/AutoPasJulia/AutoPas/src/autopas/selectors/TraversalSelector.h:33,
                 from /mnt/c/Users/laura/Documents/BA_SH/AutoPasJulia/AutoPas/src/autopas/containers/verletListsCellBased/verletListsCells/VerletListsCells.h:20,
                 from /mnt/c/Users/laura/Documents/BA_SH/AutoPasJulia/AutoPas/src/autopas/utils/StaticContainerSelector.h:18,
                 from /mnt/c/Users/laura/Documents/BA_SH/AutoPasJulia/AutoPas/src/autopas/AutoPasDecl.h:26,
                 from /mnt/c/Users/laura/Documents/BA_SH/AutoPasJulia/AutoPas/src/autopas/AutoPas.h:9,
                 from /mnt/c/Users/laura/Documents/BA_SH/AutoPasJulia/AutoPas/examples/md-julia/src/bindings.cpp:8:
/mnt/c/Users/laura/Documents/BA_SH/AutoPasJulia/AutoPas/src/autopas/containers/verletListsCellBased/varVerletLists/neighborLists/asBuild/AsBuildPairGeneratorFunctor.h:121:33: error: invalid conversion from ‘autopas::MoleculeLJ<double>*’ to ‘MoleculeJ<double>*’ [-fpermissive]
  121 |             _list.addPair(ptrptr[j], ptrptr[i]);
      |                           ~~~~~~^
      |                                 |
      |                                 autopas::MoleculeLJ<double>*
In file included from /mnt/c/Users/laura/Documents/BA_SH/AutoPasJulia/AutoPas/src/autopas/containers/verletListsCellBased/varVerletLists/traversals/VVLAsBuildTraversal.h:10,
                 from /mnt/c/Users/laura/Documents/BA_SH/AutoPasJulia/AutoPas/src/autopas/selectors/TraversalSelector.h:33,
                 from /mnt/c/Users/laura/Documents/BA_SH/AutoPasJulia/AutoPas/src/autopas/containers/verletListsCellBased/verletListsCells/VerletListsCells.h:20,
                 from /mnt/c/Users/laura/Documents/BA_SH/AutoPasJulia/AutoPas/src/autopas/utils/StaticContainerSelector.h:18,
                 from /mnt/c/Users/laura/Documents/BA_SH/AutoPasJulia/AutoPas/src/autopas/AutoPasDecl.h:26,
                 from /mnt/c/Users/laura/Documents/BA_SH/AutoPasJulia/AutoPas/src/autopas/AutoPas.h:9,
                 from /mnt/c/Users/laura/Documents/BA_SH/AutoPasJulia/AutoPas/examples/md-julia/src/bindings.cpp:8:
/mnt/c/Users/laura/Documents/BA_SH/AutoPasJulia/AutoPas/src/autopas/containers/verletListsCellBased/varVerletLists/neighborLists/asBuild/VerletNeighborListAsBuild.h:244:26: note:   initializing argument 1 of ‘void autopas::VerletNeighborListAsBuild<Particle>::addPair(Particle*, Particle*) [with Particle = MoleculeJ<double>]’
  244 |   void addPair(Particle *first, Particle *second) {
      |                ~~~~~~~~~~^~~~~
In file included from /mnt/c/Users/laura/Documents/BA_SH/AutoPasJulia/AutoPas/src/autopas/containers/verletListsCellBased/varVerletLists/neighborLists/asBuild/VerletNeighborListAsBuild.h:9,
                 from /mnt/c/Users/laura/Documents/BA_SH/AutoPasJulia/AutoPas/src/autopas/containers/verletListsCellBased/varVerletLists/traversals/VVLAsBuildTraversal.h:10,
                 from /mnt/c/Users/laura/Documents/BA_SH/AutoPasJulia/AutoPas/src/autopas/selectors/TraversalSelector.h:33,
                 from /mnt/c/Users/laura/Documents/BA_SH/AutoPasJulia/AutoPas/src/autopas/containers/verletListsCellBased/verletListsCells/VerletListsCells.h:20,
                 from /mnt/c/Users/laura/Documents/BA_SH/AutoPasJulia/AutoPas/src/autopas/utils/StaticContainerSelector.h:18,
                 from /mnt/c/Users/laura/Documents/BA_SH/AutoPasJulia/AutoPas/src/autopas/AutoPasDecl.h:26,
                 from /mnt/c/Users/laura/Documents/BA_SH/AutoPasJulia/AutoPas/src/autopas/AutoPas.h:9,
                 from /mnt/c/Users/laura/Documents/BA_SH/AutoPasJulia/AutoPas/examples/md-julia/src/bindings.cpp:8:
/mnt/c/Users/laura/Documents/BA_SH/AutoPasJulia/AutoPas/src/autopas/containers/verletListsCellBased/varVerletLists/neighborLists/asBuild/AsBuildPairGeneratorFunctor.h:121:44: error: invalid conversion from ‘autopas::MoleculeLJ<double>*’ to ‘MoleculeJ<double>*’ [-fpermissive]
  121 |             _list.addPair(ptrptr[j], ptrptr[i]);
      |                                      ~~~~~~^
      |                                            |
      |                                            autopas::MoleculeLJ<double>*
In file included from /mnt/c/Users/laura/Documents/BA_SH/AutoPasJulia/AutoPas/src/autopas/containers/verletListsCellBased/varVerletLists/traversals/VVLAsBuildTraversal.h:10,
                 from /mnt/c/Users/laura/Documents/BA_SH/AutoPasJulia/AutoPas/src/autopas/selectors/TraversalSelector.h:33,
                 from /mnt/c/Users/laura/Documents/BA_SH/AutoPasJulia/AutoPas/src/autopas/containers/verletListsCellBased/verletListsCells/VerletListsCells.h:20,
                 from /mnt/c/Users/laura/Documents/BA_SH/AutoPasJulia/AutoPas/src/autopas/utils/StaticContainerSelector.h:18,
                 from /mnt/c/Users/laura/Documents/BA_SH/AutoPasJulia/AutoPas/src/autopas/AutoPasDecl.h:26,
                 from /mnt/c/Users/laura/Documents/BA_SH/AutoPasJulia/AutoPas/src/autopas/AutoPas.h:9,
                 from /mnt/c/Users/laura/Documents/BA_SH/AutoPasJulia/AutoPas/examples/md-julia/src/bindings.cpp:8:
/mnt/c/Users/laura/Documents/BA_SH/AutoPasJulia/AutoPas/src/autopas/containers/verletListsCellBased/varVerletLists/neighborLists/asBuild/VerletNeighborListAsBuild.h:244:43: note:   initializing argument 2 of ‘void autopas::VerletNeighborListAsBuild<Particle>::addPair(Particle*, Particle*) [with Particle = MoleculeJ<double>]’
  244 |   void addPair(Particle *first, Particle *second) {
      |                                 ~~~~~~~~~~^~~~~~
In file included from /mnt/c/Users/laura/Documents/BA_SH/AutoPasJulia/AutoPas/src/autopas/containers/verletListsCellBased/varVerletLists/neighborLists/asBuild/VerletNeighborListAsBuild.h:9,
                 from /mnt/c/Users/laura/Documents/BA_SH/AutoPasJulia/AutoPas/src/autopas/containers/verletListsCellBased/varVerletLists/traversals/VVLAsBuildTraversal.h:10,
                 from /mnt/c/Users/laura/Documents/BA_SH/AutoPasJulia/AutoPas/src/autopas/selectors/TraversalSelector.h:33,
                 from /mnt/c/Users/laura/Documents/BA_SH/AutoPasJulia/AutoPas/src/autopas/containers/verletListsCellBased/verletListsCells/VerletListsCells.h:20,
                 from /mnt/c/Users/laura/Documents/BA_SH/AutoPasJulia/AutoPas/src/autopas/utils/StaticContainerSelector.h:18,
                 from /mnt/c/Users/laura/Documents/BA_SH/AutoPasJulia/AutoPas/src/autopas/AutoPasDecl.h:26,
                 from /mnt/c/Users/laura/Documents/BA_SH/AutoPasJulia/AutoPas/src/autopas/AutoPas.h:9,
                 from /mnt/c/Users/laura/Documents/BA_SH/AutoPasJulia/AutoPas/examples/md-julia/src/bindings.cpp:8:
/mnt/c/Users/laura/Documents/BA_SH/AutoPasJulia/AutoPas/src/autopas/containers/verletListsCellBased/varVerletLists/neighborLists/asBuild/AsBuildPairGeneratorFunctor.h: In instantiation of ‘void autopas::internal::AsBuildPairGeneratorFunctor<Particle, callCheckInstead>::SoAFunctorPair(autopas::SoAView<typename Particle::SoAArraysType>, autopas::SoAView<typename Particle::SoAArraysType>, bool) [with Particle = MoleculeJ<double>; bool callCheckInstead = true; typename Particle::SoAArraysType = std::tuple<std::vector<autopas::MoleculeLJ<double>*, autopas::AlignedAllocator<autopas::MoleculeLJ<double>*, 64> >, std::vector<long unsigned int, autopas::AlignedAllocator<long unsigned int, 64> >, std::vector<double, autopas::AlignedAllocator<double, 64> >, std::vector<double, autopas::AlignedAllocator<double, 64> >, std::vector<double, autopas::AlignedAllocator<double, 64> >, std::vector<double, autopas::AlignedAllocator<double, 64> >, std::vector<double, autopas::AlignedAllocator<double, 64> >, std::vector<double, autopas::AlignedAllocator<double, 64> >, std::vector<double, autopas::AlignedAllocator<double, 64> >, std::vector<double, autopas::AlignedAllocator<double, 64> >, std::vector<double, autopas::AlignedAllocator<double, 64> >, std::vector<double, autopas::AlignedAllocator<double, 64> >, std::vector<double, autopas::AlignedAllocator<double, 64> >, std::vector<double, autopas::AlignedAllocator<double, 64> >, std::vector<long unsigned int, autopas::AlignedAllocator<long unsigned int, 64> >, std::vector<autopas::OwnershipState, autopas::AlignedAllocator<autopas::OwnershipState, 64> > >]’:
/mnt/c/Users/laura/Documents/BA_SH/AutoPasJulia/AutoPas/src/autopas/containers/verletListsCellBased/varVerletLists/neighborLists/asBuild/AsBuildPairGeneratorFunctor.h:133:8:   required from here
/mnt/c/Users/laura/Documents/BA_SH/AutoPasJulia/AutoPas/src/autopas/containers/verletListsCellBased/varVerletLists/neighborLists/asBuild/AsBuildPairGeneratorFunctor.h:161:32: error: invalid conversion from ‘autopas::MoleculeLJ<double>*’ to ‘MoleculeJ<double>*’ [-fpermissive]
  161 |           _list.addPair(ptrptr1[i], ptrptr2[j]);
      |                         ~~~~~~~^
      |                                |
      |                                autopas::MoleculeLJ<double>*
In file included from /mnt/c/Users/laura/Documents/BA_SH/AutoPasJulia/AutoPas/src/autopas/containers/verletListsCellBased/varVerletLists/traversals/VVLAsBuildTraversal.h:10,
                 from /mnt/c/Users/laura/Documents/BA_SH/AutoPasJulia/AutoPas/src/autopas/selectors/TraversalSelector.h:33,
                 from /mnt/c/Users/laura/Documents/BA_SH/AutoPasJulia/AutoPas/src/autopas/containers/verletListsCellBased/verletListsCells/VerletListsCells.h:20,
                 from /mnt/c/Users/laura/Documents/BA_SH/AutoPasJulia/AutoPas/src/autopas/utils/StaticContainerSelector.h:18,
                 from /mnt/c/Users/laura/Documents/BA_SH/AutoPasJulia/AutoPas/src/autopas/AutoPasDecl.h:26,
                 from /mnt/c/Users/laura/Documents/BA_SH/AutoPasJulia/AutoPas/src/autopas/AutoPas.h:9,
                 from /mnt/c/Users/laura/Documents/BA_SH/AutoPasJulia/AutoPas/examples/md-julia/src/bindings.cpp:8:
/mnt/c/Users/laura/Documents/BA_SH/AutoPasJulia/AutoPas/src/autopas/containers/verletListsCellBased/varVerletLists/neighborLists/asBuild/VerletNeighborListAsBuild.h:244:26: note:   initializing argument 1 of ‘void autopas::VerletNeighborListAsBuild<Particle>::addPair(Particle*, Particle*) [with Particle = MoleculeJ<double>]’
  244 |   void addPair(Particle *first, Particle *second) {
      |                ~~~~~~~~~~^~~~~
In file included from /mnt/c/Users/laura/Documents/BA_SH/AutoPasJulia/AutoPas/src/autopas/containers/verletListsCellBased/varVerletLists/neighborLists/asBuild/VerletNeighborListAsBuild.h:9,
                 from /mnt/c/Users/laura/Documents/BA_SH/AutoPasJulia/AutoPas/src/autopas/containers/verletListsCellBased/varVerletLists/traversals/VVLAsBuildTraversal.h:10,
                 from /mnt/c/Users/laura/Documents/BA_SH/AutoPasJulia/AutoPas/src/autopas/selectors/TraversalSelector.h:33,
                 from /mnt/c/Users/laura/Documents/BA_SH/AutoPasJulia/AutoPas/src/autopas/containers/verletListsCellBased/verletListsCells/VerletListsCells.h:20,
                 from /mnt/c/Users/laura/Documents/BA_SH/AutoPasJulia/AutoPas/src/autopas/utils/StaticContainerSelector.h:18,
                 from /mnt/c/Users/laura/Documents/BA_SH/AutoPasJulia/AutoPas/src/autopas/AutoPasDecl.h:26,
                 from /mnt/c/Users/laura/Documents/BA_SH/AutoPasJulia/AutoPas/src/autopas/AutoPas.h:9,
                 from /mnt/c/Users/laura/Documents/BA_SH/AutoPasJulia/AutoPas/examples/md-julia/src/bindings.cpp:8:
/mnt/c/Users/laura/Documents/BA_SH/AutoPasJulia/AutoPas/src/autopas/containers/verletListsCellBased/varVerletLists/neighborLists/asBuild/AsBuildPairGeneratorFunctor.h:161:44: error: invalid conversion from ‘autopas::MoleculeLJ<double>*’ to ‘MoleculeJ<double>*’ [-fpermissive]
  161 |           _list.addPair(ptrptr1[i], ptrptr2[j]);
      |                                     ~~~~~~~^
      |                                            |
      |                                            autopas::MoleculeLJ<double>*
In file included from /mnt/c/Users/laura/Documents/BA_SH/AutoPasJulia/AutoPas/src/autopas/containers/verletListsCellBased/varVerletLists/traversals/VVLAsBuildTraversal.h:10,
                 from /mnt/c/Users/laura/Documents/BA_SH/AutoPasJulia/AutoPas/src/autopas/selectors/TraversalSelector.h:33,
                 from /mnt/c/Users/laura/Documents/BA_SH/AutoPasJulia/AutoPas/src/autopas/containers/verletListsCellBased/verletListsCells/VerletListsCells.h:20,
                 from /mnt/c/Users/laura/Documents/BA_SH/AutoPasJulia/AutoPas/src/autopas/utils/StaticContainerSelector.h:18,
                 from /mnt/c/Users/laura/Documents/BA_SH/AutoPasJulia/AutoPas/src/autopas/AutoPasDecl.h:26,
                 from /mnt/c/Users/laura/Documents/BA_SH/AutoPasJulia/AutoPas/src/autopas/AutoPas.h:9,
                 from /mnt/c/Users/laura/Documents/BA_SH/AutoPasJulia/AutoPas/examples/md-julia/src/bindings.cpp:8:
/mnt/c/Users/laura/Documents/BA_SH/AutoPasJulia/AutoPas/src/autopas/containers/verletListsCellBased/varVerletLists/neighborLists/asBuild/VerletNeighborListAsBuild.h:244:43: note:   initializing argument 2 of ‘void autopas::VerletNeighborListAsBuild<Particle>::addPair(Particle*, Particle*) [with Particle = MoleculeJ<double>]’
  244 |   void addPair(Particle *first, Particle *second) {
      |                                 ~~~~~~~~~~^~~~~~
In file included from /mnt/c/Users/laura/Documents/BA_SH/AutoPasJulia/AutoPas/src/autopas/containers/verletListsCellBased/varVerletLists/neighborLists/asBuild/VerletNeighborListAsBuild.h:9,
                 from /mnt/c/Users/laura/Documents/BA_SH/AutoPasJulia/AutoPas/src/autopas/containers/verletListsCellBased/varVerletLists/traversals/VVLAsBuildTraversal.h:10,
                 from /mnt/c/Users/laura/Documents/BA_SH/AutoPasJulia/AutoPas/src/autopas/selectors/TraversalSelector.h:33,
                 from /mnt/c/Users/laura/Documents/BA_SH/AutoPasJulia/AutoPas/src/autopas/containers/verletListsCellBased/verletListsCells/VerletListsCells.h:20,
                 from /mnt/c/Users/laura/Documents/BA_SH/AutoPasJulia/AutoPas/src/autopas/utils/StaticContainerSelector.h:18,
                 from /mnt/c/Users/laura/Documents/BA_SH/AutoPasJulia/AutoPas/src/autopas/AutoPasDecl.h:26,
                 from /mnt/c/Users/laura/Documents/BA_SH/AutoPasJulia/AutoPas/src/autopas/AutoPas.h:9,
                 from /mnt/c/Users/laura/Documents/BA_SH/AutoPasJulia/AutoPas/examples/md-julia/src/bindings.cpp:8:
/mnt/c/Users/laura/Documents/BA_SH/AutoPasJulia/AutoPas/src/autopas/containers/verletListsCellBased/varVerletLists/neighborLists/asBuild/AsBuildPairGeneratorFunctor.h: In instantiation of ‘void autopas::internal::AsBuildPairGeneratorFunctor<Particle, callCheckInstead>::SoAFunctorSingle(autopas::SoAView<typename Particle::SoAArraysType>, bool) [with Particle = MoleculeJ<double>; bool callCheckInstead = false; typename Particle::SoAArraysType = std::tuple<std::vector<autopas::MoleculeLJ<double>*, autopas::AlignedAllocator<autopas::MoleculeLJ<double>*, 64> >, std::vector<long unsigned int, autopas::AlignedAllocator<long unsigned int, 64> >, std::vector<double, autopas::AlignedAllocator<double, 64> >, std::vector<double, autopas::AlignedAllocator<double, 64> >, std::vector<double, autopas::AlignedAllocator<double, 64> >, std::vector<double, autopas::AlignedAllocator<double, 64> >, std::vector<double, autopas::AlignedAllocator<double, 64> >, std::vector<double, autopas::AlignedAllocator<double, 64> >, std::vector<double, autopas::AlignedAllocator<double, 64> >, std::vector<double, autopas::AlignedAllocator<double, 64> >, std::vector<double, autopas::AlignedAllocator<double, 64> >, std::vector<double, autopas::AlignedAllocator<double, 64> >, std::vector<double, autopas::AlignedAllocator<double, 64> >, std::vector<double, autopas::AlignedAllocator<double, 64> >, std::vector<long unsigned int, autopas::AlignedAllocator<long unsigned int, 64> >, std::vector<autopas::OwnershipState, autopas::AlignedAllocator<autopas::OwnershipState, 64> > >]’:
/mnt/c/Users/laura/Documents/BA_SH/AutoPasJulia/AutoPas/src/autopas/containers/verletListsCellBased/varVerletLists/neighborLists/asBuild/AsBuildPairGeneratorFunctor.h:97:8:   required from here
/mnt/c/Users/laura/Documents/BA_SH/AutoPasJulia/AutoPas/src/autopas/containers/verletListsCellBased/varVerletLists/neighborLists/asBuild/AsBuildPairGeneratorFunctor.h:119:31: error: invalid conversion from ‘autopas::MoleculeLJ<double>*’ to ‘MoleculeJ<double>*’ [-fpermissive]
  119 |           _list.addPair(ptrptr[i], ptrptr[j]);
      |                         ~~~~~~^
      |                               |
      |                               autopas::MoleculeLJ<double>*
In file included from /mnt/c/Users/laura/Documents/BA_SH/AutoPasJulia/AutoPas/src/autopas/containers/verletListsCellBased/varVerletLists/traversals/VVLAsBuildTraversal.h:10,
                 from /mnt/c/Users/laura/Documents/BA_SH/AutoPasJulia/AutoPas/src/autopas/selectors/TraversalSelector.h:33,
                 from /mnt/c/Users/laura/Documents/BA_SH/AutoPasJulia/AutoPas/src/autopas/containers/verletListsCellBased/verletListsCells/VerletListsCells.h:20,
                 from /mnt/c/Users/laura/Documents/BA_SH/AutoPasJulia/AutoPas/src/autopas/utils/StaticContainerSelector.h:18,
                 from /mnt/c/Users/laura/Documents/BA_SH/AutoPasJulia/AutoPas/src/autopas/AutoPasDecl.h:26,
                 from /mnt/c/Users/laura/Documents/BA_SH/AutoPasJulia/AutoPas/src/autopas/AutoPas.h:9,
                 from /mnt/c/Users/laura/Documents/BA_SH/AutoPasJulia/AutoPas/examples/md-julia/src/bindings.cpp:8:
/mnt/c/Users/laura/Documents/BA_SH/AutoPasJulia/AutoPas/src/autopas/containers/verletListsCellBased/varVerletLists/neighborLists/asBuild/VerletNeighborListAsBuild.h:244:26: note:   initializing argument 1 of ‘void autopas::VerletNeighborListAsBuild<Particle>::addPair(Particle*, Particle*) [with Particle = MoleculeJ<double>]’
  244 |   void addPair(Particle *first, Particle *second) {
      |                ~~~~~~~~~~^~~~~
In file included from /mnt/c/Users/laura/Documents/BA_SH/AutoPasJulia/AutoPas/src/autopas/containers/verletListsCellBased/varVerletLists/neighborLists/asBuild/VerletNeighborListAsBuild.h:9,
                 from /mnt/c/Users/laura/Documents/BA_SH/AutoPasJulia/AutoPas/src/autopas/containers/verletListsCellBased/varVerletLists/traversals/VVLAsBuildTraversal.h:10,
                 from /mnt/c/Users/laura/Documents/BA_SH/AutoPasJulia/AutoPas/src/autopas/selectors/TraversalSelector.h:33,
                 from /mnt/c/Users/laura/Documents/BA_SH/AutoPasJulia/AutoPas/src/autopas/containers/verletListsCellBased/verletListsCells/VerletListsCells.h:20,
                 from /mnt/c/Users/laura/Documents/BA_SH/AutoPasJulia/AutoPas/src/autopas/utils/StaticContainerSelector.h:18,
                 from /mnt/c/Users/laura/Documents/BA_SH/AutoPasJulia/AutoPas/src/autopas/AutoPasDecl.h:26,
                 from /mnt/c/Users/laura/Documents/BA_SH/AutoPasJulia/AutoPas/src/autopas/AutoPas.h:9,
                 from /mnt/c/Users/laura/Documents/BA_SH/AutoPasJulia/AutoPas/examples/md-julia/src/bindings.cpp:8:
/mnt/c/Users/laura/Documents/BA_SH/AutoPasJulia/AutoPas/src/autopas/containers/verletListsCellBased/varVerletLists/neighborLists/asBuild/AsBuildPairGeneratorFunctor.h:119:42: error: invalid conversion from ‘autopas::MoleculeLJ<double>*’ to ‘MoleculeJ<double>*’ [-fpermissive]
  119 |           _list.addPair(ptrptr[i], ptrptr[j]);
      |                                    ~~~~~~^
      |                                          |
      |                                          autopas::MoleculeLJ<double>*
In file included from /mnt/c/Users/laura/Documents/BA_SH/AutoPasJulia/AutoPas/src/autopas/containers/verletListsCellBased/varVerletLists/traversals/VVLAsBuildTraversal.h:10,
                 from /mnt/c/Users/laura/Documents/BA_SH/AutoPasJulia/AutoPas/src/autopas/selectors/TraversalSelector.h:33,
                 from /mnt/c/Users/laura/Documents/BA_SH/AutoPasJulia/AutoPas/src/autopas/containers/verletListsCellBased/verletListsCells/VerletListsCells.h:20,
                 from /mnt/c/Users/laura/Documents/BA_SH/AutoPasJulia/AutoPas/src/autopas/utils/StaticContainerSelector.h:18,
                 from /mnt/c/Users/laura/Documents/BA_SH/AutoPasJulia/AutoPas/src/autopas/AutoPasDecl.h:26,
                 from /mnt/c/Users/laura/Documents/BA_SH/AutoPasJulia/AutoPas/src/autopas/AutoPas.h:9,
                 from /mnt/c/Users/laura/Documents/BA_SH/AutoPasJulia/AutoPas/examples/md-julia/src/bindings.cpp:8:
/mnt/c/Users/laura/Documents/BA_SH/AutoPasJulia/AutoPas/src/autopas/containers/verletListsCellBased/varVerletLists/neighborLists/asBuild/VerletNeighborListAsBuild.h:244:43: note:   initializing argument 2 of ‘void autopas::VerletNeighborListAsBuild<Particle>::addPair(Particle*, Particle*) [with Particle = MoleculeJ<double>]’
  244 |   void addPair(Particle *first, Particle *second) {
      |                                 ~~~~~~~~~~^~~~~~
In file included from /mnt/c/Users/laura/Documents/BA_SH/AutoPasJulia/AutoPas/src/autopas/containers/verletListsCellBased/varVerletLists/neighborLists/asBuild/VerletNeighborListAsBuild.h:9,
                 from /mnt/c/Users/laura/Documents/BA_SH/AutoPasJulia/AutoPas/src/autopas/containers/verletListsCellBased/varVerletLists/traversals/VVLAsBuildTraversal.h:10,
                 from /mnt/c/Users/laura/Documents/BA_SH/AutoPasJulia/AutoPas/src/autopas/selectors/TraversalSelector.h:33,
                 from /mnt/c/Users/laura/Documents/BA_SH/AutoPasJulia/AutoPas/src/autopas/containers/verletListsCellBased/verletListsCells/VerletListsCells.h:20,
                 from /mnt/c/Users/laura/Documents/BA_SH/AutoPasJulia/AutoPas/src/autopas/utils/StaticContainerSelector.h:18,
                 from /mnt/c/Users/laura/Documents/BA_SH/AutoPasJulia/AutoPas/src/autopas/AutoPasDecl.h:26,
                 from /mnt/c/Users/laura/Documents/BA_SH/AutoPasJulia/AutoPas/src/autopas/AutoPas.h:9,
                 from /mnt/c/Users/laura/Documents/BA_SH/AutoPasJulia/AutoPas/examples/md-julia/src/bindings.cpp:8:
/mnt/c/Users/laura/Documents/BA_SH/AutoPasJulia/AutoPas/src/autopas/containers/verletListsCellBased/varVerletLists/neighborLists/asBuild/AsBuildPairGeneratorFunctor.h:121:33: error: invalid conversion from ‘autopas::MoleculeLJ<double>*’ to ‘MoleculeJ<double>*’ [-fpermissive]
  121 |             _list.addPair(ptrptr[j], ptrptr[i]);
      |                           ~~~~~~^
      |                                 |
      |                                 autopas::MoleculeLJ<double>*
In file included from /mnt/c/Users/laura/Documents/BA_SH/AutoPasJulia/AutoPas/src/autopas/containers/verletListsCellBased/varVerletLists/traversals/VVLAsBuildTraversal.h:10,
                 from /mnt/c/Users/laura/Documents/BA_SH/AutoPasJulia/AutoPas/src/autopas/selectors/TraversalSelector.h:33,
                 from /mnt/c/Users/laura/Documents/BA_SH/AutoPasJulia/AutoPas/src/autopas/containers/verletListsCellBased/verletListsCells/VerletListsCells.h:20,
                 from /mnt/c/Users/laura/Documents/BA_SH/AutoPasJulia/AutoPas/src/autopas/utils/StaticContainerSelector.h:18,
                 from /mnt/c/Users/laura/Documents/BA_SH/AutoPasJulia/AutoPas/src/autopas/AutoPasDecl.h:26,
                 from /mnt/c/Users/laura/Documents/BA_SH/AutoPasJulia/AutoPas/src/autopas/AutoPas.h:9,
                 from /mnt/c/Users/laura/Documents/BA_SH/AutoPasJulia/AutoPas/examples/md-julia/src/bindings.cpp:8:
/mnt/c/Users/laura/Documents/BA_SH/AutoPasJulia/AutoPas/src/autopas/containers/verletListsCellBased/varVerletLists/neighborLists/asBuild/VerletNeighborListAsBuild.h:244:26: note:   initializing argument 1 of ‘void autopas::VerletNeighborListAsBuild<Particle>::addPair(Particle*, Particle*) [with Particle = MoleculeJ<double>]’
  244 |   void addPair(Particle *first, Particle *second) {
      |                ~~~~~~~~~~^~~~~
In file included from /mnt/c/Users/laura/Documents/BA_SH/AutoPasJulia/AutoPas/src/autopas/containers/verletListsCellBased/varVerletLists/neighborLists/asBuild/VerletNeighborListAsBuild.h:9,
                 from /mnt/c/Users/laura/Documents/BA_SH/AutoPasJulia/AutoPas/src/autopas/containers/verletListsCellBased/varVerletLists/traversals/VVLAsBuildTraversal.h:10,
                 from /mnt/c/Users/laura/Documents/BA_SH/AutoPasJulia/AutoPas/src/autopas/selectors/TraversalSelector.h:33,
                 from /mnt/c/Users/laura/Documents/BA_SH/AutoPasJulia/AutoPas/src/autopas/containers/verletListsCellBased/verletListsCells/VerletListsCells.h:20,
                 from /mnt/c/Users/laura/Documents/BA_SH/AutoPasJulia/AutoPas/src/autopas/utils/StaticContainerSelector.h:18,
                 from /mnt/c/Users/laura/Documents/BA_SH/AutoPasJulia/AutoPas/src/autopas/AutoPasDecl.h:26,
                 from /mnt/c/Users/laura/Documents/BA_SH/AutoPasJulia/AutoPas/src/autopas/AutoPas.h:9,
                 from /mnt/c/Users/laura/Documents/BA_SH/AutoPasJulia/AutoPas/examples/md-julia/src/bindings.cpp:8:
/mnt/c/Users/laura/Documents/BA_SH/AutoPasJulia/AutoPas/src/autopas/containers/verletListsCellBased/varVerletLists/neighborLists/asBuild/AsBuildPairGeneratorFunctor.h:121:44: error: invalid conversion from ‘autopas::MoleculeLJ<double>*’ to ‘MoleculeJ<double>*’ [-fpermissive]
  121 |             _list.addPair(ptrptr[j], ptrptr[i]);
      |                                      ~~~~~~^
      |                                            |
      |                                            autopas::MoleculeLJ<double>*
In file included from /mnt/c/Users/laura/Documents/BA_SH/AutoPasJulia/AutoPas/src/autopas/containers/verletListsCellBased/varVerletLists/traversals/VVLAsBuildTraversal.h:10,
                 from /mnt/c/Users/laura/Documents/BA_SH/AutoPasJulia/AutoPas/src/autopas/selectors/TraversalSelector.h:33,
                 from /mnt/c/Users/laura/Documents/BA_SH/AutoPasJulia/AutoPas/src/autopas/containers/verletListsCellBased/verletListsCells/VerletListsCells.h:20,
                 from /mnt/c/Users/laura/Documents/BA_SH/AutoPasJulia/AutoPas/src/autopas/utils/StaticContainerSelector.h:18,
                 from /mnt/c/Users/laura/Documents/BA_SH/AutoPasJulia/AutoPas/src/autopas/AutoPasDecl.h:26,
                 from /mnt/c/Users/laura/Documents/BA_SH/AutoPasJulia/AutoPas/src/autopas/AutoPas.h:9,
                 from /mnt/c/Users/laura/Documents/BA_SH/AutoPasJulia/AutoPas/examples/md-julia/src/bindings.cpp:8:
/mnt/c/Users/laura/Documents/BA_SH/AutoPasJulia/AutoPas/src/autopas/containers/verletListsCellBased/varVerletLists/neighborLists/asBuild/VerletNeighborListAsBuild.h:244:43: note:   initializing argument 2 of ‘void autopas::VerletNeighborListAsBuild<Particle>::addPair(Particle*, Particle*) [with Particle = MoleculeJ<double>]’
  244 |   void addPair(Particle *first, Particle *second) {
      |                                 ~~~~~~~~~~^~~~~~
In file included from /mnt/c/Users/laura/Documents/BA_SH/AutoPasJulia/AutoPas/src/autopas/containers/verletListsCellBased/varVerletLists/neighborLists/asBuild/VerletNeighborListAsBuild.h:9,
                 from /mnt/c/Users/laura/Documents/BA_SH/AutoPasJulia/AutoPas/src/autopas/containers/verletListsCellBased/varVerletLists/traversals/VVLAsBuildTraversal.h:10,
                 from /mnt/c/Users/laura/Documents/BA_SH/AutoPasJulia/AutoPas/src/autopas/selectors/TraversalSelector.h:33,
                 from /mnt/c/Users/laura/Documents/BA_SH/AutoPasJulia/AutoPas/src/autopas/containers/verletListsCellBased/verletListsCells/VerletListsCells.h:20,
                 from /mnt/c/Users/laura/Documents/BA_SH/AutoPasJulia/AutoPas/src/autopas/utils/StaticContainerSelector.h:18,
                 from /mnt/c/Users/laura/Documents/BA_SH/AutoPasJulia/AutoPas/src/autopas/AutoPasDecl.h:26,
                 from /mnt/c/Users/laura/Documents/BA_SH/AutoPasJulia/AutoPas/src/autopas/AutoPas.h:9,
                 from /mnt/c/Users/laura/Documents/BA_SH/AutoPasJulia/AutoPas/examples/md-julia/src/bindings.cpp:8:
/mnt/c/Users/laura/Documents/BA_SH/AutoPasJulia/AutoPas/src/autopas/containers/verletListsCellBased/varVerletLists/neighborLists/asBuild/AsBuildPairGeneratorFunctor.h: In instantiation of ‘void autopas::internal::AsBuildPairGeneratorFunctor<Particle, callCheckInstead>::SoAFunctorPair(autopas::SoAView<typename Particle::SoAArraysType>, autopas::SoAView<typename Particle::SoAArraysType>, bool) [with Particle = MoleculeJ<double>; bool callCheckInstead = false; typename Particle::SoAArraysType = std::tuple<std::vector<autopas::MoleculeLJ<double>*, autopas::AlignedAllocator<autopas::MoleculeLJ<double>*, 64> >, std::vector<long unsigned int, autopas::AlignedAllocator<long unsigned int, 64> >, std::vector<double, autopas::AlignedAllocator<double, 64> >, std::vector<double, autopas::AlignedAllocator<double, 64> >, std::vector<double, autopas::AlignedAllocator<double, 64> >, std::vector<double, autopas::AlignedAllocator<double, 64> >, std::vector<double, autopas::AlignedAllocator<double, 64> >, std::vector<double, autopas::AlignedAllocator<double, 64> >, std::vector<double, autopas::AlignedAllocator<double, 64> >, std::vector<double, autopas::AlignedAllocator<double, 64> >, std::vector<double, autopas::AlignedAllocator<double, 64> >, std::vector<double, autopas::AlignedAllocator<double, 64> >, std::vector<double, autopas::AlignedAllocator<double, 64> >, std::vector<double, autopas::AlignedAllocator<double, 64> >, std::vector<long unsigned int, autopas::AlignedAllocator<long unsigned int, 64> >, std::vector<autopas::OwnershipState, autopas::AlignedAllocator<autopas::OwnershipState, 64> > >]’:
/mnt/c/Users/laura/Documents/BA_SH/AutoPasJulia/AutoPas/src/autopas/containers/verletListsCellBased/varVerletLists/neighborLists/asBuild/AsBuildPairGeneratorFunctor.h:133:8:   required from here
/mnt/c/Users/laura/Documents/BA_SH/AutoPasJulia/AutoPas/src/autopas/containers/verletListsCellBased/varVerletLists/neighborLists/asBuild/AsBuildPairGeneratorFunctor.h:161:32: error: invalid conversion from ‘autopas::MoleculeLJ<double>*’ to ‘MoleculeJ<double>*’ [-fpermissive]
  161 |           _list.addPair(ptrptr1[i], ptrptr2[j]);
      |                         ~~~~~~~^
      |                                |
      |                                autopas::MoleculeLJ<double>*
In file included from /mnt/c/Users/laura/Documents/BA_SH/AutoPasJulia/AutoPas/src/autopas/containers/verletListsCellBased/varVerletLists/traversals/VVLAsBuildTraversal.h:10,
                 from /mnt/c/Users/laura/Documents/BA_SH/AutoPasJulia/AutoPas/src/autopas/selectors/TraversalSelector.h:33,
                 from /mnt/c/Users/laura/Documents/BA_SH/AutoPasJulia/AutoPas/src/autopas/containers/verletListsCellBased/verletListsCells/VerletListsCells.h:20,
                 from /mnt/c/Users/laura/Documents/BA_SH/AutoPasJulia/AutoPas/src/autopas/utils/StaticContainerSelector.h:18,
                 from /mnt/c/Users/laura/Documents/BA_SH/AutoPasJulia/AutoPas/src/autopas/AutoPasDecl.h:26,
                 from /mnt/c/Users/laura/Documents/BA_SH/AutoPasJulia/AutoPas/src/autopas/AutoPas.h:9,
                 from /mnt/c/Users/laura/Documents/BA_SH/AutoPasJulia/AutoPas/examples/md-julia/src/bindings.cpp:8:
/mnt/c/Users/laura/Documents/BA_SH/AutoPasJulia/AutoPas/src/autopas/containers/verletListsCellBased/varVerletLists/neighborLists/asBuild/VerletNeighborListAsBuild.h:244:26: note:   initializing argument 1 of ‘void autopas::VerletNeighborListAsBuild<Particle>::addPair(Particle*, Particle*) [with Particle = MoleculeJ<double>]’
  244 |   void addPair(Particle *first, Particle *second) {
      |                ~~~~~~~~~~^~~~~
In file included from /mnt/c/Users/laura/Documents/BA_SH/AutoPasJulia/AutoPas/src/autopas/containers/verletListsCellBased/varVerletLists/neighborLists/asBuild/VerletNeighborListAsBuild.h:9,
                 from /mnt/c/Users/laura/Documents/BA_SH/AutoPasJulia/AutoPas/src/autopas/containers/verletListsCellBased/varVerletLists/traversals/VVLAsBuildTraversal.h:10,
                 from /mnt/c/Users/laura/Documents/BA_SH/AutoPasJulia/AutoPas/src/autopas/selectors/TraversalSelector.h:33,
                 from /mnt/c/Users/laura/Documents/BA_SH/AutoPasJulia/AutoPas/src/autopas/containers/verletListsCellBased/verletListsCells/VerletListsCells.h:20,
                 from /mnt/c/Users/laura/Documents/BA_SH/AutoPasJulia/AutoPas/src/autopas/utils/StaticContainerSelector.h:18,
                 from /mnt/c/Users/laura/Documents/BA_SH/AutoPasJulia/AutoPas/src/autopas/AutoPasDecl.h:26,
                 from /mnt/c/Users/laura/Documents/BA_SH/AutoPasJulia/AutoPas/src/autopas/AutoPas.h:9,
                 from /mnt/c/Users/laura/Documents/BA_SH/AutoPasJulia/AutoPas/examples/md-julia/src/bindings.cpp:8:
/mnt/c/Users/laura/Documents/BA_SH/AutoPasJulia/AutoPas/src/autopas/containers/verletListsCellBased/varVerletLists/neighborLists/asBuild/AsBuildPairGeneratorFunctor.h:161:44: error: invalid conversion from ‘autopas::MoleculeLJ<double>*’ to ‘MoleculeJ<double>*’ [-fpermissive]
  161 |           _list.addPair(ptrptr1[i], ptrptr2[j]);
      |                                     ~~~~~~~^
      |                                            |
      |                                            autopas::MoleculeLJ<double>*
In file included from /mnt/c/Users/laura/Documents/BA_SH/AutoPasJulia/AutoPas/src/autopas/containers/verletListsCellBased/varVerletLists/traversals/VVLAsBuildTraversal.h:10,
                 from /mnt/c/Users/laura/Documents/BA_SH/AutoPasJulia/AutoPas/src/autopas/selectors/TraversalSelector.h:33,
                 from /mnt/c/Users/laura/Documents/BA_SH/AutoPasJulia/AutoPas/src/autopas/containers/verletListsCellBased/verletListsCells/VerletListsCells.h:20,
                 from /mnt/c/Users/laura/Documents/BA_SH/AutoPasJulia/AutoPas/src/autopas/utils/StaticContainerSelector.h:18,
                 from /mnt/c/Users/laura/Documents/BA_SH/AutoPasJulia/AutoPas/src/autopas/AutoPasDecl.h:26,
                 from /mnt/c/Users/laura/Documents/BA_SH/AutoPasJulia/AutoPas/src/autopas/AutoPas.h:9,
                 from /mnt/c/Users/laura/Documents/BA_SH/AutoPasJulia/AutoPas/examples/md-julia/src/bindings.cpp:8:
/mnt/c/Users/laura/Documents/BA_SH/AutoPasJulia/AutoPas/src/autopas/containers/verletListsCellBased/varVerletLists/neighborLists/asBuild/VerletNeighborListAsBuild.h:244:43: note:   initializing argument 2 of ‘void autopas::VerletNeighborListAsBuild<Particle>::addPair(Particle*, Particle*) [with Particle = MoleculeJ<double>]’
  244 |   void addPair(Particle *first, Particle *second) {
      |                                 ~~~~~~~~~~^~~~~~
In file included from /mnt/c/Users/laura/Documents/BA_SH/AutoPasJulia/AutoPas/src/autopas/containers/verletListsCellBased/verletLists/VerletLists.h:9,
                 from /mnt/c/Users/laura/Documents/BA_SH/AutoPasJulia/AutoPas/src/autopas/utils/StaticContainerSelector.h:17,
                 from /mnt/c/Users/laura/Documents/BA_SH/AutoPasJulia/AutoPas/src/autopas/AutoPasDecl.h:26,
                 from /mnt/c/Users/laura/Documents/BA_SH/AutoPasJulia/AutoPas/src/autopas/AutoPas.h:9,
                 from /mnt/c/Users/laura/Documents/BA_SH/AutoPasJulia/AutoPas/examples/md-julia/src/bindings.cpp:8:
/mnt/c/Users/laura/Documents/BA_SH/AutoPasJulia/AutoPas/src/autopas/containers/verletListsCellBased/verletLists/VerletListHelpers.h: In instantiation of ‘void autopas::VerletListHelpers<Particle>::VerletListGeneratorFunctor::SoAFunctorSingle(autopas::SoAView<typename Particle::SoAArraysType>, bool) [with Particle = MoleculeJ<double>; typename Particle::SoAArraysType = std::tuple<std::vector<autopas::MoleculeLJ<double>*, autopas::AlignedAllocator<autopas::MoleculeLJ<double>*, 64> >, std::vector<long unsigned int, autopas::AlignedAllocator<long unsigned int, 64> >, std::vector<double, autopas::AlignedAllocator<double, 64> >, std::vector<double, autopas::AlignedAllocator<double, 64> >, std::vector<double, autopas::AlignedAllocator<double, 64> >, std::vector<double, autopas::AlignedAllocator<double, 64> >, std::vector<double, autopas::AlignedAllocator<double, 64> >, std::vector<double, autopas::AlignedAllocator<double, 64> >, std::vector<double, autopas::AlignedAllocator<double, 64> >, std::vector<double, autopas::AlignedAllocator<double, 64> >, std::vector<double, autopas::AlignedAllocator<double, 64> >, std::vector<double, autopas::AlignedAllocator<double, 64> >, std::vector<double, autopas::AlignedAllocator<double, 64> >, std::vector<double, autopas::AlignedAllocator<double, 64> >, std::vector<long unsigned int, autopas::AlignedAllocator<long unsigned int, 64> >, std::vector<autopas::OwnershipState, autopas::AlignedAllocator<autopas::OwnershipState, 64> > >]’:
/mnt/c/Users/laura/Documents/BA_SH/AutoPasJulia/AutoPas/src/autopas/containers/verletListsCellBased/verletLists/VerletListHelpers.h:86:10:   required from here
/mnt/c/Users/laura/Documents/BA_SH/AutoPasJulia/AutoPas/src/autopas/containers/verletListsCellBased/verletLists/VerletListHelpers.h:96:54: error: invalid conversion from ‘autopas::MoleculeLJ<double>*’ to ‘std::unordered_map<MoleculeJ<double>*, std::vector<MoleculeJ<double>*, std::allocator<MoleculeJ<double>*> >, std::hash<MoleculeJ<double>*>, std::equal_to<MoleculeJ<double>*>, std::allocator<std::pair<MoleculeJ<double>* const, std::vector<MoleculeJ<double>*, std::allocator<MoleculeJ<double>*> > > > >::key_type’ {aka ‘MoleculeJ<double>*’} [-fpermissive]
   96 |         auto &currentList = _verletListsAoS.at(ptrptr[i]);
      |                                                ~~~~~~^
      |                                                      |
      |                                                      autopas::MoleculeLJ<double>*
In file included from /usr/include/c++/11/unordered_map:47,
                 from /usr/include/c++/11/functional:61,
                 from /mnt/c/Users/laura/Documents/test_ordner/libcxxwrap-julia/include/jlcxx/jlcxx.hpp:5,
                 from /mnt/c/Users/laura/Documents/BA_SH/AutoPasJulia/AutoPas/examples/md-julia/src/bindings.cpp:1:
/usr/include/c++/11/bits/unordered_map.h:996:26: note:   initializing argument 1 of ‘std::unordered_map<_Key, _Tp, _Hash, _Pred, _Alloc>::mapped_type& std::unordered_map<_Key, _Tp, _Hash, _Pred, _Alloc>::at(const key_type&) [with _Key = MoleculeJ<double>*; _Tp = std::vector<MoleculeJ<double>*, std::allocator<MoleculeJ<double>*> >; _Hash = std::hash<MoleculeJ<double>*>; _Pred = std::equal_to<MoleculeJ<double>*>; _Alloc = std::allocator<std::pair<MoleculeJ<double>* const, std::vector<MoleculeJ<double>*, std::allocator<MoleculeJ<double>*> > > >; std::unordered_map<_Key, _Tp, _Hash, _Pred, _Alloc>::mapped_type = std::vector<MoleculeJ<double>*, std::allocator<MoleculeJ<double>*> >; std::unordered_map<_Key, _Tp, _Hash, _Pred, _Alloc>::key_type = MoleculeJ<double>*]’
  996 |       at(const key_type& __k)
      |          ~~~~~~~~~~~~~~~~^~~
In file included from /mnt/c/Users/laura/Documents/BA_SH/AutoPasJulia/AutoPas/src/autopas/containers/verletListsCellBased/verletLists/VerletLists.h:9,
                 from /mnt/c/Users/laura/Documents/BA_SH/AutoPasJulia/AutoPas/src/autopas/utils/StaticContainerSelector.h:17,
                 from /mnt/c/Users/laura/Documents/BA_SH/AutoPasJulia/AutoPas/src/autopas/AutoPasDecl.h:26,
                 from /mnt/c/Users/laura/Documents/BA_SH/AutoPasJulia/AutoPas/src/autopas/AutoPas.h:9,
                 from /mnt/c/Users/laura/Documents/BA_SH/AutoPasJulia/AutoPas/examples/md-julia/src/bindings.cpp:8:
/mnt/c/Users/laura/Documents/BA_SH/AutoPasJulia/AutoPas/src/autopas/containers/verletListsCellBased/verletLists/VerletListHelpers.h:110:34: error: no matching function for call to ‘push_back(autopas::MoleculeLJ<double>*&)’
  110 |             currentList.push_back(ptrptr[j]);
      |             ~~~~~~~~~~~~~~~~~~~~~^~~~~~~~~~~
In file included from /usr/include/c++/11/vector:67,
                 from /usr/include/c++/11/functional:62,
                 from /mnt/c/Users/laura/Documents/test_ordner/libcxxwrap-julia/include/jlcxx/jlcxx.hpp:5,
                 from /mnt/c/Users/laura/Documents/BA_SH/AutoPasJulia/AutoPas/examples/md-julia/src/bindings.cpp:1:
/usr/include/c++/11/bits/stl_vector.h:1187:7: note: candidate: ‘void std::vector<_Tp, _Alloc>::push_back(const value_type&) [with _Tp = MoleculeJ<double>*; _Alloc = std::allocator<MoleculeJ<double>*>; std::vector<_Tp, _Alloc>::value_type = MoleculeJ<double>*]’ (near match)
 1187 |       push_back(const value_type& __x)
      |       ^~~~~~~~~
/usr/include/c++/11/bits/stl_vector.h:1187:7: note:   conversion of argument 1 would be ill-formed:
In file included from /mnt/c/Users/laura/Documents/BA_SH/AutoPasJulia/AutoPas/src/autopas/containers/verletListsCellBased/verletLists/VerletLists.h:9,
                 from /mnt/c/Users/laura/Documents/BA_SH/AutoPasJulia/AutoPas/src/autopas/utils/StaticContainerSelector.h:17,
                 from /mnt/c/Users/laura/Documents/BA_SH/AutoPasJulia/AutoPas/src/autopas/AutoPasDecl.h:26,
                 from /mnt/c/Users/laura/Documents/BA_SH/AutoPasJulia/AutoPas/src/autopas/AutoPas.h:9,
                 from /mnt/c/Users/laura/Documents/BA_SH/AutoPasJulia/AutoPas/examples/md-julia/src/bindings.cpp:8:
/mnt/c/Users/laura/Documents/BA_SH/AutoPasJulia/AutoPas/src/autopas/containers/verletListsCellBased/verletLists/VerletListHelpers.h:110:41: error: invalid conversion from ‘autopas::MoleculeLJ<double>*’ to ‘std::vector<MoleculeJ<double>*, std::allocator<MoleculeJ<double>*> >::value_type’ {aka ‘MoleculeJ<double>*’} [-fpermissive]
  110 |             currentList.push_back(ptrptr[j]);
      |                                   ~~~~~~^
      |                                         |
      |                                         autopas::MoleculeLJ<double>*
In file included from /usr/include/c++/11/vector:67,
                 from /usr/include/c++/11/functional:62,
                 from /mnt/c/Users/laura/Documents/test_ordner/libcxxwrap-julia/include/jlcxx/jlcxx.hpp:5,
                 from /mnt/c/Users/laura/Documents/BA_SH/AutoPasJulia/AutoPas/examples/md-julia/src/bindings.cpp:1:
/usr/include/c++/11/bits/stl_vector.h:1203:7: note: candidate: ‘void std::vector<_Tp, _Alloc>::push_back(std::vector<_Tp, _Alloc>::value_type&&) [with _Tp = MoleculeJ<double>*; _Alloc = std::allocator<MoleculeJ<double>*>; std::vector<_Tp, _Alloc>::value_type = MoleculeJ<double>*]’ (near match)
 1203 |       push_back(value_type&& __x)
      |       ^~~~~~~~~
/usr/include/c++/11/bits/stl_vector.h:1203:7: note:   conversion of argument 1 would be ill-formed:
In file included from /mnt/c/Users/laura/Documents/BA_SH/AutoPasJulia/AutoPas/src/autopas/containers/verletListsCellBased/verletLists/VerletLists.h:9,
                 from /mnt/c/Users/laura/Documents/BA_SH/AutoPasJulia/AutoPas/src/autopas/utils/StaticContainerSelector.h:17,
                 from /mnt/c/Users/laura/Documents/BA_SH/AutoPasJulia/AutoPas/src/autopas/AutoPasDecl.h:26,
                 from /mnt/c/Users/laura/Documents/BA_SH/AutoPasJulia/AutoPas/src/autopas/AutoPas.h:9,
                 from /mnt/c/Users/laura/Documents/BA_SH/AutoPasJulia/AutoPas/examples/md-julia/src/bindings.cpp:8:
/mnt/c/Users/laura/Documents/BA_SH/AutoPasJulia/AutoPas/src/autopas/containers/verletListsCellBased/verletLists/VerletListHelpers.h:110:41: error: invalid conversion from ‘autopas::MoleculeLJ<double>*’ to ‘std::vector<MoleculeJ<double>*, std::allocator<MoleculeJ<double>*> >::value_type’ {aka ‘MoleculeJ<double>*’} [-fpermissive]
  110 |             currentList.push_back(ptrptr[j]);
      |                                   ~~~~~~^
      |                                         |
      |                                         autopas::MoleculeLJ<double>*
/mnt/c/Users/laura/Documents/BA_SH/AutoPasJulia/AutoPas/src/autopas/containers/verletListsCellBased/verletLists/VerletListHelpers.h:113:40: error: invalid conversion from ‘autopas::MoleculeLJ<double>*’ to ‘std::unordered_map<MoleculeJ<double>*, std::vector<MoleculeJ<double>*, std::allocator<MoleculeJ<double>*> >, std::hash<MoleculeJ<double>*>, std::equal_to<MoleculeJ<double>*>, std::allocator<std::pair<MoleculeJ<double>* const, std::vector<MoleculeJ<double>*, std::allocator<MoleculeJ<double>*> > > > >::key_type’ {aka ‘MoleculeJ<double>*’} [-fpermissive]
  113 |               _verletListsAoS.at(ptrptr[j]).push_back(ptrptr[i]);
      |                                  ~~~~~~^
      |                                        |
      |                                        autopas::MoleculeLJ<double>*
In file included from /usr/include/c++/11/unordered_map:47,
                 from /usr/include/c++/11/functional:61,
                 from /mnt/c/Users/laura/Documents/test_ordner/libcxxwrap-julia/include/jlcxx/jlcxx.hpp:5,
                 from /mnt/c/Users/laura/Documents/BA_SH/AutoPasJulia/AutoPas/examples/md-julia/src/bindings.cpp:1:
/usr/include/c++/11/bits/unordered_map.h:996:26: note:   initializing argument 1 of ‘std::unordered_map<_Key, _Tp, _Hash, _Pred, _Alloc>::mapped_type& std::unordered_map<_Key, _Tp, _Hash, _Pred, _Alloc>::at(const key_type&) [with _Key = MoleculeJ<double>*; _Tp = std::vector<MoleculeJ<double>*, std::allocator<MoleculeJ<double>*> >; _Hash = std::hash<MoleculeJ<double>*>; _Pred = std::equal_to<MoleculeJ<double>*>; _Alloc = std::allocator<std::pair<MoleculeJ<double>* const, std::vector<MoleculeJ<double>*, std::allocator<MoleculeJ<double>*> > > >; std::unordered_map<_Key, _Tp, _Hash, _Pred, _Alloc>::mapped_type = std::vector<MoleculeJ<double>*, std::allocator<MoleculeJ<double>*> >; std::unordered_map<_Key, _Tp, _Hash, _Pred, _Alloc>::key_type = MoleculeJ<double>*]’
  996 |       at(const key_type& __k)
      |          ~~~~~~~~~~~~~~~~^~~
In file included from /mnt/c/Users/laura/Documents/BA_SH/AutoPasJulia/AutoPas/src/autopas/containers/verletListsCellBased/verletLists/VerletLists.h:9,
                 from /mnt/c/Users/laura/Documents/BA_SH/AutoPasJulia/AutoPas/src/autopas/utils/StaticContainerSelector.h:17,
                 from /mnt/c/Users/laura/Documents/BA_SH/AutoPasJulia/AutoPas/src/autopas/AutoPasDecl.h:26,
                 from /mnt/c/Users/laura/Documents/BA_SH/AutoPasJulia/AutoPas/src/autopas/AutoPas.h:9,
                 from /mnt/c/Users/laura/Documents/BA_SH/AutoPasJulia/AutoPas/examples/md-julia/src/bindings.cpp:8:
/mnt/c/Users/laura/Documents/BA_SH/AutoPasJulia/AutoPas/src/autopas/containers/verletListsCellBased/verletLists/VerletListHelpers.h:113:54: error: no matching function for call to ‘push_back(autopas::MoleculeLJ<double>*&)’
  113 |               _verletListsAoS.at(ptrptr[j]).push_back(ptrptr[i]);
      |               ~~~~~~~~~~~~~~~~~~~~~~~~~~~~~~~~~~~~~~~^~~~~~~~~~~
In file included from /usr/include/c++/11/vector:67,
                 from /usr/include/c++/11/functional:62,
                 from /mnt/c/Users/laura/Documents/test_ordner/libcxxwrap-julia/include/jlcxx/jlcxx.hpp:5,
                 from /mnt/c/Users/laura/Documents/BA_SH/AutoPasJulia/AutoPas/examples/md-julia/src/bindings.cpp:1:
/usr/include/c++/11/bits/stl_vector.h:1187:7: note: candidate: ‘void std::vector<_Tp, _Alloc>::push_back(const value_type&) [with _Tp = MoleculeJ<double>*; _Alloc = std::allocator<MoleculeJ<double>*>; std::vector<_Tp, _Alloc>::value_type = MoleculeJ<double>*]’ (near match)
 1187 |       push_back(const value_type& __x)
      |       ^~~~~~~~~
/usr/include/c++/11/bits/stl_vector.h:1187:7: note:   conversion of argument 1 would be ill-formed:
In file included from /mnt/c/Users/laura/Documents/BA_SH/AutoPasJulia/AutoPas/src/autopas/containers/verletListsCellBased/verletLists/VerletLists.h:9,
                 from /mnt/c/Users/laura/Documents/BA_SH/AutoPasJulia/AutoPas/src/autopas/utils/StaticContainerSelector.h:17,
                 from /mnt/c/Users/laura/Documents/BA_SH/AutoPasJulia/AutoPas/src/autopas/AutoPasDecl.h:26,
                 from /mnt/c/Users/laura/Documents/BA_SH/AutoPasJulia/AutoPas/src/autopas/AutoPas.h:9,
                 from /mnt/c/Users/laura/Documents/BA_SH/AutoPasJulia/AutoPas/examples/md-julia/src/bindings.cpp:8:
/mnt/c/Users/laura/Documents/BA_SH/AutoPasJulia/AutoPas/src/autopas/containers/verletListsCellBased/verletLists/VerletListHelpers.h:113:61: error: invalid conversion from ‘autopas::MoleculeLJ<double>*’ to ‘std::vector<MoleculeJ<double>*, std::allocator<MoleculeJ<double>*> >::value_type’ {aka ‘MoleculeJ<double>*’} [-fpermissive]
  113 |               _verletListsAoS.at(ptrptr[j]).push_back(ptrptr[i]);
      |                                                       ~~~~~~^
      |                                                             |
      |                                                             autopas::MoleculeLJ<double>*
In file included from /usr/include/c++/11/vector:67,
                 from /usr/include/c++/11/functional:62,
                 from /mnt/c/Users/laura/Documents/test_ordner/libcxxwrap-julia/include/jlcxx/jlcxx.hpp:5,
                 from /mnt/c/Users/laura/Documents/BA_SH/AutoPasJulia/AutoPas/examples/md-julia/src/bindings.cpp:1:
/usr/include/c++/11/bits/stl_vector.h:1203:7: note: candidate: ‘void std::vector<_Tp, _Alloc>::push_back(std::vector<_Tp, _Alloc>::value_type&&) [with _Tp = MoleculeJ<double>*; _Alloc = std::allocator<MoleculeJ<double>*>; std::vector<_Tp, _Alloc>::value_type = MoleculeJ<double>*]’ (near match)
 1203 |       push_back(value_type&& __x)
      |       ^~~~~~~~~
/usr/include/c++/11/bits/stl_vector.h:1203:7: note:   conversion of argument 1 would be ill-formed:
In file included from /mnt/c/Users/laura/Documents/BA_SH/AutoPasJulia/AutoPas/src/autopas/containers/verletListsCellBased/verletLists/VerletLists.h:9,
                 from /mnt/c/Users/laura/Documents/BA_SH/AutoPasJulia/AutoPas/src/autopas/utils/StaticContainerSelector.h:17,
                 from /mnt/c/Users/laura/Documents/BA_SH/AutoPasJulia/AutoPas/src/autopas/AutoPasDecl.h:26,
                 from /mnt/c/Users/laura/Documents/BA_SH/AutoPasJulia/AutoPas/src/autopas/AutoPas.h:9,
                 from /mnt/c/Users/laura/Documents/BA_SH/AutoPasJulia/AutoPas/examples/md-julia/src/bindings.cpp:8:
/mnt/c/Users/laura/Documents/BA_SH/AutoPasJulia/AutoPas/src/autopas/containers/verletListsCellBased/verletLists/VerletListHelpers.h:113:61: error: invalid conversion from ‘autopas::MoleculeLJ<double>*’ to ‘std::vector<MoleculeJ<double>*, std::allocator<MoleculeJ<double>*> >::value_type’ {aka ‘MoleculeJ<double>*’} [-fpermissive]
  113 |               _verletListsAoS.at(ptrptr[j]).push_back(ptrptr[i]);
      |                                                       ~~~~~~^
      |                                                             |
      |                                                             autopas::MoleculeLJ<double>*
/mnt/c/Users/laura/Documents/BA_SH/AutoPasJulia/AutoPas/src/autopas/containers/verletListsCellBased/verletLists/VerletListHelpers.h: In instantiation of ‘void autopas::VerletListHelpers<Particle>::VerletListGeneratorFunctor::SoAFunctorPair(autopas::SoAView<typename Particle::SoAArraysType>, autopas::SoAView<typename Particle::SoAArraysType>, bool) [with Particle = MoleculeJ<double>; typename Particle::SoAArraysType = std::tuple<std::vector<autopas::MoleculeLJ<double>*, autopas::AlignedAllocator<autopas::MoleculeLJ<double>*, 64> >, std::vector<long unsigned int, autopas::AlignedAllocator<long unsigned int, 64> >, std::vector<double, autopas::AlignedAllocator<double, 64> >, std::vector<double, autopas::AlignedAllocator<double, 64> >, std::vector<double, autopas::AlignedAllocator<double, 64> >, std::vector<double, autopas::AlignedAllocator<double, 64> >, std::vector<double, autopas::AlignedAllocator<double, 64> >, std::vector<double, autopas::AlignedAllocator<double, 64> >, std::vector<double, autopas::AlignedAllocator<double, 64> >, std::vector<double, autopas::AlignedAllocator<double, 64> >, std::vector<double, autopas::AlignedAllocator<double, 64> >, std::vector<double, autopas::AlignedAllocator<double, 64> >, std::vector<double, autopas::AlignedAllocator<double, 64> >, std::vector<double, autopas::AlignedAllocator<double, 64> >, std::vector<long unsigned int, autopas::AlignedAllocator<long unsigned int, 64> >, std::vector<autopas::OwnershipState, autopas::AlignedAllocator<autopas::OwnershipState, 64> > >]’:
/mnt/c/Users/laura/Documents/BA_SH/AutoPasJulia/AutoPas/src/autopas/containers/verletListsCellBased/verletLists/VerletListHelpers.h:126:10:   required from here
/mnt/c/Users/laura/Documents/BA_SH/AutoPasJulia/AutoPas/src/autopas/containers/verletListsCellBased/verletLists/VerletListHelpers.h:141:55: error: invalid conversion from ‘autopas::MoleculeLJ<double>*’ to ‘std::unordered_map<MoleculeJ<double>*, std::vector<MoleculeJ<double>*, std::allocator<MoleculeJ<double>*> >, std::hash<MoleculeJ<double>*>, std::equal_to<MoleculeJ<double>*>, std::allocator<std::pair<MoleculeJ<double>* const, std::vector<MoleculeJ<double>*, std::allocator<MoleculeJ<double>*> > > > >::key_type’ {aka ‘MoleculeJ<double>*’} [-fpermissive]
  141 |         auto &currentList = _verletListsAoS.at(ptr1ptr[i]);
      |                                                ~~~~~~~^
      |                                                       |
      |                                                       autopas::MoleculeLJ<double>*
In file included from /usr/include/c++/11/unordered_map:47,
                 from /usr/include/c++/11/functional:61,
                 from /mnt/c/Users/laura/Documents/test_ordner/libcxxwrap-julia/include/jlcxx/jlcxx.hpp:5,
                 from /mnt/c/Users/laura/Documents/BA_SH/AutoPasJulia/AutoPas/examples/md-julia/src/bindings.cpp:1:
/usr/include/c++/11/bits/unordered_map.h:996:26: note:   initializing argument 1 of ‘std::unordered_map<_Key, _Tp, _Hash, _Pred, _Alloc>::mapped_type& std::unordered_map<_Key, _Tp, _Hash, _Pred, _Alloc>::at(const key_type&) [with _Key = MoleculeJ<double>*; _Tp = std::vector<MoleculeJ<double>*, std::allocator<MoleculeJ<double>*> >; _Hash = std::hash<MoleculeJ<double>*>; _Pred = std::equal_to<MoleculeJ<double>*>; _Alloc = std::allocator<std::pair<MoleculeJ<double>* const, std::vector<MoleculeJ<double>*, std::allocator<MoleculeJ<double>*> > > >; std::unordered_map<_Key, _Tp, _Hash, _Pred, _Alloc>::mapped_type = std::vector<MoleculeJ<double>*, std::allocator<MoleculeJ<double>*> >; std::unordered_map<_Key, _Tp, _Hash, _Pred, _Alloc>::key_type = MoleculeJ<double>*]’
  996 |       at(const key_type& __k)
      |          ~~~~~~~~~~~~~~~~^~~
In file included from /mnt/c/Users/laura/Documents/BA_SH/AutoPasJulia/AutoPas/src/autopas/containers/verletListsCellBased/verletLists/VerletLists.h:9,
                 from /mnt/c/Users/laura/Documents/BA_SH/AutoPasJulia/AutoPas/src/autopas/utils/StaticContainerSelector.h:17,
                 from /mnt/c/Users/laura/Documents/BA_SH/AutoPasJulia/AutoPas/src/autopas/AutoPasDecl.h:26,
                 from /mnt/c/Users/laura/Documents/BA_SH/AutoPasJulia/AutoPas/src/autopas/AutoPas.h:9,
                 from /mnt/c/Users/laura/Documents/BA_SH/AutoPasJulia/AutoPas/examples/md-julia/src/bindings.cpp:8:
/mnt/c/Users/laura/Documents/BA_SH/AutoPasJulia/AutoPas/src/autopas/containers/verletListsCellBased/verletLists/VerletListHelpers.h:157:34: error: no matching function for call to ‘push_back(autopas::MoleculeLJ<double>*&)’
  157 |             currentList.push_back(ptr2ptr[j]);
      |             ~~~~~~~~~~~~~~~~~~~~~^~~~~~~~~~~~
In file included from /usr/include/c++/11/vector:67,
                 from /usr/include/c++/11/functional:62,
                 from /mnt/c/Users/laura/Documents/test_ordner/libcxxwrap-julia/include/jlcxx/jlcxx.hpp:5,
                 from /mnt/c/Users/laura/Documents/BA_SH/AutoPasJulia/AutoPas/examples/md-julia/src/bindings.cpp:1:
/usr/include/c++/11/bits/stl_vector.h:1187:7: note: candidate: ‘void std::vector<_Tp, _Alloc>::push_back(const value_type&) [with _Tp = MoleculeJ<double>*; _Alloc = std::allocator<MoleculeJ<double>*>; std::vector<_Tp, _Alloc>::value_type = MoleculeJ<double>*]’ (near match)
 1187 |       push_back(const value_type& __x)
      |       ^~~~~~~~~
/usr/include/c++/11/bits/stl_vector.h:1187:7: note:   conversion of argument 1 would be ill-formed:
In file included from /mnt/c/Users/laura/Documents/BA_SH/AutoPasJulia/AutoPas/src/autopas/containers/verletListsCellBased/verletLists/VerletLists.h:9,
                 from /mnt/c/Users/laura/Documents/BA_SH/AutoPasJulia/AutoPas/src/autopas/utils/StaticContainerSelector.h:17,
                 from /mnt/c/Users/laura/Documents/BA_SH/AutoPasJulia/AutoPas/src/autopas/AutoPasDecl.h:26,
                 from /mnt/c/Users/laura/Documents/BA_SH/AutoPasJulia/AutoPas/src/autopas/AutoPas.h:9,
                 from /mnt/c/Users/laura/Documents/BA_SH/AutoPasJulia/AutoPas/examples/md-julia/src/bindings.cpp:8:
/mnt/c/Users/laura/Documents/BA_SH/AutoPasJulia/AutoPas/src/autopas/containers/verletListsCellBased/verletLists/VerletListHelpers.h:157:42: error: invalid conversion from ‘autopas::MoleculeLJ<double>*’ to ‘std::vector<MoleculeJ<double>*, std::allocator<MoleculeJ<double>*> >::value_type’ {aka ‘MoleculeJ<double>*’} [-fpermissive]
  157 |             currentList.push_back(ptr2ptr[j]);
      |                                   ~~~~~~~^
      |                                          |
      |                                          autopas::MoleculeLJ<double>*
In file included from /usr/include/c++/11/vector:67,
                 from /usr/include/c++/11/functional:62,
                 from /mnt/c/Users/laura/Documents/test_ordner/libcxxwrap-julia/include/jlcxx/jlcxx.hpp:5,
                 from /mnt/c/Users/laura/Documents/BA_SH/AutoPasJulia/AutoPas/examples/md-julia/src/bindings.cpp:1:
/usr/include/c++/11/bits/stl_vector.h:1203:7: note: candidate: ‘void std::vector<_Tp, _Alloc>::push_back(std::vector<_Tp, _Alloc>::value_type&&) [with _Tp = MoleculeJ<double>*; _Alloc = std::allocator<MoleculeJ<double>*>; std::vector<_Tp, _Alloc>::value_type = MoleculeJ<double>*]’ (near match)
 1203 |       push_back(value_type&& __x)
      |       ^~~~~~~~~
/usr/include/c++/11/bits/stl_vector.h:1203:7: note:   conversion of argument 1 would be ill-formed:
In file included from /mnt/c/Users/laura/Documents/BA_SH/AutoPasJulia/AutoPas/src/autopas/containers/verletListsCellBased/verletLists/VerletLists.h:9,
                 from /mnt/c/Users/laura/Documents/BA_SH/AutoPasJulia/AutoPas/src/autopas/utils/StaticContainerSelector.h:17,
                 from /mnt/c/Users/laura/Documents/BA_SH/AutoPasJulia/AutoPas/src/autopas/AutoPasDecl.h:26,
                 from /mnt/c/Users/laura/Documents/BA_SH/AutoPasJulia/AutoPas/src/autopas/AutoPas.h:9,
                 from /mnt/c/Users/laura/Documents/BA_SH/AutoPasJulia/AutoPas/examples/md-julia/src/bindings.cpp:8:
/mnt/c/Users/laura/Documents/BA_SH/AutoPasJulia/AutoPas/src/autopas/containers/verletListsCellBased/verletLists/VerletListHelpers.h:157:42: error: invalid conversion from ‘autopas::MoleculeLJ<double>*’ to ‘std::vector<MoleculeJ<double>*, std::allocator<MoleculeJ<double>*> >::value_type’ {aka ‘MoleculeJ<double>*’} [-fpermissive]
  157 |             currentList.push_back(ptr2ptr[j]);
      |                                   ~~~~~~~^
      |                                          |
      |                                          autopas::MoleculeLJ<double>*
In file included from /mnt/c/Users/laura/Documents/BA_SH/AutoPasJulia/AutoPas/src/autopas/containers/verletListsCellBased/verletListsCells/neighborLists/VLCAllCellsNeighborList.h:14,
                 from /mnt/c/Users/laura/Documents/BA_SH/AutoPasJulia/AutoPas/src/autopas/containers/verletListsCellBased/verletListsCells/traversals/VLCTraversalInterface.h:13,
                 from /mnt/c/Users/laura/Documents/BA_SH/AutoPasJulia/AutoPas/src/autopas/containers/verletListsCellBased/verletListsCells/VerletListsCells.h:16,
                 from /mnt/c/Users/laura/Documents/BA_SH/AutoPasJulia/AutoPas/src/autopas/utils/StaticContainerSelector.h:18,
                 from /mnt/c/Users/laura/Documents/BA_SH/AutoPasJulia/AutoPas/src/autopas/AutoPasDecl.h:26,
                 from /mnt/c/Users/laura/Documents/BA_SH/AutoPasJulia/AutoPas/src/autopas/AutoPas.h:9,
                 from /mnt/c/Users/laura/Documents/BA_SH/AutoPasJulia/AutoPas/examples/md-julia/src/bindings.cpp:8:
/mnt/c/Users/laura/Documents/BA_SH/AutoPasJulia/AutoPas/src/autopas/containers/verletListsCellBased/verletListsCells/neighborLists/VLCAllCellsGeneratorFunctor.h: In instantiation of ‘void autopas::VLCAllCellsGeneratorFunctor<Particle>::SoAFunctorSingle(autopas::SoAView<typename Particle::SoAArraysType>, bool) [with Particle = MoleculeJ<double>; typename Particle::SoAArraysType = std::tuple<std::vector<autopas::MoleculeLJ<double>*, autopas::AlignedAllocator<autopas::MoleculeLJ<double>*, 64> >, std::vector<long unsigned int, autopas::AlignedAllocator<long unsigned int, 64> >, std::vector<double, autopas::AlignedAllocator<double, 64> >, std::vector<double, autopas::AlignedAllocator<double, 64> >, std::vector<double, autopas::AlignedAllocator<double, 64> >, std::vector<double, autopas::AlignedAllocator<double, 64> >, std::vector<double, autopas::AlignedAllocator<double, 64> >, std::vector<double, autopas::AlignedAllocator<double, 64> >, std::vector<double, autopas::AlignedAllocator<double, 64> >, std::vector<double, autopas::AlignedAllocator<double, 64> >, std::vector<double, autopas::AlignedAllocator<double, 64> >, std::vector<double, autopas::AlignedAllocator<double, 64> >, std::vector<double, autopas::AlignedAllocator<double, 64> >, std::vector<double, autopas::AlignedAllocator<double, 64> >, std::vector<long unsigned int, autopas::AlignedAllocator<long unsigned int, 64> >, std::vector<autopas::OwnershipState, autopas::AlignedAllocator<autopas::OwnershipState, 64> > >]’:
/mnt/c/Users/laura/Documents/BA_SH/AutoPasJulia/AutoPas/src/autopas/containers/verletListsCellBased/verletListsCells/neighborLists/VLCAllCellsGeneratorFunctor.h:74:8:   required from here
/mnt/c/Users/laura/Documents/BA_SH/AutoPasJulia/AutoPas/src/autopas/containers/verletListsCellBased/verletListsCells/neighborLists/VLCAllCellsGeneratorFunctor.h:83:46: error: invalid conversion from ‘autopas::MoleculeLJ<double>*’ to ‘std::unordered_map<MoleculeJ<double>*, std::pair<long unsigned int, long unsigned int>, std::hash<MoleculeJ<double>*>, std::equal_to<MoleculeJ<double>*>, std::allocator<std::pair<MoleculeJ<double>* const, std::pair<long unsigned int, long unsigned int> > > >::key_type’ {aka ‘MoleculeJ<double>*’} [-fpermissive]
   83 |     auto cell1 = _particleToCellMap.at(ptrptr[0]).first;
      |                                        ~~~~~~^
      |                                              |
      |                                              autopas::MoleculeLJ<double>*
In file included from /usr/include/c++/11/unordered_map:47,
                 from /usr/include/c++/11/functional:61,
                 from /mnt/c/Users/laura/Documents/test_ordner/libcxxwrap-julia/include/jlcxx/jlcxx.hpp:5,
                 from /mnt/c/Users/laura/Documents/BA_SH/AutoPasJulia/AutoPas/examples/md-julia/src/bindings.cpp:1:
/usr/include/c++/11/bits/unordered_map.h:996:26: note:   initializing argument 1 of ‘std::unordered_map<_Key, _Tp, _Hash, _Pred, _Alloc>::mapped_type& std::unordered_map<_Key, _Tp, _Hash, _Pred, _Alloc>::at(const key_type&) [with _Key = MoleculeJ<double>*; _Tp = std::pair<long unsigned int, long unsigned int>; _Hash = std::hash<MoleculeJ<double>*>; _Pred = std::equal_to<MoleculeJ<double>*>; _Alloc = std::allocator<std::pair<MoleculeJ<double>* const, std::pair<long unsigned int, long unsigned int> > >; std::unordered_map<_Key, _Tp, _Hash, _Pred, _Alloc>::mapped_type = std::pair<long unsigned int, long unsigned int>; std::unordered_map<_Key, _Tp, _Hash, _Pred, _Alloc>::key_type = MoleculeJ<double>*]’
  996 |       at(const key_type& __k)
      |          ~~~~~~~~~~~~~~~~^~~
In file included from /mnt/c/Users/laura/Documents/BA_SH/AutoPasJulia/AutoPas/src/autopas/containers/verletListsCellBased/verletListsCells/neighborLists/VLCAllCellsNeighborList.h:14,
                 from /mnt/c/Users/laura/Documents/BA_SH/AutoPasJulia/AutoPas/src/autopas/containers/verletListsCellBased/verletListsCells/traversals/VLCTraversalInterface.h:13,
                 from /mnt/c/Users/laura/Documents/BA_SH/AutoPasJulia/AutoPas/src/autopas/containers/verletListsCellBased/verletListsCells/VerletListsCells.h:16,
                 from /mnt/c/Users/laura/Documents/BA_SH/AutoPasJulia/AutoPas/src/autopas/utils/StaticContainerSelector.h:18,
                 from /mnt/c/Users/laura/Documents/BA_SH/AutoPasJulia/AutoPas/src/autopas/AutoPasDecl.h:26,
                 from /mnt/c/Users/laura/Documents/BA_SH/AutoPasJulia/AutoPas/src/autopas/AutoPas.h:9,
                 from /mnt/c/Users/laura/Documents/BA_SH/AutoPasJulia/AutoPas/examples/md-julia/src/bindings.cpp:8:
/mnt/c/Users/laura/Documents/BA_SH/AutoPasJulia/AutoPas/src/autopas/containers/verletListsCellBased/verletListsCells/neighborLists/VLCAllCellsGeneratorFunctor.h:104:42: error: no matching function for call to ‘push_back(autopas::MoleculeLJ<double>*&)’
  104 |           currentList[i].second.push_back(ptrptr[j]);
      |           ~~~~~~~~~~~~~~~~~~~~~~~~~~~~~~~^~~~~~~~~~~
In file included from /usr/include/c++/11/vector:67,
                 from /usr/include/c++/11/functional:62,
                 from /mnt/c/Users/laura/Documents/test_ordner/libcxxwrap-julia/include/jlcxx/jlcxx.hpp:5,
                 from /mnt/c/Users/laura/Documents/BA_SH/AutoPasJulia/AutoPas/examples/md-julia/src/bindings.cpp:1:
/usr/include/c++/11/bits/stl_vector.h:1187:7: note: candidate: ‘void std::vector<_Tp, _Alloc>::push_back(const value_type&) [with _Tp = MoleculeJ<double>*; _Alloc = std::allocator<MoleculeJ<double>*>; std::vector<_Tp, _Alloc>::value_type = MoleculeJ<double>*]’ (near match)
 1187 |       push_back(const value_type& __x)
      |       ^~~~~~~~~
/usr/include/c++/11/bits/stl_vector.h:1187:7: note:   conversion of argument 1 would be ill-formed:
In file included from /mnt/c/Users/laura/Documents/BA_SH/AutoPasJulia/AutoPas/src/autopas/containers/verletListsCellBased/verletListsCells/neighborLists/VLCAllCellsNeighborList.h:14,
                 from /mnt/c/Users/laura/Documents/BA_SH/AutoPasJulia/AutoPas/src/autopas/containers/verletListsCellBased/verletListsCells/traversals/VLCTraversalInterface.h:13,
                 from /mnt/c/Users/laura/Documents/BA_SH/AutoPasJulia/AutoPas/src/autopas/containers/verletListsCellBased/verletListsCells/VerletListsCells.h:16,
                 from /mnt/c/Users/laura/Documents/BA_SH/AutoPasJulia/AutoPas/src/autopas/utils/StaticContainerSelector.h:18,
                 from /mnt/c/Users/laura/Documents/BA_SH/AutoPasJulia/AutoPas/src/autopas/AutoPasDecl.h:26,
                 from /mnt/c/Users/laura/Documents/BA_SH/AutoPasJulia/AutoPas/src/autopas/AutoPas.h:9,
                 from /mnt/c/Users/laura/Documents/BA_SH/AutoPasJulia/AutoPas/examples/md-julia/src/bindings.cpp:8:
/mnt/c/Users/laura/Documents/BA_SH/AutoPasJulia/AutoPas/src/autopas/containers/verletListsCellBased/verletListsCells/neighborLists/VLCAllCellsGeneratorFunctor.h:104:49: error: invalid conversion from ‘autopas::MoleculeLJ<double>*’ to ‘std::vector<MoleculeJ<double>*, std::allocator<MoleculeJ<double>*> >::value_type’ {aka ‘MoleculeJ<double>*’} [-fpermissive]
  104 |           currentList[i].second.push_back(ptrptr[j]);
      |                                           ~~~~~~^
      |                                                 |
      |                                                 autopas::MoleculeLJ<double>*
In file included from /usr/include/c++/11/vector:67,
                 from /usr/include/c++/11/functional:62,
                 from /mnt/c/Users/laura/Documents/test_ordner/libcxxwrap-julia/include/jlcxx/jlcxx.hpp:5,
                 from /mnt/c/Users/laura/Documents/BA_SH/AutoPasJulia/AutoPas/examples/md-julia/src/bindings.cpp:1:
/usr/include/c++/11/bits/stl_vector.h:1203:7: note: candidate: ‘void std::vector<_Tp, _Alloc>::push_back(std::vector<_Tp, _Alloc>::value_type&&) [with _Tp = MoleculeJ<double>*; _Alloc = std::allocator<MoleculeJ<double>*>; std::vector<_Tp, _Alloc>::value_type = MoleculeJ<double>*]’ (near match)
 1203 |       push_back(value_type&& __x)
      |       ^~~~~~~~~
/usr/include/c++/11/bits/stl_vector.h:1203:7: note:   conversion of argument 1 would be ill-formed:
In file included from /mnt/c/Users/laura/Documents/BA_SH/AutoPasJulia/AutoPas/src/autopas/containers/verletListsCellBased/verletListsCells/neighborLists/VLCAllCellsNeighborList.h:14,
                 from /mnt/c/Users/laura/Documents/BA_SH/AutoPasJulia/AutoPas/src/autopas/containers/verletListsCellBased/verletListsCells/traversals/VLCTraversalInterface.h:13,
                 from /mnt/c/Users/laura/Documents/BA_SH/AutoPasJulia/AutoPas/src/autopas/containers/verletListsCellBased/verletListsCells/VerletListsCells.h:16,
                 from /mnt/c/Users/laura/Documents/BA_SH/AutoPasJulia/AutoPas/src/autopas/utils/StaticContainerSelector.h:18,
                 from /mnt/c/Users/laura/Documents/BA_SH/AutoPasJulia/AutoPas/src/autopas/AutoPasDecl.h:26,
                 from /mnt/c/Users/laura/Documents/BA_SH/AutoPasJulia/AutoPas/src/autopas/AutoPas.h:9,
                 from /mnt/c/Users/laura/Documents/BA_SH/AutoPasJulia/AutoPas/examples/md-julia/src/bindings.cpp:8:
/mnt/c/Users/laura/Documents/BA_SH/AutoPasJulia/AutoPas/src/autopas/containers/verletListsCellBased/verletListsCells/neighborLists/VLCAllCellsGeneratorFunctor.h:104:49: error: invalid conversion from ‘autopas::MoleculeLJ<double>*’ to ‘std::vector<MoleculeJ<double>*, std::allocator<MoleculeJ<double>*> >::value_type’ {aka ‘MoleculeJ<double>*’} [-fpermissive]
  104 |           currentList[i].second.push_back(ptrptr[j]);
      |                                           ~~~~~~^
      |                                                 |
      |                                                 autopas::MoleculeLJ<double>*
/mnt/c/Users/laura/Documents/BA_SH/AutoPasJulia/AutoPas/src/autopas/containers/verletListsCellBased/verletListsCells/neighborLists/VLCAllCellsGeneratorFunctor.h:107:44: error: no matching function for call to ‘push_back(autopas::MoleculeLJ<double>*&)’
  107 |             currentList[j].second.push_back(ptrptr[i]);
      |             ~~~~~~~~~~~~~~~~~~~~~~~~~~~~~~~^~~~~~~~~~~
In file included from /usr/include/c++/11/vector:67,
                 from /usr/include/c++/11/functional:62,
                 from /mnt/c/Users/laura/Documents/test_ordner/libcxxwrap-julia/include/jlcxx/jlcxx.hpp:5,
                 from /mnt/c/Users/laura/Documents/BA_SH/AutoPasJulia/AutoPas/examples/md-julia/src/bindings.cpp:1:
/usr/include/c++/11/bits/stl_vector.h:1187:7: note: candidate: ‘void std::vector<_Tp, _Alloc>::push_back(const value_type&) [with _Tp = MoleculeJ<double>*; _Alloc = std::allocator<MoleculeJ<double>*>; std::vector<_Tp, _Alloc>::value_type = MoleculeJ<double>*]’ (near match)
 1187 |       push_back(const value_type& __x)
      |       ^~~~~~~~~
/usr/include/c++/11/bits/stl_vector.h:1187:7: note:   conversion of argument 1 would be ill-formed:
In file included from /mnt/c/Users/laura/Documents/BA_SH/AutoPasJulia/AutoPas/src/autopas/containers/verletListsCellBased/verletListsCells/neighborLists/VLCAllCellsNeighborList.h:14,
                 from /mnt/c/Users/laura/Documents/BA_SH/AutoPasJulia/AutoPas/src/autopas/containers/verletListsCellBased/verletListsCells/traversals/VLCTraversalInterface.h:13,
                 from /mnt/c/Users/laura/Documents/BA_SH/AutoPasJulia/AutoPas/src/autopas/containers/verletListsCellBased/verletListsCells/VerletListsCells.h:16,
                 from /mnt/c/Users/laura/Documents/BA_SH/AutoPasJulia/AutoPas/src/autopas/utils/StaticContainerSelector.h:18,
                 from /mnt/c/Users/laura/Documents/BA_SH/AutoPasJulia/AutoPas/src/autopas/AutoPasDecl.h:26,
                 from /mnt/c/Users/laura/Documents/BA_SH/AutoPasJulia/AutoPas/src/autopas/AutoPas.h:9,
                 from /mnt/c/Users/laura/Documents/BA_SH/AutoPasJulia/AutoPas/examples/md-julia/src/bindings.cpp:8:
/mnt/c/Users/laura/Documents/BA_SH/AutoPasJulia/AutoPas/src/autopas/containers/verletListsCellBased/verletListsCells/neighborLists/VLCAllCellsGeneratorFunctor.h:107:51: error: invalid conversion from ‘autopas::MoleculeLJ<double>*’ to ‘std::vector<MoleculeJ<double>*, std::allocator<MoleculeJ<double>*> >::value_type’ {aka ‘MoleculeJ<double>*’} [-fpermissive]
  107 |             currentList[j].second.push_back(ptrptr[i]);
      |                                             ~~~~~~^
      |                                                   |
      |                                                   autopas::MoleculeLJ<double>*
In file included from /usr/include/c++/11/vector:67,
                 from /usr/include/c++/11/functional:62,
                 from /mnt/c/Users/laura/Documents/test_ordner/libcxxwrap-julia/include/jlcxx/jlcxx.hpp:5,
                 from /mnt/c/Users/laura/Documents/BA_SH/AutoPasJulia/AutoPas/examples/md-julia/src/bindings.cpp:1:
/usr/include/c++/11/bits/stl_vector.h:1203:7: note: candidate: ‘void std::vector<_Tp, _Alloc>::push_back(std::vector<_Tp, _Alloc>::value_type&&) [with _Tp = MoleculeJ<double>*; _Alloc = std::allocator<MoleculeJ<double>*>; std::vector<_Tp, _Alloc>::value_type = MoleculeJ<double>*]’ (near match)
 1203 |       push_back(value_type&& __x)
      |       ^~~~~~~~~
/usr/include/c++/11/bits/stl_vector.h:1203:7: note:   conversion of argument 1 would be ill-formed:
In file included from /mnt/c/Users/laura/Documents/BA_SH/AutoPasJulia/AutoPas/src/autopas/containers/verletListsCellBased/verletListsCells/neighborLists/VLCAllCellsNeighborList.h:14,
                 from /mnt/c/Users/laura/Documents/BA_SH/AutoPasJulia/AutoPas/src/autopas/containers/verletListsCellBased/verletListsCells/traversals/VLCTraversalInterface.h:13,
                 from /mnt/c/Users/laura/Documents/BA_SH/AutoPasJulia/AutoPas/src/autopas/containers/verletListsCellBased/verletListsCells/VerletListsCells.h:16,
                 from /mnt/c/Users/laura/Documents/BA_SH/AutoPasJulia/AutoPas/src/autopas/utils/StaticContainerSelector.h:18,
                 from /mnt/c/Users/laura/Documents/BA_SH/AutoPasJulia/AutoPas/src/autopas/AutoPasDecl.h:26,
                 from /mnt/c/Users/laura/Documents/BA_SH/AutoPasJulia/AutoPas/src/autopas/AutoPas.h:9,
                 from /mnt/c/Users/laura/Documents/BA_SH/AutoPasJulia/AutoPas/examples/md-julia/src/bindings.cpp:8:
/mnt/c/Users/laura/Documents/BA_SH/AutoPasJulia/AutoPas/src/autopas/containers/verletListsCellBased/verletListsCells/neighborLists/VLCAllCellsGeneratorFunctor.h:107:51: error: invalid conversion from ‘autopas::MoleculeLJ<double>*’ to ‘std::vector<MoleculeJ<double>*, std::allocator<MoleculeJ<double>*> >::value_type’ {aka ‘MoleculeJ<double>*’} [-fpermissive]
  107 |             currentList[j].second.push_back(ptrptr[i]);
      |                                             ~~~~~~^
      |                                                   |
      |                                                   autopas::MoleculeLJ<double>*
/mnt/c/Users/laura/Documents/BA_SH/AutoPasJulia/AutoPas/src/autopas/containers/verletListsCellBased/verletListsCells/neighborLists/VLCAllCellsGeneratorFunctor.h: In instantiation of ‘void autopas::VLCAllCellsGeneratorFunctor<Particle>::SoAFunctorPair(autopas::SoAView<typename Particle::SoAArraysType>, autopas::SoAView<typename Particle::SoAArraysType>, bool) [with Particle = MoleculeJ<double>; typename Particle::SoAArraysType = std::tuple<std::vector<autopas::MoleculeLJ<double>*, autopas::AlignedAllocator<autopas::MoleculeLJ<double>*, 64> >, std::vector<long unsigned int, autopas::AlignedAllocator<long unsigned int, 64> >, std::vector<double, autopas::AlignedAllocator<double, 64> >, std::vector<double, autopas::AlignedAllocator<double, 64> >, std::vector<double, autopas::AlignedAllocator<double, 64> >, std::vector<double, autopas::AlignedAllocator<double, 64> >, std::vector<double, autopas::AlignedAllocator<double, 64> >, std::vector<double, autopas::AlignedAllocator<double, 64> >, std::vector<double, autopas::AlignedAllocator<double, 64> >, std::vector<double, autopas::AlignedAllocator<double, 64> >, std::vector<double, autopas::AlignedAllocator<double, 64> >, std::vector<double, autopas::AlignedAllocator<double, 64> >, std::vector<double, autopas::AlignedAllocator<double, 64> >, std::vector<double, autopas::AlignedAllocator<double, 64> >, std::vector<long unsigned int, autopas::AlignedAllocator<long unsigned int, 64> >, std::vector<autopas::OwnershipState, autopas::AlignedAllocator<autopas::OwnershipState, 64> > >]’:
/mnt/c/Users/laura/Documents/BA_SH/AutoPasJulia/AutoPas/src/autopas/containers/verletListsCellBased/verletListsCells/neighborLists/VLCAllCellsGeneratorFunctor.h:124:8:   required from here
/mnt/c/Users/laura/Documents/BA_SH/AutoPasJulia/AutoPas/src/autopas/containers/verletListsCellBased/verletListsCells/neighborLists/VLCAllCellsGeneratorFunctor.h:138:49: error: invalid conversion from ‘autopas::MoleculeLJ<double>*’ to ‘std::unordered_map<MoleculeJ<double>*, std::pair<long unsigned int, long unsigned int>, std::hash<MoleculeJ<double>*>, std::equal_to<MoleculeJ<double>*>, std::allocator<std::pair<MoleculeJ<double>* const, std::pair<long unsigned int, long unsigned int> > > >::key_type’ {aka ‘MoleculeJ<double>*’} [-fpermissive]
  138 |     size_t cell1 = _particleToCellMap.at(ptr1ptr[0]).first;
      |                                          ~~~~~~~^
      |                                                 |
      |                                                 autopas::MoleculeLJ<double>*
In file included from /usr/include/c++/11/unordered_map:47,
                 from /usr/include/c++/11/functional:61,
                 from /mnt/c/Users/laura/Documents/test_ordner/libcxxwrap-julia/include/jlcxx/jlcxx.hpp:5,
                 from /mnt/c/Users/laura/Documents/BA_SH/AutoPasJulia/AutoPas/examples/md-julia/src/bindings.cpp:1:
/usr/include/c++/11/bits/unordered_map.h:996:26: note:   initializing argument 1 of ‘std::unordered_map<_Key, _Tp, _Hash, _Pred, _Alloc>::mapped_type& std::unordered_map<_Key, _Tp, _Hash, _Pred, _Alloc>::at(const key_type&) [with _Key = MoleculeJ<double>*; _Tp = std::pair<long unsigned int, long unsigned int>; _Hash = std::hash<MoleculeJ<double>*>; _Pred = std::equal_to<MoleculeJ<double>*>; _Alloc = std::allocator<std::pair<MoleculeJ<double>* const, std::pair<long unsigned int, long unsigned int> > >; std::unordered_map<_Key, _Tp, _Hash, _Pred, _Alloc>::mapped_type = std::pair<long unsigned int, long unsigned int>; std::unordered_map<_Key, _Tp, _Hash, _Pred, _Alloc>::key_type = MoleculeJ<double>*]’
  996 |       at(const key_type& __k)
      |          ~~~~~~~~~~~~~~~~^~~
In file included from /mnt/c/Users/laura/Documents/BA_SH/AutoPasJulia/AutoPas/src/autopas/containers/verletListsCellBased/verletListsCells/neighborLists/VLCAllCellsNeighborList.h:14,
                 from /mnt/c/Users/laura/Documents/BA_SH/AutoPasJulia/AutoPas/src/autopas/containers/verletListsCellBased/verletListsCells/traversals/VLCTraversalInterface.h:13,
                 from /mnt/c/Users/laura/Documents/BA_SH/AutoPasJulia/AutoPas/src/autopas/containers/verletListsCellBased/verletListsCells/VerletListsCells.h:16,
                 from /mnt/c/Users/laura/Documents/BA_SH/AutoPasJulia/AutoPas/src/autopas/utils/StaticContainerSelector.h:18,
                 from /mnt/c/Users/laura/Documents/BA_SH/AutoPasJulia/AutoPas/src/autopas/AutoPasDecl.h:26,
                 from /mnt/c/Users/laura/Documents/BA_SH/AutoPasJulia/AutoPas/src/autopas/AutoPas.h:9,
                 from /mnt/c/Users/laura/Documents/BA_SH/AutoPasJulia/AutoPas/examples/md-julia/src/bindings.cpp:8:
/mnt/c/Users/laura/Documents/BA_SH/AutoPasJulia/AutoPas/src/autopas/containers/verletListsCellBased/verletListsCells/neighborLists/VLCAllCellsGeneratorFunctor.h:160:42: error: no matching function for call to ‘push_back(autopas::MoleculeLJ<double>*&)’
  160 |           currentList[i].second.push_back(ptr2ptr[j]);
      |           ~~~~~~~~~~~~~~~~~~~~~~~~~~~~~~~^~~~~~~~~~~~
In file included from /usr/include/c++/11/vector:67,
                 from /usr/include/c++/11/functional:62,
                 from /mnt/c/Users/laura/Documents/test_ordner/libcxxwrap-julia/include/jlcxx/jlcxx.hpp:5,
                 from /mnt/c/Users/laura/Documents/BA_SH/AutoPasJulia/AutoPas/examples/md-julia/src/bindings.cpp:1:
/usr/include/c++/11/bits/stl_vector.h:1187:7: note: candidate: ‘void std::vector<_Tp, _Alloc>::push_back(const value_type&) [with _Tp = MoleculeJ<double>*; _Alloc = std::allocator<MoleculeJ<double>*>; std::vector<_Tp, _Alloc>::value_type = MoleculeJ<double>*]’ (near match)
 1187 |       push_back(const value_type& __x)
      |       ^~~~~~~~~
/usr/include/c++/11/bits/stl_vector.h:1187:7: note:   conversion of argument 1 would be ill-formed:
In file included from /mnt/c/Users/laura/Documents/BA_SH/AutoPasJulia/AutoPas/src/autopas/containers/verletListsCellBased/verletListsCells/neighborLists/VLCAllCellsNeighborList.h:14,
                 from /mnt/c/Users/laura/Documents/BA_SH/AutoPasJulia/AutoPas/src/autopas/containers/verletListsCellBased/verletListsCells/traversals/VLCTraversalInterface.h:13,
                 from /mnt/c/Users/laura/Documents/BA_SH/AutoPasJulia/AutoPas/src/autopas/containers/verletListsCellBased/verletListsCells/VerletListsCells.h:16,
                 from /mnt/c/Users/laura/Documents/BA_SH/AutoPasJulia/AutoPas/src/autopas/utils/StaticContainerSelector.h:18,
                 from /mnt/c/Users/laura/Documents/BA_SH/AutoPasJulia/AutoPas/src/autopas/AutoPasDecl.h:26,
                 from /mnt/c/Users/laura/Documents/BA_SH/AutoPasJulia/AutoPas/src/autopas/AutoPas.h:9,
                 from /mnt/c/Users/laura/Documents/BA_SH/AutoPasJulia/AutoPas/examples/md-julia/src/bindings.cpp:8:
/mnt/c/Users/laura/Documents/BA_SH/AutoPasJulia/AutoPas/src/autopas/containers/verletListsCellBased/verletListsCells/neighborLists/VLCAllCellsGeneratorFunctor.h:160:50: error: invalid conversion from ‘autopas::MoleculeLJ<double>*’ to ‘std::vector<MoleculeJ<double>*, std::allocator<MoleculeJ<double>*> >::value_type’ {aka ‘MoleculeJ<double>*’} [-fpermissive]
  160 |           currentList[i].second.push_back(ptr2ptr[j]);
      |                                           ~~~~~~~^
      |                                                  |
      |                                                  autopas::MoleculeLJ<double>*
In file included from /usr/include/c++/11/vector:67,
                 from /usr/include/c++/11/functional:62,
                 from /mnt/c/Users/laura/Documents/test_ordner/libcxxwrap-julia/include/jlcxx/jlcxx.hpp:5,
                 from /mnt/c/Users/laura/Documents/BA_SH/AutoPasJulia/AutoPas/examples/md-julia/src/bindings.cpp:1:
/usr/include/c++/11/bits/stl_vector.h:1203:7: note: candidate: ‘void std::vector<_Tp, _Alloc>::push_back(std::vector<_Tp, _Alloc>::value_type&&) [with _Tp = MoleculeJ<double>*; _Alloc = std::allocator<MoleculeJ<double>*>; std::vector<_Tp, _Alloc>::value_type = MoleculeJ<double>*]’ (near match)
 1203 |       push_back(value_type&& __x)
      |       ^~~~~~~~~
/usr/include/c++/11/bits/stl_vector.h:1203:7: note:   conversion of argument 1 would be ill-formed:
In file included from /mnt/c/Users/laura/Documents/BA_SH/AutoPasJulia/AutoPas/src/autopas/containers/verletListsCellBased/verletListsCells/neighborLists/VLCAllCellsNeighborList.h:14,
                 from /mnt/c/Users/laura/Documents/BA_SH/AutoPasJulia/AutoPas/src/autopas/containers/verletListsCellBased/verletListsCells/traversals/VLCTraversalInterface.h:13,
                 from /mnt/c/Users/laura/Documents/BA_SH/AutoPasJulia/AutoPas/src/autopas/containers/verletListsCellBased/verletListsCells/VerletListsCells.h:16,
                 from /mnt/c/Users/laura/Documents/BA_SH/AutoPasJulia/AutoPas/src/autopas/utils/StaticContainerSelector.h:18,
                 from /mnt/c/Users/laura/Documents/BA_SH/AutoPasJulia/AutoPas/src/autopas/AutoPasDecl.h:26,
                 from /mnt/c/Users/laura/Documents/BA_SH/AutoPasJulia/AutoPas/src/autopas/AutoPas.h:9,
                 from /mnt/c/Users/laura/Documents/BA_SH/AutoPasJulia/AutoPas/examples/md-julia/src/bindings.cpp:8:
/mnt/c/Users/laura/Documents/BA_SH/AutoPasJulia/AutoPas/src/autopas/containers/verletListsCellBased/verletListsCells/neighborLists/VLCAllCellsGeneratorFunctor.h:160:50: error: invalid conversion from ‘autopas::MoleculeLJ<double>*’ to ‘std::vector<MoleculeJ<double>*, std::allocator<MoleculeJ<double>*> >::value_type’ {aka ‘MoleculeJ<double>*’} [-fpermissive]
  160 |           currentList[i].second.push_back(ptr2ptr[j]);
      |                                           ~~~~~~~^
      |                                                  |
      |                                                  autopas::MoleculeLJ<double>*
In file included from /mnt/c/Users/laura/Documents/BA_SH/AutoPasJulia/AutoPas/src/autopas/containers/verletListsCellBased/verletListsCells/neighborLists/VLCCellPairNeighborList.h:8,
                 from /mnt/c/Users/laura/Documents/BA_SH/AutoPasJulia/AutoPas/src/autopas/containers/verletListsCellBased/verletListsCells/traversals/VLCTraversalInterface.h:14,
                 from /mnt/c/Users/laura/Documents/BA_SH/AutoPasJulia/AutoPas/src/autopas/containers/verletListsCellBased/verletListsCells/VerletListsCells.h:16,
                 from /mnt/c/Users/laura/Documents/BA_SH/AutoPasJulia/AutoPas/src/autopas/utils/StaticContainerSelector.h:18,
                 from /mnt/c/Users/laura/Documents/BA_SH/AutoPasJulia/AutoPas/src/autopas/AutoPasDecl.h:26,
                 from /mnt/c/Users/laura/Documents/BA_SH/AutoPasJulia/AutoPas/src/autopas/AutoPas.h:9,
                 from /mnt/c/Users/laura/Documents/BA_SH/AutoPasJulia/AutoPas/examples/md-julia/src/bindings.cpp:8:
/mnt/c/Users/laura/Documents/BA_SH/AutoPasJulia/AutoPas/src/autopas/containers/verletListsCellBased/verletListsCells/neighborLists/VLCCellPairGeneratorFunctor.h: In instantiation of ‘void autopas::VLCCellPairGeneratorFunctor<Particle>::SoAFunctorSingle(autopas::SoAView<typename Particle::SoAArraysType>, bool) [with Particle = MoleculeJ<double>; typename Particle::SoAArraysType = std::tuple<std::vector<autopas::MoleculeLJ<double>*, autopas::AlignedAllocator<autopas::MoleculeLJ<double>*, 64> >, std::vector<long unsigned int, autopas::AlignedAllocator<long unsigned int, 64> >, std::vector<double, autopas::AlignedAllocator<double, 64> >, std::vector<double, autopas::AlignedAllocator<double, 64> >, std::vector<double, autopas::AlignedAllocator<double, 64> >, std::vector<double, autopas::AlignedAllocator<double, 64> >, std::vector<double, autopas::AlignedAllocator<double, 64> >, std::vector<double, autopas::AlignedAllocator<double, 64> >, std::vector<double, autopas::AlignedAllocator<double, 64> >, std::vector<double, autopas::AlignedAllocator<double, 64> >, std::vector<double, autopas::AlignedAllocator<double, 64> >, std::vector<double, autopas::AlignedAllocator<double, 64> >, std::vector<double, autopas::AlignedAllocator<double, 64> >, std::vector<double, autopas::AlignedAllocator<double, 64> >, std::vector<long unsigned int, autopas::AlignedAllocator<long unsigned int, 64> >, std::vector<autopas::OwnershipState, autopas::AlignedAllocator<autopas::OwnershipState, 64> > >]’:
/mnt/c/Users/laura/Documents/BA_SH/AutoPasJulia/AutoPas/src/autopas/containers/verletListsCellBased/verletListsCells/neighborLists/VLCCellPairGeneratorFunctor.h:87:8:   required from here
/mnt/c/Users/laura/Documents/BA_SH/AutoPasJulia/AutoPas/src/autopas/containers/verletListsCellBased/verletListsCells/neighborLists/VLCCellPairGeneratorFunctor.h:96:45: error: invalid conversion from ‘autopas::MoleculeLJ<double>*’ to ‘std::unordered_map<MoleculeJ<double>*, std::pair<long unsigned int, long unsigned int>, std::hash<MoleculeJ<double>*>, std::equal_to<MoleculeJ<double>*>, std::allocator<std::pair<MoleculeJ<double>* const, std::pair<long unsigned int, long unsigned int> > > >::key_type’ {aka ‘MoleculeJ<double>*’} [-fpermissive]
   96 |     auto cell = _particleToCellMap.at(ptrptr[0]).first;
      |                                       ~~~~~~^
      |                                             |
      |                                             autopas::MoleculeLJ<double>*
In file included from /usr/include/c++/11/unordered_map:47,
                 from /usr/include/c++/11/functional:61,
                 from /mnt/c/Users/laura/Documents/test_ordner/libcxxwrap-julia/include/jlcxx/jlcxx.hpp:5,
                 from /mnt/c/Users/laura/Documents/BA_SH/AutoPasJulia/AutoPas/examples/md-julia/src/bindings.cpp:1:
/usr/include/c++/11/bits/unordered_map.h:996:26: note:   initializing argument 1 of ‘std::unordered_map<_Key, _Tp, _Hash, _Pred, _Alloc>::mapped_type& std::unordered_map<_Key, _Tp, _Hash, _Pred, _Alloc>::at(const key_type&) [with _Key = MoleculeJ<double>*; _Tp = std::pair<long unsigned int, long unsigned int>; _Hash = std::hash<MoleculeJ<double>*>; _Pred = std::equal_to<MoleculeJ<double>*>; _Alloc = std::allocator<std::pair<MoleculeJ<double>* const, std::pair<long unsigned int, long unsigned int> > >; std::unordered_map<_Key, _Tp, _Hash, _Pred, _Alloc>::mapped_type = std::pair<long unsigned int, long unsigned int>; std::unordered_map<_Key, _Tp, _Hash, _Pred, _Alloc>::key_type = MoleculeJ<double>*]’
  996 |       at(const key_type& __k)
      |          ~~~~~~~~~~~~~~~~^~~
In file included from /mnt/c/Users/laura/Documents/BA_SH/AutoPasJulia/AutoPas/src/autopas/containers/verletListsCellBased/verletListsCells/neighborLists/VLCCellPairNeighborList.h:8,
                 from /mnt/c/Users/laura/Documents/BA_SH/AutoPasJulia/AutoPas/src/autopas/containers/verletListsCellBased/verletListsCells/traversals/VLCTraversalInterface.h:14,
                 from /mnt/c/Users/laura/Documents/BA_SH/AutoPasJulia/AutoPas/src/autopas/containers/verletListsCellBased/verletListsCells/VerletListsCells.h:16,
                 from /mnt/c/Users/laura/Documents/BA_SH/AutoPasJulia/AutoPas/src/autopas/utils/StaticContainerSelector.h:18,
                 from /mnt/c/Users/laura/Documents/BA_SH/AutoPasJulia/AutoPas/src/autopas/AutoPasDecl.h:26,
                 from /mnt/c/Users/laura/Documents/BA_SH/AutoPasJulia/AutoPas/src/autopas/AutoPas.h:9,
                 from /mnt/c/Users/laura/Documents/BA_SH/AutoPasJulia/AutoPas/examples/md-julia/src/bindings.cpp:8:
/mnt/c/Users/laura/Documents/BA_SH/AutoPasJulia/AutoPas/src/autopas/containers/verletListsCellBased/verletListsCells/neighborLists/VLCCellPairGeneratorFunctor.h:123:42: error: no matching function for call to ‘push_back(autopas::MoleculeLJ<double>*&)’
  123 |           currentList[i].second.push_back(ptrptr[j]);
      |           ~~~~~~~~~~~~~~~~~~~~~~~~~~~~~~~^~~~~~~~~~~
In file included from /usr/include/c++/11/vector:67,
                 from /usr/include/c++/11/functional:62,
                 from /mnt/c/Users/laura/Documents/test_ordner/libcxxwrap-julia/include/jlcxx/jlcxx.hpp:5,
                 from /mnt/c/Users/laura/Documents/BA_SH/AutoPasJulia/AutoPas/examples/md-julia/src/bindings.cpp:1:
/usr/include/c++/11/bits/stl_vector.h:1187:7: note: candidate: ‘void std::vector<_Tp, _Alloc>::push_back(const value_type&) [with _Tp = MoleculeJ<double>*; _Alloc = std::allocator<MoleculeJ<double>*>; std::vector<_Tp, _Alloc>::value_type = MoleculeJ<double>*]’ (near match)
 1187 |       push_back(const value_type& __x)
      |       ^~~~~~~~~
/usr/include/c++/11/bits/stl_vector.h:1187:7: note:   conversion of argument 1 would be ill-formed:
In file included from /mnt/c/Users/laura/Documents/BA_SH/AutoPasJulia/AutoPas/src/autopas/containers/verletListsCellBased/verletListsCells/neighborLists/VLCCellPairNeighborList.h:8,
                 from /mnt/c/Users/laura/Documents/BA_SH/AutoPasJulia/AutoPas/src/autopas/containers/verletListsCellBased/verletListsCells/traversals/VLCTraversalInterface.h:14,
                 from /mnt/c/Users/laura/Documents/BA_SH/AutoPasJulia/AutoPas/src/autopas/containers/verletListsCellBased/verletListsCells/VerletListsCells.h:16,
                 from /mnt/c/Users/laura/Documents/BA_SH/AutoPasJulia/AutoPas/src/autopas/utils/StaticContainerSelector.h:18,
                 from /mnt/c/Users/laura/Documents/BA_SH/AutoPasJulia/AutoPas/src/autopas/AutoPasDecl.h:26,
                 from /mnt/c/Users/laura/Documents/BA_SH/AutoPasJulia/AutoPas/src/autopas/AutoPas.h:9,
                 from /mnt/c/Users/laura/Documents/BA_SH/AutoPasJulia/AutoPas/examples/md-julia/src/bindings.cpp:8:
/mnt/c/Users/laura/Documents/BA_SH/AutoPasJulia/AutoPas/src/autopas/containers/verletListsCellBased/verletListsCells/neighborLists/VLCCellPairGeneratorFunctor.h:123:49: error: invalid conversion from ‘autopas::MoleculeLJ<double>*’ to ‘std::vector<MoleculeJ<double>*, std::allocator<MoleculeJ<double>*> >::value_type’ {aka ‘MoleculeJ<double>*’} [-fpermissive]
  123 |           currentList[i].second.push_back(ptrptr[j]);
      |                                           ~~~~~~^
      |                                                 |
      |                                                 autopas::MoleculeLJ<double>*
In file included from /usr/include/c++/11/vector:67,
                 from /usr/include/c++/11/functional:62,
                 from /mnt/c/Users/laura/Documents/test_ordner/libcxxwrap-julia/include/jlcxx/jlcxx.hpp:5,
                 from /mnt/c/Users/laura/Documents/BA_SH/AutoPasJulia/AutoPas/examples/md-julia/src/bindings.cpp:1:
/usr/include/c++/11/bits/stl_vector.h:1203:7: note: candidate: ‘void std::vector<_Tp, _Alloc>::push_back(std::vector<_Tp, _Alloc>::value_type&&) [with _Tp = MoleculeJ<double>*; _Alloc = std::allocator<MoleculeJ<double>*>; std::vector<_Tp, _Alloc>::value_type = MoleculeJ<double>*]’ (near match)
 1203 |       push_back(value_type&& __x)
      |       ^~~~~~~~~
/usr/include/c++/11/bits/stl_vector.h:1203:7: note:   conversion of argument 1 would be ill-formed:
In file included from /mnt/c/Users/laura/Documents/BA_SH/AutoPasJulia/AutoPas/src/autopas/containers/verletListsCellBased/verletListsCells/neighborLists/VLCCellPairNeighborList.h:8,
                 from /mnt/c/Users/laura/Documents/BA_SH/AutoPasJulia/AutoPas/src/autopas/containers/verletListsCellBased/verletListsCells/traversals/VLCTraversalInterface.h:14,
                 from /mnt/c/Users/laura/Documents/BA_SH/AutoPasJulia/AutoPas/src/autopas/containers/verletListsCellBased/verletListsCells/VerletListsCells.h:16,
                 from /mnt/c/Users/laura/Documents/BA_SH/AutoPasJulia/AutoPas/src/autopas/utils/StaticContainerSelector.h:18,
                 from /mnt/c/Users/laura/Documents/BA_SH/AutoPasJulia/AutoPas/src/autopas/AutoPasDecl.h:26,
                 from /mnt/c/Users/laura/Documents/BA_SH/AutoPasJulia/AutoPas/src/autopas/AutoPas.h:9,
                 from /mnt/c/Users/laura/Documents/BA_SH/AutoPasJulia/AutoPas/examples/md-julia/src/bindings.cpp:8:
/mnt/c/Users/laura/Documents/BA_SH/AutoPasJulia/AutoPas/src/autopas/containers/verletListsCellBased/verletListsCells/neighborLists/VLCCellPairGeneratorFunctor.h:123:49: error: invalid conversion from ‘autopas::MoleculeLJ<double>*’ to ‘std::vector<MoleculeJ<double>*, std::allocator<MoleculeJ<double>*> >::value_type’ {aka ‘MoleculeJ<double>*’} [-fpermissive]
  123 |           currentList[i].second.push_back(ptrptr[j]);
      |                                           ~~~~~~^
      |                                                 |
      |                                                 autopas::MoleculeLJ<double>*
/mnt/c/Users/laura/Documents/BA_SH/AutoPasJulia/AutoPas/src/autopas/containers/verletListsCellBased/verletListsCells/neighborLists/VLCCellPairGeneratorFunctor.h:126:44: error: no matching function for call to ‘push_back(autopas::MoleculeLJ<double>*&)’
  126 |             currentList[j].second.push_back(ptrptr[i]);
      |             ~~~~~~~~~~~~~~~~~~~~~~~~~~~~~~~^~~~~~~~~~~
In file included from /usr/include/c++/11/vector:67,
                 from /usr/include/c++/11/functional:62,
                 from /mnt/c/Users/laura/Documents/test_ordner/libcxxwrap-julia/include/jlcxx/jlcxx.hpp:5,
                 from /mnt/c/Users/laura/Documents/BA_SH/AutoPasJulia/AutoPas/examples/md-julia/src/bindings.cpp:1:
/usr/include/c++/11/bits/stl_vector.h:1187:7: note: candidate: ‘void std::vector<_Tp, _Alloc>::push_back(const value_type&) [with _Tp = MoleculeJ<double>*; _Alloc = std::allocator<MoleculeJ<double>*>; std::vector<_Tp, _Alloc>::value_type = MoleculeJ<double>*]’ (near match)
 1187 |       push_back(const value_type& __x)
      |       ^~~~~~~~~
/usr/include/c++/11/bits/stl_vector.h:1187:7: note:   conversion of argument 1 would be ill-formed:
In file included from /mnt/c/Users/laura/Documents/BA_SH/AutoPasJulia/AutoPas/src/autopas/containers/verletListsCellBased/verletListsCells/neighborLists/VLCCellPairNeighborList.h:8,
                 from /mnt/c/Users/laura/Documents/BA_SH/AutoPasJulia/AutoPas/src/autopas/containers/verletListsCellBased/verletListsCells/traversals/VLCTraversalInterface.h:14,
                 from /mnt/c/Users/laura/Documents/BA_SH/AutoPasJulia/AutoPas/src/autopas/containers/verletListsCellBased/verletListsCells/VerletListsCells.h:16,
                 from /mnt/c/Users/laura/Documents/BA_SH/AutoPasJulia/AutoPas/src/autopas/utils/StaticContainerSelector.h:18,
                 from /mnt/c/Users/laura/Documents/BA_SH/AutoPasJulia/AutoPas/src/autopas/AutoPasDecl.h:26,
                 from /mnt/c/Users/laura/Documents/BA_SH/AutoPasJulia/AutoPas/src/autopas/AutoPas.h:9,
                 from /mnt/c/Users/laura/Documents/BA_SH/AutoPasJulia/AutoPas/examples/md-julia/src/bindings.cpp:8:
/mnt/c/Users/laura/Documents/BA_SH/AutoPasJulia/AutoPas/src/autopas/containers/verletListsCellBased/verletListsCells/neighborLists/VLCCellPairGeneratorFunctor.h:126:51: error: invalid conversion from ‘autopas::MoleculeLJ<double>*’ to ‘std::vector<MoleculeJ<double>*, std::allocator<MoleculeJ<double>*> >::value_type’ {aka ‘MoleculeJ<double>*’} [-fpermissive]
  126 |             currentList[j].second.push_back(ptrptr[i]);
      |                                             ~~~~~~^
      |                                                   |
      |                                                   autopas::MoleculeLJ<double>*
In file included from /usr/include/c++/11/vector:67,
                 from /usr/include/c++/11/functional:62,
                 from /mnt/c/Users/laura/Documents/test_ordner/libcxxwrap-julia/include/jlcxx/jlcxx.hpp:5,
                 from /mnt/c/Users/laura/Documents/BA_SH/AutoPasJulia/AutoPas/examples/md-julia/src/bindings.cpp:1:
/usr/include/c++/11/bits/stl_vector.h:1203:7: note: candidate: ‘void std::vector<_Tp, _Alloc>::push_back(std::vector<_Tp, _Alloc>::value_type&&) [with _Tp = MoleculeJ<double>*; _Alloc = std::allocator<MoleculeJ<double>*>; std::vector<_Tp, _Alloc>::value_type = MoleculeJ<double>*]’ (near match)
 1203 |       push_back(value_type&& __x)
      |       ^~~~~~~~~
/usr/include/c++/11/bits/stl_vector.h:1203:7: note:   conversion of argument 1 would be ill-formed:
In file included from /mnt/c/Users/laura/Documents/BA_SH/AutoPasJulia/AutoPas/src/autopas/containers/verletListsCellBased/verletListsCells/neighborLists/VLCCellPairNeighborList.h:8,
                 from /mnt/c/Users/laura/Documents/BA_SH/AutoPasJulia/AutoPas/src/autopas/containers/verletListsCellBased/verletListsCells/traversals/VLCTraversalInterface.h:14,
                 from /mnt/c/Users/laura/Documents/BA_SH/AutoPasJulia/AutoPas/src/autopas/containers/verletListsCellBased/verletListsCells/VerletListsCells.h:16,
                 from /mnt/c/Users/laura/Documents/BA_SH/AutoPasJulia/AutoPas/src/autopas/utils/StaticContainerSelector.h:18,
                 from /mnt/c/Users/laura/Documents/BA_SH/AutoPasJulia/AutoPas/src/autopas/AutoPasDecl.h:26,
                 from /mnt/c/Users/laura/Documents/BA_SH/AutoPasJulia/AutoPas/src/autopas/AutoPas.h:9,
                 from /mnt/c/Users/laura/Documents/BA_SH/AutoPasJulia/AutoPas/examples/md-julia/src/bindings.cpp:8:
/mnt/c/Users/laura/Documents/BA_SH/AutoPasJulia/AutoPas/src/autopas/containers/verletListsCellBased/verletListsCells/neighborLists/VLCCellPairGeneratorFunctor.h:126:51: error: invalid conversion from ‘autopas::MoleculeLJ<double>*’ to ‘std::vector<MoleculeJ<double>*, std::allocator<MoleculeJ<double>*> >::value_type’ {aka ‘MoleculeJ<double>*’} [-fpermissive]
  126 |             currentList[j].second.push_back(ptrptr[i]);
      |                                             ~~~~~~^
      |                                                   |
      |                                                   autopas::MoleculeLJ<double>*
/mnt/c/Users/laura/Documents/BA_SH/AutoPasJulia/AutoPas/src/autopas/containers/verletListsCellBased/verletListsCells/neighborLists/VLCCellPairGeneratorFunctor.h: In instantiation of ‘void autopas::VLCCellPairGeneratorFunctor<Particle>::SoAFunctorPair(autopas::SoAView<typename Particle::SoAArraysType>, autopas::SoAView<typename Particle::SoAArraysType>, bool) [with Particle = MoleculeJ<double>; typename Particle::SoAArraysType = std::tuple<std::vector<autopas::MoleculeLJ<double>*, autopas::AlignedAllocator<autopas::MoleculeLJ<double>*, 64> >, std::vector<long unsigned int, autopas::AlignedAllocator<long unsigned int, 64> >, std::vector<double, autopas::AlignedAllocator<double, 64> >, std::vector<double, autopas::AlignedAllocator<double, 64> >, std::vector<double, autopas::AlignedAllocator<double, 64> >, std::vector<double, autopas::AlignedAllocator<double, 64> >, std::vector<double, autopas::AlignedAllocator<double, 64> >, std::vector<double, autopas::AlignedAllocator<double, 64> >, std::vector<double, autopas::AlignedAllocator<double, 64> >, std::vector<double, autopas::AlignedAllocator<double, 64> >, std::vector<double, autopas::AlignedAllocator<double, 64> >, std::vector<double, autopas::AlignedAllocator<double, 64> >, std::vector<double, autopas::AlignedAllocator<double, 64> >, std::vector<double, autopas::AlignedAllocator<double, 64> >, std::vector<long unsigned int, autopas::AlignedAllocator<long unsigned int, 64> >, std::vector<autopas::OwnershipState, autopas::AlignedAllocator<autopas::OwnershipState, 64> > >]’:
/mnt/c/Users/laura/Documents/BA_SH/AutoPasJulia/AutoPas/src/autopas/containers/verletListsCellBased/verletListsCells/neighborLists/VLCCellPairGeneratorFunctor.h:143:8:   required from here
/mnt/c/Users/laura/Documents/BA_SH/AutoPasJulia/AutoPas/src/autopas/containers/verletListsCellBased/verletListsCells/neighborLists/VLCCellPairGeneratorFunctor.h:157:49: error: invalid conversion from ‘autopas::MoleculeLJ<double>*’ to ‘std::unordered_map<MoleculeJ<double>*, std::pair<long unsigned int, long unsigned int>, std::hash<MoleculeJ<double>*>, std::equal_to<MoleculeJ<double>*>, std::allocator<std::pair<MoleculeJ<double>* const, std::pair<long unsigned int, long unsigned int> > > >::key_type’ {aka ‘MoleculeJ<double>*’} [-fpermissive]
  157 |     size_t cell1 = _particleToCellMap.at(ptr1ptr[0]).first;
      |                                          ~~~~~~~^
      |                                                 |
      |                                                 autopas::MoleculeLJ<double>*
In file included from /usr/include/c++/11/unordered_map:47,
                 from /usr/include/c++/11/functional:61,
                 from /mnt/c/Users/laura/Documents/test_ordner/libcxxwrap-julia/include/jlcxx/jlcxx.hpp:5,
                 from /mnt/c/Users/laura/Documents/BA_SH/AutoPasJulia/AutoPas/examples/md-julia/src/bindings.cpp:1:
/usr/include/c++/11/bits/unordered_map.h:996:26: note:   initializing argument 1 of ‘std::unordered_map<_Key, _Tp, _Hash, _Pred, _Alloc>::mapped_type& std::unordered_map<_Key, _Tp, _Hash, _Pred, _Alloc>::at(const key_type&) [with _Key = MoleculeJ<double>*; _Tp = std::pair<long unsigned int, long unsigned int>; _Hash = std::hash<MoleculeJ<double>*>; _Pred = std::equal_to<MoleculeJ<double>*>; _Alloc = std::allocator<std::pair<MoleculeJ<double>* const, std::pair<long unsigned int, long unsigned int> > >; std::unordered_map<_Key, _Tp, _Hash, _Pred, _Alloc>::mapped_type = std::pair<long unsigned int, long unsigned int>; std::unordered_map<_Key, _Tp, _Hash, _Pred, _Alloc>::key_type = MoleculeJ<double>*]’
  996 |       at(const key_type& __k)
      |          ~~~~~~~~~~~~~~~~^~~
In file included from /mnt/c/Users/laura/Documents/BA_SH/AutoPasJulia/AutoPas/src/autopas/containers/verletListsCellBased/verletListsCells/neighborLists/VLCCellPairNeighborList.h:8,
                 from /mnt/c/Users/laura/Documents/BA_SH/AutoPasJulia/AutoPas/src/autopas/containers/verletListsCellBased/verletListsCells/traversals/VLCTraversalInterface.h:14,
                 from /mnt/c/Users/laura/Documents/BA_SH/AutoPasJulia/AutoPas/src/autopas/containers/verletListsCellBased/verletListsCells/VerletListsCells.h:16,
                 from /mnt/c/Users/laura/Documents/BA_SH/AutoPasJulia/AutoPas/src/autopas/utils/StaticContainerSelector.h:18,
                 from /mnt/c/Users/laura/Documents/BA_SH/AutoPasJulia/AutoPas/src/autopas/AutoPasDecl.h:26,
                 from /mnt/c/Users/laura/Documents/BA_SH/AutoPasJulia/AutoPas/src/autopas/AutoPas.h:9,
                 from /mnt/c/Users/laura/Documents/BA_SH/AutoPasJulia/AutoPas/examples/md-julia/src/bindings.cpp:8:
/mnt/c/Users/laura/Documents/BA_SH/AutoPasJulia/AutoPas/src/autopas/containers/verletListsCellBased/verletListsCells/neighborLists/VLCCellPairGeneratorFunctor.h:158:49: error: invalid conversion from ‘autopas::MoleculeLJ<double>*’ to ‘std::unordered_map<MoleculeJ<double>*, std::pair<long unsigned int, long unsigned int>, std::hash<MoleculeJ<double>*>, std::equal_to<MoleculeJ<double>*>, std::allocator<std::pair<MoleculeJ<double>* const, std::pair<long unsigned int, long unsigned int> > > >::key_type’ {aka ‘MoleculeJ<double>*’} [-fpermissive]
  158 |     size_t cell2 = _particleToCellMap.at(ptr2ptr[0]).first;
      |                                          ~~~~~~~^
      |                                                 |
      |                                                 autopas::MoleculeLJ<double>*
In file included from /usr/include/c++/11/unordered_map:47,
                 from /usr/include/c++/11/functional:61,
                 from /mnt/c/Users/laura/Documents/test_ordner/libcxxwrap-julia/include/jlcxx/jlcxx.hpp:5,
                 from /mnt/c/Users/laura/Documents/BA_SH/AutoPasJulia/AutoPas/examples/md-julia/src/bindings.cpp:1:
/usr/include/c++/11/bits/unordered_map.h:996:26: note:   initializing argument 1 of ‘std::unordered_map<_Key, _Tp, _Hash, _Pred, _Alloc>::mapped_type& std::unordered_map<_Key, _Tp, _Hash, _Pred, _Alloc>::at(const key_type&) [with _Key = MoleculeJ<double>*; _Tp = std::pair<long unsigned int, long unsigned int>; _Hash = std::hash<MoleculeJ<double>*>; _Pred = std::equal_to<MoleculeJ<double>*>; _Alloc = std::allocator<std::pair<MoleculeJ<double>* const, std::pair<long unsigned int, long unsigned int> > >; std::unordered_map<_Key, _Tp, _Hash, _Pred, _Alloc>::mapped_type = std::pair<long unsigned int, long unsigned int>; std::unordered_map<_Key, _Tp, _Hash, _Pred, _Alloc>::key_type = MoleculeJ<double>*]’
  996 |       at(const key_type& __k)
      |          ~~~~~~~~~~~~~~~~^~~
In file included from /mnt/c/Users/laura/Documents/BA_SH/AutoPasJulia/AutoPas/src/autopas/containers/verletListsCellBased/verletListsCells/neighborLists/VLCCellPairNeighborList.h:8,
                 from /mnt/c/Users/laura/Documents/BA_SH/AutoPasJulia/AutoPas/src/autopas/containers/verletListsCellBased/verletListsCells/traversals/VLCTraversalInterface.h:14,
                 from /mnt/c/Users/laura/Documents/BA_SH/AutoPasJulia/AutoPas/src/autopas/containers/verletListsCellBased/verletListsCells/VerletListsCells.h:16,
                 from /mnt/c/Users/laura/Documents/BA_SH/AutoPasJulia/AutoPas/src/autopas/utils/StaticContainerSelector.h:18,
                 from /mnt/c/Users/laura/Documents/BA_SH/AutoPasJulia/AutoPas/src/autopas/AutoPasDecl.h:26,
                 from /mnt/c/Users/laura/Documents/BA_SH/AutoPasJulia/AutoPas/src/autopas/AutoPas.h:9,
                 from /mnt/c/Users/laura/Documents/BA_SH/AutoPasJulia/AutoPas/examples/md-julia/src/bindings.cpp:8:
/mnt/c/Users/laura/Documents/BA_SH/AutoPasJulia/AutoPas/src/autopas/containers/verletListsCellBased/verletListsCells/neighborLists/VLCCellPairGeneratorFunctor.h:186:42: error: no matching function for call to ‘push_back(autopas::MoleculeLJ<double>*&)’
  186 |           currentList[i].second.push_back(ptr2ptr[j]);
      |           ~~~~~~~~~~~~~~~~~~~~~~~~~~~~~~~^~~~~~~~~~~~
In file included from /usr/include/c++/11/vector:67,
                 from /usr/include/c++/11/functional:62,
                 from /mnt/c/Users/laura/Documents/test_ordner/libcxxwrap-julia/include/jlcxx/jlcxx.hpp:5,
                 from /mnt/c/Users/laura/Documents/BA_SH/AutoPasJulia/AutoPas/examples/md-julia/src/bindings.cpp:1:
/usr/include/c++/11/bits/stl_vector.h:1187:7: note: candidate: ‘void std::vector<_Tp, _Alloc>::push_back(const value_type&) [with _Tp = MoleculeJ<double>*; _Alloc = std::allocator<MoleculeJ<double>*>; std::vector<_Tp, _Alloc>::value_type = MoleculeJ<double>*]’ (near match)
 1187 |       push_back(const value_type& __x)
      |       ^~~~~~~~~
/usr/include/c++/11/bits/stl_vector.h:1187:7: note:   conversion of argument 1 would be ill-formed:
In file included from /mnt/c/Users/laura/Documents/BA_SH/AutoPasJulia/AutoPas/src/autopas/containers/verletListsCellBased/verletListsCells/neighborLists/VLCCellPairNeighborList.h:8,
                 from /mnt/c/Users/laura/Documents/BA_SH/AutoPasJulia/AutoPas/src/autopas/containers/verletListsCellBased/verletListsCells/traversals/VLCTraversalInterface.h:14,
                 from /mnt/c/Users/laura/Documents/BA_SH/AutoPasJulia/AutoPas/src/autopas/containers/verletListsCellBased/verletListsCells/VerletListsCells.h:16,
                 from /mnt/c/Users/laura/Documents/BA_SH/AutoPasJulia/AutoPas/src/autopas/utils/StaticContainerSelector.h:18,
                 from /mnt/c/Users/laura/Documents/BA_SH/AutoPasJulia/AutoPas/src/autopas/AutoPasDecl.h:26,
                 from /mnt/c/Users/laura/Documents/BA_SH/AutoPasJulia/AutoPas/src/autopas/AutoPas.h:9,
                 from /mnt/c/Users/laura/Documents/BA_SH/AutoPasJulia/AutoPas/examples/md-julia/src/bindings.cpp:8:
/mnt/c/Users/laura/Documents/BA_SH/AutoPasJulia/AutoPas/src/autopas/containers/verletListsCellBased/verletListsCells/neighborLists/VLCCellPairGeneratorFunctor.h:186:50: error: invalid conversion from ‘autopas::MoleculeLJ<double>*’ to ‘std::vector<MoleculeJ<double>*, std::allocator<MoleculeJ<double>*> >::value_type’ {aka ‘MoleculeJ<double>*’} [-fpermissive]
  186 |           currentList[i].second.push_back(ptr2ptr[j]);
      |                                           ~~~~~~~^
      |                                                  |
      |                                                  autopas::MoleculeLJ<double>*
In file included from /usr/include/c++/11/vector:67,
                 from /usr/include/c++/11/functional:62,
                 from /mnt/c/Users/laura/Documents/test_ordner/libcxxwrap-julia/include/jlcxx/jlcxx.hpp:5,
                 from /mnt/c/Users/laura/Documents/BA_SH/AutoPasJulia/AutoPas/examples/md-julia/src/bindings.cpp:1:
/usr/include/c++/11/bits/stl_vector.h:1203:7: note: candidate: ‘void std::vector<_Tp, _Alloc>::push_back(std::vector<_Tp, _Alloc>::value_type&&) [with _Tp = MoleculeJ<double>*; _Alloc = std::allocator<MoleculeJ<double>*>; std::vector<_Tp, _Alloc>::value_type = MoleculeJ<double>*]’ (near match)
 1203 |       push_back(value_type&& __x)
      |       ^~~~~~~~~
/usr/include/c++/11/bits/stl_vector.h:1203:7: note:   conversion of argument 1 would be ill-formed:
In file included from /mnt/c/Users/laura/Documents/BA_SH/AutoPasJulia/AutoPas/src/autopas/containers/verletListsCellBased/verletListsCells/neighborLists/VLCCellPairNeighborList.h:8,
                 from /mnt/c/Users/laura/Documents/BA_SH/AutoPasJulia/AutoPas/src/autopas/containers/verletListsCellBased/verletListsCells/traversals/VLCTraversalInterface.h:14,
                 from /mnt/c/Users/laura/Documents/BA_SH/AutoPasJulia/AutoPas/src/autopas/containers/verletListsCellBased/verletListsCells/VerletListsCells.h:16,
                 from /mnt/c/Users/laura/Documents/BA_SH/AutoPasJulia/AutoPas/src/autopas/utils/StaticContainerSelector.h:18,
                 from /mnt/c/Users/laura/Documents/BA_SH/AutoPasJulia/AutoPas/src/autopas/AutoPasDecl.h:26,
                 from /mnt/c/Users/laura/Documents/BA_SH/AutoPasJulia/AutoPas/src/autopas/AutoPas.h:9,
                 from /mnt/c/Users/laura/Documents/BA_SH/AutoPasJulia/AutoPas/examples/md-julia/src/bindings.cpp:8:
/mnt/c/Users/laura/Documents/BA_SH/AutoPasJulia/AutoPas/src/autopas/containers/verletListsCellBased/verletListsCells/neighborLists/VLCCellPairGeneratorFunctor.h:186:50: error: invalid conversion from ‘autopas::MoleculeLJ<double>*’ to ‘std::vector<MoleculeJ<double>*, std::allocator<MoleculeJ<double>*> >::value_type’ {aka ‘MoleculeJ<double>*’} [-fpermissive]
  186 |           currentList[i].second.push_back(ptr2ptr[j]);
      |                                           ~~~~~~~^
      |                                                  |
      |                                                  autopas::MoleculeLJ<double>*
make[2]: *** [examples/md-julia/CMakeFiles/julia_bindings.dir/build.make:76: examples/md-julia/CMakeFiles/julia_bindings.dir/src/bindings.cpp.o] Error 1
make[1]: *** [CMakeFiles/Makefile2:422: examples/md-julia/CMakeFiles/julia_bindings.dir/all] Error 2
make: *** [Makefile:101: all] Error 2